
> violetvault@2.0.0-alpha.54 test:run
> vitest run --config vitest.config.ts


[1m[46m RUN [49m[22m [36mv4.0.16 [39m[90m/Users/f4tdaddy/Git/violet-vault[39m

 [31m❯[39m src/hooks/platform/sync/__tests__/useSyncHealthMonitor.test.ts [2m([22m[2m12 tests[22m[2m | [22m[31m2 failed[39m[2m)[22m[32m 75[2mms[22m[39m
     [32m✓[39m should initialize with health data[32m 29[2mms[22m[39m
     [32m✓[39m should provide refreshHealthData function[32m 4[2mms[22m[39m
     [32m✓[39m should refresh health data when refreshHealthData is called[32m 7[2mms[22m[39m
     [32m✓[39m should not auto-refresh when autoRefresh is false[32m 7[2mms[22m[39m
     [32m✓[39m should auto-refresh when autoRefresh is true[32m 6[2mms[22m[39m
     [32m✓[39m should use custom refresh interval[32m 3[2mms[22m[39m
     [32m✓[39m should clear interval on unmount[32m 2[2mms[22m[39m
[31m     [31m×[31m should restart interval when autoRefresh changes[39m[32m 6[2mms[22m[39m
[31m     [31m×[31m should restart interval when interval changes[39m[32m 4[2mms[22m[39m
     [32m✓[39m should handle unhealthy status[32m 4[2mms[22m[39m
     [32m✓[39m should handle empty recent syncs[32m 1[2mms[22m[39m
     [32m✓[39m should handle null health data from monitor[32m 1[2mms[22m[39m
 [31m❯[39m src/hooks/platform/sharing/__tests__/useQRCodeProcessing.test.ts [2m([22m[2m10 tests[22m[2m | [22m[31m3 failed[39m[2m)[22m[32m 71[2mms[22m[39m
     [32m✓[39m should provide QR processing functions[32m 19[2mms[22m[39m
[31m     [31m×[31m should process valid QR data with share code[39m[32m 9[2mms[22m[39m
[31m     [31m×[31m should set creator info when available in QR data[39m[32m 7[2mms[22m[39m
[31m     [31m×[31m should use default color when creator color not provided[39m[32m 8[2mms[22m[39m
     [32m✓[39m should return false for invalid QR data[32m 5[2mms[22m[39m
     [32m✓[39m should return false when QR data missing share code[32m 1[2mms[22m[39m
     [32m✓[39m should not set creator info when not provided[32m 5[2mms[22m[39m
     [32m✓[39m should handle null QR data[32m 3[2mms[22m[39m
     [32m✓[39m handleQRScan should show error toast[32m 8[2mms[22m[39m
     [32m✓[39m should handle parsing errors gracefully[32m 2[2mms[22m[39m
[90mstderr[2m | src/hooks/platform/settings/__tests__/useTransactionArchiving.test.ts[2m > [22m[2museTransactionArchivingProcess[2m > [22m[2mshould handle archiving errors
[22m[39m❌ Archiving failed {
  error: Error: Archiving failed
      at [90m/Users/f4tdaddy/Git/violet-vault/[39msrc/hooks/platform/settings/__tests__/useTransactionArchiving.test.ts:161:23
      at [90mfile:///Users/f4tdaddy/Git/violet-vault/[39mnode_modules/[4m@vitest/runner[24m/dist/index.js:145:11
      at [90mfile:///Users/f4tdaddy/Git/violet-vault/[39mnode_modules/[4m@vitest/runner[24m/dist/index.js:915:26
      at [90mfile:///Users/f4tdaddy/Git/violet-vault/[39mnode_modules/[4m@vitest/runner[24m/dist/index.js:1243:20
      at new Promise (<anonymous>)
      at runWithTimeout [90m(file:///Users/f4tdaddy/Git/violet-vault/[39mnode_modules/[4m@vitest/runner[24m/dist/index.js:1209:10[90m)[39m
      at [90mfile:///Users/f4tdaddy/Git/violet-vault/[39mnode_modules/[4m@vitest/runner[24m/dist/index.js:1653:37
      at Traces.$ [90m(file:///Users/f4tdaddy/Git/violet-vault/[39mnode_modules/[4mvitest[24m/dist/chunks/traces.U4xDYhzZ.js:115:27[90m)[39m
      at trace [90m(file:///Users/f4tdaddy/Git/violet-vault/[39mnode_modules/[4mvitest[24m/dist/chunks/test.B8ej_ZHS.js:239:21[90m)[39m
      at runTest [90m(file:///Users/f4tdaddy/Git/violet-vault/[39mnode_modules/[4m@vitest/runner[24m/dist/index.js:1653:12[90m)[39m
} {}

 [31m❯[39m src/hooks/platform/settings/__tests__/useTransactionArchiving.test.ts [2m([22m[2m13 tests[22m[2m | [22m[31m1 failed[39m[2m)[22m[33m 426[2mms[22m[39m
     [32m✓[39m should initialize with default state[32m 44[2mms[22m[39m
     [32m✓[39m should handle period change[32m 8[2mms[22m[39m
     [32m✓[39m should toggle advanced options[32m 28[2mms[22m[39m
     [32m✓[39m should toggle confirm archiving[32m 39[2mms[22m[39m
     [32m✓[39m should reset archiving state[32m 17[2mms[22m[39m
[31m     [31m×[31m should handle preview generation[39m[32m 116[2mms[22m[39m
     [32m✓[39m should close preview[32m 1[2mms[22m[39m
     [32m✓[39m should handle successful archiving[32m 18[2mms[22m[39m
     [32m✓[39m should handle archiving errors[32m 145[2mms[22m[39m
     [32m✓[39m should return correct urgency colors[32m 2[2mms[22m[39m
     [32m✓[39m should return correct urgency icons[32m 3[2mms[22m[39m
     [32m✓[39m should format storage sizes correctly[32m 1[2mms[22m[39m
     [32m✓[39m should calculate storage impact correctly[32m 1[2mms[22m[39m
 [31m❯[39m src/components/savings/__tests__/SavingsGoals.test.tsx [2m([22m[2m15 tests[22m[2m | [22m[31m5 failed[39m[2m)[22m[32m 155[2mms[22m[39m
       [32m✓[39m should render without crashing[32m 73[2mms[22m[39m
       [32m✓[39m should render Add Goal button[32m 12[2mms[22m[39m
       [32m✓[39m should display empty state when no goals exist[32m 6[2mms[22m[39m
       [32m✓[39m should render goals when they exist[32m 12[2mms[22m[39m
       [32m✓[39m should display distribute button when unassigned cash is available[32m 11[2mms[22m[39m
       [32m✓[39m should not display distribute button when no unassigned cash[32m 5[2mms[22m[39m
       [32m✓[39m should not display distribute button when no goals exist[32m 7[2mms[22m[39m
       [32m✓[39m should display summary card with goal count[32m 5[2mms[22m[39m
[31m       [31m×[31m should call openAddForm when Add Goal button is clicked[39m[32m 4[2mms[22m[39m
[31m       [31m×[31m should call openDistributeModal when Distribute Cash button is clicked[39m[32m 1[2mms[22m[39m
[31m       [31m×[31m should show AddEditModal when isAddEditModalOpen is true[39m[32m 0[2mms[22m[39m
[31m       [31m×[31m should show DistributeModal when showDistributeModal is true[39m[32m 0[2mms[22m[39m
       [32m✓[39m should handle missing savingsGoals prop[32m 6[2mms[22m[39m
       [32m✓[39m should handle missing unassignedCash prop[32m 2[2mms[22m[39m
[31m       [31m×[31m should pass correct props to useSavingsGoalsActions hook[39m[32m 6[2mms[22m[39m
[90mstdout[2m | src/components/settings/__tests__/SettingsDashboard.test.tsx
[22m[39m🔍 [DEV-SITE] SecurityService: Initialized with EncryptionManager {}

 [31m❯[39m src/components/layout/__tests__/MainLayout.test.tsx [2m([22m[2m3 tests[22m[2m | [22m[31m2 failed[39m[2m)[22m[32m 102[2mms[22m[39m
[31m     [31m×[31m should render main shell components successfully via aliased mocks[39m[32m 67[2mms[22m[39m
     [32m✓[39m should show AuthGateway when shouldShowAuthGateway returns true[32m 22[2mms[22m[39m
[31m     [31m×[31m should show LockScreen when isUnlocked is false[39m[32m 8[2mms[22m[39m
 [31m❯[39m src/hooks/budgeting/transactions/__tests__/useTransactionBalanceUpdater.test.ts [2m([22m[2m6 tests[22m[2m | [22m[31m6 failed[39m[2m)[22m[32m 12[2mms[22m[39m
[31m     [31m×[31m should initialize with correct function[39m[32m 4[2mms[22m[39m
[31m       [31m×[31m should successfully update balance for income transaction to unassigned[39m[32m 0[2mms[22m[39m
[31m       [31m×[31m should successfully update balance for expense transaction to unassigned[39m[32m 1[2mms[22m[39m
[31m       [31m×[31m should successfully update balance for transaction to envelope[39m[32m 0[2mms[22m[39m
[31m       [31m×[31m should handle removing transaction with isRemoving=true[39m[32m 0[2mms[22m[39m
[31m       [31m×[31m should handle transaction without envelopeId[39m[32m 0[2mms[22m[39m
[90mstderr[2m | src/components/settings/__tests__/SettingsDashboard.test.tsx
[22m[39m⚠️ Using demo Firebase config. Set environment variables for production {
  missingKeys: [ [32m'VITE_FIREBASE_API_KEY'[39m, [32m'VITE_FIREBASE_PROJECT_ID'[39m ]
}

[90mstderr[2m | src/components/settings/__tests__/SettingsDashboard.test.tsx
[22m[39m⚠️ VITE_FIREBASE_VAPID_KEY not set - FCM will use default configuration {}

 [31m❯[39m src/components/settings/__tests__/SettingsDashboard.test.tsx [2m([22m[2m25 tests[22m[2m | [22m[31m22 failed[39m[2m)[22m[33m 415[2mms[22m[39m
[31m       [31m×[31m should render settings layout[39m[32m 129[2mms[22m[39m
[31m       [31m×[31m should render section tabs[39m[32m 16[2mms[22m[39m
[31m       [31m×[31m should render section content[39m[32m 10[2mms[22m[39m
       [32m✓[39m should not render when isOpen is false[32m 14[2mms[22m[39m
[31m       [31m×[31m should display all section tabs[39m[32m 13[2mms[22m[39m
[31m       [31m×[31m should highlight active section[39m[32m 5[2mms[22m[39m
[31m       [31m×[31m should switch sections on tab click[39m[32m 30[2mms[22m[39m
[31m       [31m×[31m should handle export action[39m[32m 12[2mms[22m[39m
[31m       [31m×[31m should handle import action[39m[32m 10[2mms[22m[39m
[31m       [31m×[31m should handle logout action[39m[32m 8[2mms[22m[39m
[31m       [31m×[31m should not show reset confirm modal by default[39m[32m 16[2mms[22m[39m
[31m       [31m×[31m should not show security warning by default[39m[32m 26[2mms[22m[39m
[31m       [31m×[31m should handle user with name and color[39m[32m 6[2mms[22m[39m
[31m       [31m×[31m should handle missing user[39m[32m 8[2mms[22m[39m
[31m       [31m×[31m should handle local only mode enabled[39m[32m 6[2mms[22m[39m
[31m       [31m×[31m should handle local only mode disabled[39m[32m 9[2mms[22m[39m
[31m       [31m×[31m should accept security manager[39m[32m 10[2mms[22m[39m
[31m       [31m×[31m should handle missing security manager[39m[32m 23[2mms[22m[39m
[31m       [31m×[31m should open to general section by default[39m[32m 12[2mms[22m[39m
       [32m✓[39m should open to specified initial section[32m 14[2mms[22m[39m
       [32m✓[39m should maintain section when reopened[32m 10[2mms[22m[39m
[31m       [31m×[31m should handle sync action[39m[32m 6[2mms[22m[39m
[31m       [31m×[31m should handle change password action[39m[32m 5[2mms[22m[39m
[31m       [31m×[31m should handle reset encryption action[39m[32m 4[2mms[22m[39m
[31m       [31m×[31m should handle close action[39m[32m 7[2mms[22m[39m
 [31m❯[39m src/components/analytics/__tests__/AnalyticsDashboard.test.tsx [2m([22m[2m4 tests[22m[2m | [22m[31m4 failed[39m[2m)[22m[32m 63[2mms[22m[39m
[31m     [31m×[31m renders header and summary content[39m[32m 50[2mms[22m[39m
[31m     [31m×[31m renders analytics tabs[39m[32m 3[2mms[22m[39m
[31m     [31m×[31m shows loading state while analytics query resolves[39m[32m 2[2mms[22m[39m
[31m     [31m×[31m shows error feedback when analytics query fails[39m[32m 3[2mms[22m[39m
[90mstdout[2m | src/utils/dataManagement/__tests__/firebaseUtils.test.ts[2m > [22m[2mfirebaseUtils[2m > [22m[2mclearFirebaseData[2m > [22m[2mshould call forceSync
[22m[39mℹ️ Clearing Firebase data before import... {}

[90mstdout[2m | src/utils/dataManagement/__tests__/firebaseUtils.test.ts[2m > [22m[2mfirebaseUtils[2m > [22m[2mclearFirebaseData[2m > [22m[2mshould call forceSync
[22m[39mℹ️ Firebase data cleared successfully {}
ℹ️ Clearing sync metadata to prevent corruption detection... {}
ℹ️ No separate sync metadata table to clear {}

[90mstdout[2m | src/utils/dataManagement/__tests__/firebaseUtils.test.ts[2m > [22m[2mfirebaseUtils[2m > [22m[2mforcePushToCloud[2m > [22m[2mshould stop orchestrator, force sync, and return success
[22m[39mℹ️ 🛑 Stopping sync service before clean restart... {}

[90mstdout[2m | src/utils/dataManagement/__tests__/firebaseUtils.test.ts[2m > [22m[2mfirebaseUtils[2m > [22m[2mforcePushToCloud[2m > [22m[2mshould stop orchestrator, force sync, and return success
[22m[39mℹ️ 🚀 Force pushing imported data to Firebase with clean slate... {}

[90mstdout[2m | src/utils/dataManagement/__tests__/firebaseUtils.test.ts[2m > [22m[2mfirebaseUtils[2m > [22m[2mforcePushToCloud[2m > [22m[2mshould stop orchestrator, force sync, and return success
[22m[39mℹ️ ✅ Imported data successfully pushed to Firebase. {}

[90mstdout[2m | src/utils/dataManagement/__tests__/firebaseUtils.test.ts[2m > [22m[2mfirebaseUtils[2m > [22m[2mforcePushToCloud[2m > [22m[2mshould throw an error if force sync fails
[22m[39mℹ️ 🛑 Stopping sync service before clean restart... {}

[90mstdout[2m | src/utils/dataManagement/__tests__/firebaseUtils.test.ts[2m > [22m[2mfirebaseUtils[2m > [22m[2mforcePushToCloud[2m > [22m[2mshould throw an error if force sync fails
[22m[39mℹ️ 🚀 Force pushing imported data to Firebase with clean slate... {}

[90mstderr[2m | src/utils/dataManagement/__tests__/firebaseUtils.test.ts[2m > [22m[2mfirebaseUtils[2m > [22m[2mforcePushToCloud[2m > [22m[2mshould throw an error if force sync fails
[22m[39m❌ Failed to push imported data to Firebase Error: Test Error
    at Module.forcePushToCloud [90m(/Users/f4tdaddy/Git/violet-vault/[39msrc/utils/dataManagement/firebaseUtils.ts:76:13[90m)[39m
    at [90m/Users/f4tdaddy/Git/violet-vault/[39msrc/utils/dataManagement/__tests__/firebaseUtils.test.ts:40:7
    at [90mfile:///Users/f4tdaddy/Git/violet-vault/[39mnode_modules/[4m@vitest/runner[24m/dist/index.js:915:20 {}

 [32m✓[39m src/utils/dataManagement/__tests__/firebaseUtils.test.ts [2m([22m[2m3 tests[22m[2m)[22m[33m 4107[2mms[22m[39m
       [33m[2m✓[22m[39m should stop orchestrator, force sync, and return success [33m 2035[2mms[22m[39m
       [33m[2m✓[22m[39m should throw an error if force sync fails [33m 2060[2mms[22m[39m
 [32m✓[39m src/db/__tests__/budgetDb.comprehensive.test.ts [2m([22m[2m64 tests[22m[2m)[22m[33m 1135[2mms[22m[39m
 [32m✓[39m src/hooks/platform/analytics/queries/__tests__/usePaycheckTrendsQuery.test.ts [2m([22m[2m16 tests[22m[2m)[22m[33m 818[2mms[22m[39m
 [32m✓[39m src/hooks/budgeting/transactions/scheduled/expenses/__tests__/billQueries.test.ts [2m([22m[2m18 tests[22m[2m)[22m[33m 1148[2mms[22m[39m
 [32m✓[39m src/services/__tests__/syncErrorHandling.test.ts [2m([22m[2m29 tests[22m[2m)[22m[33m 3361[2mms[22m[39m
       [33m[2m✓[22m[39m should implement retry with backoff [33m 3032[2mms[22m[39m
 [32m✓[39m src/utils/sync/__tests__/SyncQueue.conflicts.test.ts [2m([22m[2m21 tests[22m[2m)[22m[33m 3658[2mms[22m[39m
       [33m[2m✓[22m[39m should apply last-write-wins strategy [33m 316[2mms[22m[39m
       [33m[2m✓[22m[39m should track superseded operations [33m 334[2mms[22m[39m
 [32m✓[39m src/components/layout/__tests__/ViewRenderer.test.tsx [2m([22m[2m14 tests[22m[2m)[22m[33m 3440[2mms[22m[39m
       [33m[2m✓[22m[39m should render supplemental accounts view when activeView is supplemental [33m 317[2mms[22m[39m
       [33m[2m✓[22m[39m should render paycheck view when activeView is paycheck [33m 318[2mms[22m[39m
       [33m[2m✓[22m[39m should render bills view when activeView is bills [33m 318[2mms[22m[39m
       [33m[2m✓[22m[39m should render transactions view when activeView is transactions [33m 324[2mms[22m[39m
       [33m[2m✓[22m[39m should render analytics view when activeView is analytics [33m 330[2mms[22m[39m
       [33m[2m✓[22m[39m should render debts view when activeView is debts [33m 381[2mms[22m[39m
       [33m[2m✓[22m[39m should render automation view when activeView is automation [33m 408[2mms[22m[39m
       [33m[2m✓[22m[39m should render activity view when activeView is activity [33m 425[2mms[22m[39m
       [33m[2m✓[22m[39m should render envelope view when activeView is envelopes [33m 326[2mms[22m[39m
[90mstdout[2m | src/contexts/__tests__/AuthContext.test.tsx[2m > [22m[2mAuthContext[2m > [22m[2mAuthProvider[2m > [22m[2mshould provide auth context to child components
[22m[39m🔍 [DEV-SITE] [AUTH] AuthContext: Initializing auth state from localStorage { category: [32m'auth'[39m }
🔍 [DEV-SITE] [AUTH] AuthContext: No saved data - new user state { category: [32m'auth'[39m }

[90mstdout[2m | src/contexts/__tests__/AuthContext.test.tsx[2m > [22m[2mAuthContext[2m > [22m[2mAuthProvider[2m > [22m[2mshould initialize with default auth state
[22m[39m🔍 [DEV-SITE] [AUTH] AuthContext: Initializing auth state from localStorage { category: [32m'auth'[39m }
🔍 [DEV-SITE] [AUTH] AuthContext: No saved data - new user state { category: [32m'auth'[39m }

[90mstdout[2m | src/contexts/__tests__/AuthContext.test.tsx[2m > [22m[2mAuthContext[2m > [22m[2mInitial State[2m > [22m[2mshould have user as null initially
[22m[39m🔍 [DEV-SITE] [AUTH] AuthContext: Initializing auth state from localStorage { category: [32m'auth'[39m }
🔍 [DEV-SITE] [AUTH] AuthContext: No saved data - new user state { category: [32m'auth'[39m }

[90mstdout[2m | src/contexts/__tests__/AuthContext.test.tsx[2m > [22m[2mAuthContext[2m > [22m[2mInitial State[2m > [22m[2mshould have isAuthenticated as false initially
[22m[39m🔍 [DEV-SITE] [AUTH] AuthContext: Initializing auth state from localStorage { category: [32m'auth'[39m }
🔍 [DEV-SITE] [AUTH] AuthContext: No saved data - new user state { category: [32m'auth'[39m }

[90mstdout[2m | src/contexts/__tests__/AuthContext.test.tsx[2m > [22m[2mAuthContext[2m > [22m[2mInitial State[2m > [22m[2mshould have isUnlocked as false initially
[22m[39m🔍 [DEV-SITE] [AUTH] AuthContext: Initializing auth state from localStorage { category: [32m'auth'[39m }
🔍 [DEV-SITE] [AUTH] AuthContext: No saved data - new user state { category: [32m'auth'[39m }

[90mstdout[2m | src/contexts/__tests__/AuthContext.test.tsx[2m > [22m[2mAuthContext[2m > [22m[2mInitial State[2m > [22m[2mshould have encryptionKey as null initially
[22m[39m🔍 [DEV-SITE] [AUTH] AuthContext: Initializing auth state from localStorage { category: [32m'auth'[39m }
🔍 [DEV-SITE] [AUTH] AuthContext: No saved data - new user state { category: [32m'auth'[39m }

[90mstdout[2m | src/contexts/__tests__/AuthContext.test.tsx[2m > [22m[2mAuthContext[2m > [22m[2mInitial State[2m > [22m[2mshould have salt as null initially
[22m[39m🔍 [DEV-SITE] [AUTH] AuthContext: Initializing auth state from localStorage { category: [32m'auth'[39m }
🔍 [DEV-SITE] [AUTH] AuthContext: No saved data - new user state { category: [32m'auth'[39m }

[90mstdout[2m | src/contexts/__tests__/AuthContext.test.tsx[2m > [22m[2mAuthContext[2m > [22m[2mInitial State[2m > [22m[2mshould have budgetId as null initially
[22m[39m🔍 [DEV-SITE] [AUTH] AuthContext: Initializing auth state from localStorage { category: [32m'auth'[39m }
🔍 [DEV-SITE] [AUTH] AuthContext: No saved data - new user state { category: [32m'auth'[39m }

[90mstdout[2m | src/contexts/__tests__/AuthContext.test.tsx[2m > [22m[2mAuthContext[2m > [22m[2mInitial State[2m > [22m[2mshould have lastActivity as null initially
[22m[39m🔍 [DEV-SITE] [AUTH] AuthContext: Initializing auth state from localStorage { category: [32m'auth'[39m }
🔍 [DEV-SITE] [AUTH] AuthContext: No saved data - new user state { category: [32m'auth'[39m }

[90mstdout[2m | src/contexts/__tests__/AuthContext.test.tsx[2m > [22m[2mAuthContext[2m > [22m[2mInitial State[2m > [22m[2mshould have isLoading as false initially
[22m[39m🔍 [DEV-SITE] [AUTH] AuthContext: Initializing auth state from localStorage { category: [32m'auth'[39m }
🔍 [DEV-SITE] [AUTH] AuthContext: No saved data - new user state { category: [32m'auth'[39m }

[90mstdout[2m | src/contexts/__tests__/AuthContext.test.tsx[2m > [22m[2mAuthContext[2m > [22m[2mInitial State[2m > [22m[2mshould have error as null initially
[22m[39m🔍 [DEV-SITE] [AUTH] AuthContext: Initializing auth state from localStorage { category: [32m'auth'[39m }
🔍 [DEV-SITE] [AUTH] AuthContext: No saved data - new user state { category: [32m'auth'[39m }

[90mstdout[2m | src/contexts/__tests__/AuthContext.test.tsx[2m > [22m[2mAuthContext[2m > [22m[2mAuthentication State[2m > [22m[2mshould update authentication state when setAuthenticated is called
[22m[39m🔍 [DEV-SITE] [AUTH] AuthContext: Initializing auth state from localStorage { category: [32m'auth'[39m }
🔍 [DEV-SITE] [AUTH] AuthContext: No saved data - new user state { category: [32m'auth'[39m }
🔍 [DEV-SITE] [AUTH] AuthContext: Setting authenticated user {
  userName: [32m'testuser'[39m,
  budgetId: [32m'undefined...'[39m,
  hasEncryptionKey: [33mfalse[39m,
  category: [32m'auth'[39m
}

[90mstdout[2m | src/contexts/__tests__/AuthContext.test.tsx[2m > [22m[2mAuthContext[2m > [22m[2mAuthentication State[2m > [22m[2mshould update user data when setAuthenticated is called
[22m[39m🔍 [DEV-SITE] [AUTH] AuthContext: Initializing auth state from localStorage { category: [32m'auth'[39m }
🔍 [DEV-SITE] [AUTH] AuthContext: No saved data - new user state { category: [32m'auth'[39m }
🔍 [DEV-SITE] [AUTH] AuthContext: Setting authenticated user {
  userName: [32m'john'[39m,
  budgetId: [32m'undefined...'[39m,
  hasEncryptionKey: [33mfalse[39m,
  category: [32m'auth'[39m
}

[90mstdout[2m | src/contexts/__tests__/AuthContext.test.tsx[2m > [22m[2mAuthContext[2m > [22m[2mAuthentication State[2m > [22m[2mshould clear auth state when clearAuth is called
[22m[39m🔍 [DEV-SITE] [AUTH] AuthContext: Initializing auth state from localStorage { category: [32m'auth'[39m }
🔍 [DEV-SITE] [AUTH] AuthContext: No saved data - new user state { category: [32m'auth'[39m }
🔍 [DEV-SITE] [AUTH] AuthContext: Setting authenticated user {
  userName: [32m'testuser'[39m,
  budgetId: [32m'undefined...'[39m,
  hasEncryptionKey: [33mfalse[39m,
  category: [32m'auth'[39m
}

[90mstdout[2m | src/contexts/__tests__/AuthContext.test.tsx[2m > [22m[2mAuthContext[2m > [22m[2mAuthentication State[2m > [22m[2mshould clear auth state when clearAuth is called
[22m[39m🔍 [DEV-SITE] [AUTH] AuthContext: Clearing auth state { category: [32m'auth'[39m }

[90mstdout[2m | src/contexts/__tests__/AuthContext.test.tsx[2m > [22m[2mAuthContext[2m > [22m[2mAuthentication State[2m > [22m[2mshould maintain encryption key and salt in state
[22m[39m🔍 [DEV-SITE] [AUTH] AuthContext: Initializing auth state from localStorage { category: [32m'auth'[39m }
🔍 [DEV-SITE] [AUTH] AuthContext: No saved data - new user state { category: [32m'auth'[39m }
🔍 [DEV-SITE] [AUTH] AuthContext: Setting authenticated user {
  userName: [32m'testuser'[39m,
  budgetId: [32m'undefined...'[39m,
  hasEncryptionKey: [33mtrue[39m,
  category: [32m'auth'[39m
}

[90mstdout[2m | src/contexts/__tests__/AuthContext.test.tsx[2m > [22m[2mAuthContext[2m > [22m[2mLoading State[2m > [22m[2mshould set loading state
[22m[39m🔍 [DEV-SITE] [AUTH] AuthContext: Initializing auth state from localStorage { category: [32m'auth'[39m }
🔍 [DEV-SITE] [AUTH] AuthContext: No saved data - new user state { category: [32m'auth'[39m }

[90mstdout[2m | src/contexts/__tests__/AuthContext.test.tsx[2m > [22m[2mAuthContext[2m > [22m[2mLoading State[2m > [22m[2mshould toggle loading state independent of authentication
[22m[39m🔍 [DEV-SITE] [AUTH] AuthContext: Initializing auth state from localStorage { category: [32m'auth'[39m }
🔍 [DEV-SITE] [AUTH] AuthContext: No saved data - new user state { category: [32m'auth'[39m }

[90mstdout[2m | src/contexts/__tests__/AuthContext.test.tsx[2m > [22m[2mAuthContext[2m > [22m[2mError State[2m > [22m[2mshould set and clear error state
[22m[39m🔍 [DEV-SITE] [AUTH] AuthContext: Initializing auth state from localStorage { category: [32m'auth'[39m }
🔍 [DEV-SITE] [AUTH] AuthContext: No saved data - new user state { category: [32m'auth'[39m }

[90mstdout[2m | src/contexts/__tests__/AuthContext.test.tsx[2m > [22m[2mAuthContext[2m > [22m[2mError State[2m > [22m[2mshould set and clear error state
[22m[39m🔍 [DEV-SITE] [AUTH] AuthContext: Clearing auth state { category: [32m'auth'[39m }

[90mstdout[2m | src/contexts/__tests__/AuthContext.test.tsx[2m > [22m[2mAuthContext[2m > [22m[2mError State[2m > [22m[2mshould set specific error messages
[22m[39m🔍 [DEV-SITE] [AUTH] AuthContext: Initializing auth state from localStorage { category: [32m'auth'[39m }
🔍 [DEV-SITE] [AUTH] AuthContext: No saved data - new user state { category: [32m'auth'[39m }

[90mstdout[2m | src/contexts/__tests__/AuthContext.test.tsx[2m > [22m[2mAuthContext[2m > [22m[2mActivity Tracking[2m > [22m[2mshould track last activity timestamp
[22m[39m🔍 [DEV-SITE] [AUTH] AuthContext: Initializing auth state from localStorage { category: [32m'auth'[39m }
🔍 [DEV-SITE] [AUTH] AuthContext: No saved data - new user state { category: [32m'auth'[39m }

[90mstdout[2m | src/contexts/__tests__/AuthContext.test.tsx[2m > [22m[2mAuthContext[2m > [22m[2mActivity Tracking[2m > [22m[2mshould update activity multiple times
[22m[39m🔍 [DEV-SITE] [AUTH] AuthContext: Initializing auth state from localStorage { category: [32m'auth'[39m }
🔍 [DEV-SITE] [AUTH] AuthContext: No saved data - new user state { category: [32m'auth'[39m }

[90mstdout[2m | src/contexts/__tests__/AuthContext.test.tsx[2m > [22m[2mAuthContext[2m > [22m[2mSession Management[2m > [22m[2mshould lock session
[22m[39m🔍 [DEV-SITE] [AUTH] AuthContext: Initializing auth state from localStorage { category: [32m'auth'[39m }
🔍 [DEV-SITE] [AUTH] AuthContext: No saved data - new user state { category: [32m'auth'[39m }
🔍 [DEV-SITE] [AUTH] AuthContext: Setting authenticated user {
  userName: [32m'user'[39m,
  budgetId: [32m'undefined...'[39m,
  hasEncryptionKey: [33mfalse[39m,
  category: [32m'auth'[39m
}

[90mstdout[2m | src/contexts/__tests__/AuthContext.test.tsx[2m > [22m[2mAuthContext[2m > [22m[2mSession Management[2m > [22m[2mshould lock session
[22m[39m🔍 [DEV-SITE] [AUTH] AuthContext: Locking session { category: [32m'auth'[39m }

[90mstdout[2m | src/contexts/__tests__/AuthContext.test.tsx[2m > [22m[2mAuthContext[2m > [22m[2mUpdate User[2m > [22m[2mshould update user data with partial updates
[22m[39m🔍 [DEV-SITE] [AUTH] AuthContext: Initializing auth state from localStorage { category: [32m'auth'[39m }
🔍 [DEV-SITE] [AUTH] AuthContext: No saved data - new user state { category: [32m'auth'[39m }
🔍 [DEV-SITE] [AUTH] AuthContext: Setting authenticated user {
  userName: [32m'john'[39m,
  budgetId: [32m'undefined...'[39m,
  hasEncryptionKey: [33mfalse[39m,
  category: [32m'auth'[39m
}

[90mstdout[2m | src/contexts/__tests__/AuthContext.test.tsx[2m > [22m[2mAuthContext[2m > [22m[2mUpdate User[2m > [22m[2mshould update user data with partial updates
[22m[39m🔍 [DEV-SITE] [AUTH] AuthContext: Updating user data { userName: [90mundefined[39m, category: [32m'auth'[39m }

[90mstdout[2m | src/contexts/__tests__/AuthContext.test.tsx[2m > [22m[2mAuthContext[2m > [22m[2mComputed Properties[2m > [22m[2mshould provide currentUser computed property
[22m[39m🔍 [DEV-SITE] [AUTH] AuthContext: Initializing auth state from localStorage { category: [32m'auth'[39m }
🔍 [DEV-SITE] [AUTH] AuthContext: No saved data - new user state { category: [32m'auth'[39m }

[90mstdout[2m | src/contexts/__tests__/AuthContext.test.tsx[2m > [22m[2mAuthContext[2m > [22m[2mComputed Properties[2m > [22m[2mshould provide hasCurrentUser computed property
[22m[39m🔍 [DEV-SITE] [AUTH] AuthContext: Initializing auth state from localStorage { category: [32m'auth'[39m }
🔍 [DEV-SITE] [AUTH] AuthContext: No saved data - new user state { category: [32m'auth'[39m }
🔍 [DEV-SITE] [AUTH] AuthContext: Setting authenticated user {
  userName: [32m'user'[39m,
  budgetId: [32m'undefined...'[39m,
  hasEncryptionKey: [33mfalse[39m,
  category: [32m'auth'[39m
}

[90mstdout[2m | src/contexts/__tests__/AuthContext.test.tsx[2m > [22m[2mAuthContext[2m > [22m[2mComputed Properties[2m > [22m[2mshould provide hasBudgetId computed property
[22m[39m🔍 [DEV-SITE] [AUTH] AuthContext: Initializing auth state from localStorage { category: [32m'auth'[39m }
🔍 [DEV-SITE] [AUTH] AuthContext: No saved data - new user state { category: [32m'auth'[39m }

[90mstdout[2m | src/contexts/__tests__/AuthContext.test.tsx[2m > [22m[2mAuthContext[2m > [22m[2mEdge Cases[2m > [22m[2mshould handle rapid authentication state changes
[22m[39m🔍 [DEV-SITE] [AUTH] AuthContext: Initializing auth state from localStorage { category: [32m'auth'[39m }
🔍 [DEV-SITE] [AUTH] AuthContext: No saved data - new user state { category: [32m'auth'[39m }
🔍 [DEV-SITE] [AUTH] AuthContext: Setting authenticated user {
  userName: [32m'user1'[39m,
  budgetId: [32m'undefined...'[39m,
  hasEncryptionKey: [33mfalse[39m,
  category: [32m'auth'[39m
}
🔍 [DEV-SITE] [AUTH] AuthContext: Setting authenticated user {
  userName: [32m'user2'[39m,
  budgetId: [32m'undefined...'[39m,
  hasEncryptionKey: [33mfalse[39m,
  category: [32m'auth'[39m
}
🔍 [DEV-SITE] [AUTH] AuthContext: Clearing auth state { category: [32m'auth'[39m }

[90mstdout[2m | src/contexts/__tests__/AuthContext.test.tsx[2m > [22m[2mAuthContext[2m > [22m[2mEdge Cases[2m > [22m[2mshould handle rapid authentication state changes
[22m[39m🟢 [PROD] SyncOrchestrator: Stopped {}
🟢 [PROD] SyncOrchestrator: Stopped {}
🟢 [PROD] SyncOrchestrator: Stopped {}
🟢 [PROD] SyncOrchestrator: Stopped {}

[90mstdout[2m | src/contexts/__tests__/AuthContext.test.tsx[2m > [22m[2mAuthContext[2m > [22m[2mEdge Cases[2m > [22m[2mshould handle clearing auth without prior authentication
[22m[39m🔍 [DEV-SITE] [AUTH] AuthContext: Initializing auth state from localStorage { category: [32m'auth'[39m }
🔍 [DEV-SITE] [AUTH] AuthContext: No saved data - new user state { category: [32m'auth'[39m }
🔍 [DEV-SITE] [AUTH] AuthContext: Clearing auth state { category: [32m'auth'[39m }

[90mstdout[2m | src/contexts/__tests__/AuthContext.test.tsx[2m > [22m[2mAuthContext[2m > [22m[2mEdge Cases
[22m[39m🟢 [PROD] SyncOrchestrator: Stopped {}

[90mstdout[2m | src/contexts/__tests__/AuthContext.test.tsx[2m > [22m[2mAuthContext[2m > [22m[2mEdge Cases[2m > [22m[2mshould handle multiple component instances with same provider
[22m[39m🔍 [DEV-SITE] [AUTH] AuthContext: Initializing auth state from localStorage { category: [32m'auth'[39m }
🔍 [DEV-SITE] [AUTH] AuthContext: No saved data - new user state { category: [32m'auth'[39m }
🔍 [DEV-SITE] [AUTH] AuthContext: Setting authenticated user {
  userName: [32m'shared'[39m,
  budgetId: [32m'undefined...'[39m,
  hasEncryptionKey: [33mfalse[39m,
  category: [32m'auth'[39m
}

[90mstdout[2m | src/contexts/__tests__/AuthContext.test.tsx[2m > [22m[2mAuthContext[2m > [22m[2mState Consistency[2m > [22m[2mshould maintain state consistency across multiple actions
[22m[39m🔍 [DEV-SITE] [AUTH] AuthContext: Initializing auth state from localStorage { category: [32m'auth'[39m }
🔍 [DEV-SITE] [AUTH] AuthContext: No saved data - new user state { category: [32m'auth'[39m }
🔍 [DEV-SITE] [AUTH] AuthContext: Setting authenticated user {
  userName: [32m'user'[39m,
  budgetId: [32m'undefined...'[39m,
  hasEncryptionKey: [33mfalse[39m,
  category: [32m'auth'[39m
}

 [32m✓[39m src/contexts/__tests__/AuthContext.test.tsx [2m([22m[2m31 tests[22m[2m)[22m[33m 2337[2mms[22m[39m
       [33m[2m✓[22m[39m should update user data when setAuthenticated is called [33m 1118[2mms[22m[39m
       [33m[2m✓[22m[39m should update user data with partial updates [33m 460[2mms[22m[39m
 [32m✓[39m src/components/modals/__tests__/QuickFundModal.test.tsx [2m([22m[2m20 tests[22m[2m)[22m[33m 1291[2mms[22m[39m
       [33m[2m✓[22m[39m should render when isOpen is true [33m 481[2mms[22m[39m
 [32m✓[39m src/hooks/budgeting/useBudgetData/__tests__/queries.test.ts [2m([22m[2m12 tests[22m[2m)[22m[33m 1040[2mms[22m[39m
 [32m✓[39m src/components/auth/__tests__/UserSetup.test.tsx [2m([22m[2m9 tests[22m[2m)[22m[33m 542[2mms[22m[39m
     [33m[2m✓[22m[39m should render with correct structure [33m 387[2mms[22m[39m
 [32m✓[39m src/components/ui/buttons/__tests__/Button.test.tsx [2m([22m[2m31 tests[22m[2m)[22m[33m 638[2mms[22m[39m
 [32m✓[39m src/components/ui/forms/__tests__/Select.test.tsx [2m([22m[2m24 tests[22m[2m)[22m[33m 720[2mms[22m[39m
 [32m✓[39m src/components/transactions/__tests__/TransactionFilters.test.tsx [2m([22m[2m9 tests[22m[2m | [22m[33m3 skipped[39m[2m)[22m[33m 647[2mms[22m[39m
 [32m✓[39m src/components/ui/forms/__tests__/Textarea.test.tsx [2m([22m[2m23 tests[22m[2m)[22m[33m 901[2mms[22m[39m
 [32m✓[39m src/components/ui/forms/__tests__/TextInput.test.tsx [2m([22m[2m23 tests[22m[2m)[22m[33m 983[2mms[22m[39m
       [33m[2m✓[22m[39m should associate label with input using generated id [33m 368[2mms[22m[39m
 [32m✓[39m src/components/ui/__tests__/ConfirmModal.test.tsx [2m([22m[2m29 tests[22m[2m)[22m[33m 2750[2mms[22m[39m
       [33m[2m✓[22m[39m should render when isOpen is true [33m 417[2mms[22m[39m
       [33m[2m✓[22m[39m should disable buttons when loading [33m 308[2mms[22m[39m
[90mstderr[2m | src/hooks/budgeting/envelopes/liabilities/__tests__/useDebtForm.test.ts[2m > [22m[2museDebtForm[2m > [22m[2mForm submission[2m > [22m[2mshould handle submission error
[22m[39m❌ Error creating debt: Error: Submission failed
    at [90m/Users/f4tdaddy/Git/violet-vault/[39msrc/hooks/budgeting/envelopes/liabilities/__tests__/useDebtForm.test.ts:279:54
    at [90mfile:///Users/f4tdaddy/Git/violet-vault/[39mnode_modules/[4m@vitest/runner[24m/dist/index.js:145:11
    at [90mfile:///Users/f4tdaddy/Git/violet-vault/[39mnode_modules/[4m@vitest/runner[24m/dist/index.js:915:26
    at [90mfile:///Users/f4tdaddy/Git/violet-vault/[39mnode_modules/[4m@vitest/runner[24m/dist/index.js:1243:20
    at new Promise (<anonymous>)
    at runWithTimeout [90m(file:///Users/f4tdaddy/Git/violet-vault/[39mnode_modules/[4m@vitest/runner[24m/dist/index.js:1209:10[90m)[39m
    at [90mfile:///Users/f4tdaddy/Git/violet-vault/[39mnode_modules/[4m@vitest/runner[24m/dist/index.js:1653:37
    at Traces.$ [90m(file:///Users/f4tdaddy/Git/violet-vault/[39mnode_modules/[4mvitest[24m/dist/chunks/traces.U4xDYhzZ.js:115:27[90m)[39m
    at trace [90m(file:///Users/f4tdaddy/Git/violet-vault/[39mnode_modules/[4mvitest[24m/dist/chunks/test.B8ej_ZHS.js:239:21[90m)[39m
    at runTest [90m(file:///Users/f4tdaddy/Git/violet-vault/[39mnode_modules/[4m@vitest/runner[24m/dist/index.js:1653:12[90m)[39m {}

 [32m✓[39m src/db/__tests__/budgetDb.integration.test.ts [2m([22m[2m35 tests[22m[2m)[22m[33m 1861[2mms[22m[39m
       [33m[2m✓[22m[39m should set and get encrypted data [33m 471[2mms[22m[39m
 [32m✓[39m src/components/ui/forms/__tests__/Checkbox.test.tsx [2m([22m[2m26 tests[22m[2m)[22m[33m 2679[2mms[22m[39m
       [33m[2m✓[22m[39m should render checkbox element [33m 785[2mms[22m[39m
       [33m[2m✓[22m[39m should associate label with checkbox using generated id [33m 329[2mms[22m[39m
       [33m[2m✓[22m[39m should toggle when clicked [33m 493[2mms[22m[39m
 [32m✓[39m src/hooks/budgeting/envelopes/liabilities/__tests__/useDebtForm.test.ts [2m([22m[2m14 tests[22m[2m)[22m[33m 807[2mms[22m[39m
       [33m[2m✓[22m[39m should handle submitting state [33m 399[2mms[22m[39m
 [32m✓[39m src/components/accounts/__tests__/SupplementalAccounts.test.tsx [2m([22m[2m14 tests[22m[2m)[22m[33m 723[2mms[22m[39m
[90mstdout[2m | src/utils/common/__tests__/BaseMutex.test.ts[2m > [22m[2mBaseMutex[2m > [22m[2macquire and release[2m > [22m[2mshould acquire lock when available
[22m[39m🔍 [DEV-SITE] 🔒 TestMutex: test-operation acquired lock {}

[90mstdout[2m | src/utils/common/__tests__/BaseMutex.test.ts[2m > [22m[2mBaseMutex[2m > [22m[2macquire and release[2m > [22m[2mshould release lock correctly
[22m[39m🔍 [DEV-SITE] 🔒 TestMutex: test-operation acquired lock {}

[90mstdout[2m | src/utils/common/__tests__/BaseMutex.test.ts[2m > [22m[2mBaseMutex[2m > [22m[2macquire and release[2m > [22m[2mshould release lock correctly
[22m[39m🔍 [DEV-SITE] 🔓 TestMutex: test-operation released (1ms) {}

[90mstdout[2m | src/utils/common/__tests__/BaseMutex.test.ts[2m > [22m[2mBaseMutex[2m > [22m[2macquire and release[2m > [22m[2mshould queue operations when locked
[22m[39m🔍 [DEV-SITE] 🔒 TestMutex: first-operation acquired lock {}

[90mstdout[2m | src/utils/common/__tests__/BaseMutex.test.ts[2m > [22m[2mBaseMutex[2m > [22m[2macquire and release[2m > [22m[2mshould queue operations when locked
[22m[39m🔍 [DEV-SITE] 🔒 TestMutex: second-operation queued { currentOperation: [32m'first-operation'[39m, queueLength: [33m1[39m }
🔍 [DEV-SITE] 🔓 TestMutex: first-operation released (19ms) {}
🔍 [DEV-SITE] 🔒 TestMutex: second-operation acquired lock {}

[90mstdout[2m | src/utils/common/__tests__/BaseMutex.test.ts[2m > [22m[2mBaseMutex[2m > [22m[2macquire and release[2m > [22m[2mshould handle multiple queued operations
[22m[39m🔍 [DEV-SITE] 🔒 TestMutex: first-operation acquired lock {}

[90mstdout[2m | src/utils/common/__tests__/BaseMutex.test.ts[2m > [22m[2mBaseMutex[2m > [22m[2macquire and release[2m > [22m[2mshould handle multiple queued operations
[22m[39m🔍 [DEV-SITE] 🔒 TestMutex: second-operation queued { currentOperation: [32m'first-operation'[39m, queueLength: [33m1[39m }
🔍 [DEV-SITE] 🔒 TestMutex: third-operation queued { currentOperation: [32m'first-operation'[39m, queueLength: [33m2[39m }
🔍 [DEV-SITE] 🔓 TestMutex: first-operation released (13ms) {}
🔍 [DEV-SITE] 🔒 TestMutex: second-operation acquired lock {}

[90mstdout[2m | src/utils/common/__tests__/BaseMutex.test.ts[2m > [22m[2mBaseMutex[2m > [22m[2macquire and release[2m > [22m[2mshould handle multiple queued operations
[22m[39m🔍 [DEV-SITE] 🔓 TestMutex: second-operation released (0ms) {}
🔍 [DEV-SITE] 🔒 TestMutex: third-operation acquired lock {}

[90mstdout[2m | src/utils/common/__tests__/BaseMutex.test.ts[2m > [22m[2mBaseMutex[2m > [22m[2macquire and release[2m > [22m[2mshould handle multiple queued operations
[22m[39m🔍 [DEV-SITE] 🔓 TestMutex: third-operation released (0ms) {}

[90mstdout[2m | src/utils/common/__tests__/BaseMutex.test.ts[2m > [22m[2mBaseMutex[2m > [22m[2mexecute wrapper[2m > [22m[2mshould execute function with mutex protection
[22m[39m🔍 [DEV-SITE] 🔧 TestMutex: Starting execute for wrapper-operation {}
🔍 [DEV-SITE] 🔒 TestMutex: wrapper-operation acquired lock {}

[90mstdout[2m | src/utils/common/__tests__/BaseMutex.test.ts[2m > [22m[2mBaseMutex[2m > [22m[2mexecute wrapper[2m > [22m[2mshould execute function with mutex protection
[22m[39m🔍 [DEV-SITE] 🔧 TestMutex: Acquired lock for wrapper-operation {}
🔍 [DEV-SITE] 🔧 TestMutex: About to call function for wrapper-operation {}

[90mstdout[2m | src/utils/common/__tests__/BaseMutex.test.ts[2m > [22m[2mBaseMutex[2m > [22m[2mexecute wrapper[2m > [22m[2mshould execute function with mutex protection
[22m[39m🔍 [DEV-SITE] 🔧 TestMutex: Function completed for wrapper-operation {}
🔍 [DEV-SITE] 🔧 TestMutex: About to release lock for wrapper-operation {}
🔍 [DEV-SITE] 🔓 TestMutex: wrapper-operation released (1ms) {}
🔍 [DEV-SITE] 🔧 TestMutex: Lock released for wrapper-operation {}

[90mstdout[2m | src/utils/common/__tests__/BaseMutex.test.ts[2m > [22m[2mBaseMutex[2m > [22m[2mexecute wrapper[2m > [22m[2mshould release mutex even if function throws
[22m[39m🔍 [DEV-SITE] 🔧 TestMutex: Starting execute for error-operation {}
🔍 [DEV-SITE] 🔒 TestMutex: error-operation acquired lock {}

[90mstdout[2m | src/utils/common/__tests__/BaseMutex.test.ts[2m > [22m[2mBaseMutex[2m > [22m[2mexecute wrapper[2m > [22m[2mshould release mutex even if function throws
[22m[39m🔍 [DEV-SITE] 🔧 TestMutex: Acquired lock for error-operation {}
🔍 [DEV-SITE] 🔧 TestMutex: About to call function for error-operation {}

[90mstderr[2m | src/utils/common/__tests__/BaseMutex.test.ts[2m > [22m[2mBaseMutex[2m > [22m[2mexecute wrapper[2m > [22m[2mshould release mutex even if function throws
[22m[39m❌ 🔧 TestMutex: Function failed for error-operation: Error: test error
    at [90m/Users/f4tdaddy/Git/violet-vault/[39msrc/utils/common/__tests__/BaseMutex.test.ts:83:48
    at [90mfile:///Users/f4tdaddy/Git/violet-vault/[39mnode_modules/[4m@vitest/runner[24m/dist/index.js:145:11
    at [90mfile:///Users/f4tdaddy/Git/violet-vault/[39mnode_modules/[4m@vitest/runner[24m/dist/index.js:915:26
    at [90mfile:///Users/f4tdaddy/Git/violet-vault/[39mnode_modules/[4m@vitest/runner[24m/dist/index.js:1243:20
    at new Promise (<anonymous>)
    at runWithTimeout [90m(file:///Users/f4tdaddy/Git/violet-vault/[39mnode_modules/[4m@vitest/runner[24m/dist/index.js:1209:10[90m)[39m
    at [90mfile:///Users/f4tdaddy/Git/violet-vault/[39mnode_modules/[4m@vitest/runner[24m/dist/index.js:1653:37
    at Traces.$ [90m(file:///Users/f4tdaddy/Git/violet-vault/[39mnode_modules/[4mvitest[24m/dist/chunks/traces.U4xDYhzZ.js:115:27[90m)[39m
    at trace [90m(file:///Users/f4tdaddy/Git/violet-vault/[39mnode_modules/[4mvitest[24m/dist/chunks/test.B8ej_ZHS.js:239:21[90m)[39m
    at runTest [90m(file:///Users/f4tdaddy/Git/violet-vault/[39mnode_modules/[4m@vitest/runner[24m/dist/index.js:1653:12[90m)[39m {}

[90mstdout[2m | src/utils/common/__tests__/BaseMutex.test.ts[2m > [22m[2mBaseMutex[2m > [22m[2mexecute wrapper[2m > [22m[2mshould release mutex even if function throws
[22m[39m🔍 [DEV-SITE] 🔧 TestMutex: About to release lock for error-operation {}
🔍 [DEV-SITE] 🔓 TestMutex: error-operation released (6ms) {}
🔍 [DEV-SITE] 🔧 TestMutex: Lock released for error-operation {}

[90mstdout[2m | src/utils/common/__tests__/BaseMutex.test.ts[2m > [22m[2mBaseMutex[2m > [22m[2mexecute wrapper[2m > [22m[2mshould prevent concurrent execution
[22m[39m🔍 [DEV-SITE] 🔧 TestMutex: Starting execute for op1 {}
🔍 [DEV-SITE] 🔒 TestMutex: op1 acquired lock {}
🔍 [DEV-SITE] 🔧 TestMutex: Starting execute for op2 {}
🔍 [DEV-SITE] 🔒 TestMutex: op2 queued { currentOperation: [32m'op1'[39m, queueLength: [33m1[39m }
🔍 [DEV-SITE] 🔧 TestMutex: Starting execute for op3 {}
🔍 [DEV-SITE] 🔒 TestMutex: op3 queued { currentOperation: [32m'op1'[39m, queueLength: [33m2[39m }

[90mstdout[2m | src/utils/common/__tests__/BaseMutex.test.ts[2m > [22m[2mBaseMutex[2m > [22m[2mexecute wrapper[2m > [22m[2mshould prevent concurrent execution
[22m[39m🔍 [DEV-SITE] 🔧 TestMutex: Acquired lock for op1 {}
🔍 [DEV-SITE] 🔧 TestMutex: About to call function for op1 {}

[90mstdout[2m | src/utils/common/__tests__/BaseMutex.test.ts[2m > [22m[2mBaseMutex[2m > [22m[2mexecute wrapper[2m > [22m[2mshould prevent concurrent execution
[22m[39m🔍 [DEV-SITE] 🔧 TestMutex: Function completed for op1 {}
🔍 [DEV-SITE] 🔧 TestMutex: About to release lock for op1 {}
🔍 [DEV-SITE] 🔓 TestMutex: op1 released (430ms) {}
🔍 [DEV-SITE] 🔒 TestMutex: op2 acquired lock {}
🔍 [DEV-SITE] 🔧 TestMutex: Lock released for op1 {}

[90mstdout[2m | src/utils/common/__tests__/BaseMutex.test.ts[2m > [22m[2mBaseMutex[2m > [22m[2mexecute wrapper[2m > [22m[2mshould prevent concurrent execution
[22m[39m🔍 [DEV-SITE] 🔧 TestMutex: Acquired lock for op2 {}
🔍 [DEV-SITE] 🔧 TestMutex: About to call function for op2 {}

[90mstdout[2m | src/utils/common/__tests__/BaseMutex.test.ts[2m > [22m[2mBaseMutex[2m > [22m[2mexecute wrapper[2m > [22m[2mshould prevent concurrent execution
[22m[39m🔍 [DEV-SITE] 🔧 TestMutex: Function completed for op2 {}
🔍 [DEV-SITE] 🔧 TestMutex: About to release lock for op2 {}
🔍 [DEV-SITE] 🔓 TestMutex: op2 released (52ms) {}
🔍 [DEV-SITE] 🔒 TestMutex: op3 acquired lock {}
🔍 [DEV-SITE] 🔧 TestMutex: Lock released for op2 {}

[90mstdout[2m | src/utils/common/__tests__/BaseMutex.test.ts[2m > [22m[2mBaseMutex[2m > [22m[2mexecute wrapper[2m > [22m[2mshould prevent concurrent execution
[22m[39m🔍 [DEV-SITE] 🔧 TestMutex: Acquired lock for op3 {}
🔍 [DEV-SITE] 🔧 TestMutex: About to call function for op3 {}

[90mstdout[2m | src/utils/common/__tests__/BaseMutex.test.ts[2m > [22m[2mBaseMutex[2m > [22m[2mexecute wrapper[2m > [22m[2mshould prevent concurrent execution
[22m[39m🔍 [DEV-SITE] 🔧 TestMutex: Function completed for op3 {}
🔍 [DEV-SITE] 🔧 TestMutex: About to release lock for op3 {}
🔍 [DEV-SITE] 🔓 TestMutex: op3 released (52ms) {}
🔍 [DEV-SITE] 🔧 TestMutex: Lock released for op3 {}

[90mstdout[2m | src/utils/common/__tests__/BaseMutex.test.ts[2m > [22m[2mBaseMutex[2m > [22m[2mstatus and metrics[2m > [22m[2mshould return correct status
[22m[39m🔍 [DEV-SITE] 🔒 TestMutex: status-test acquired lock {}

[90mstdout[2m | src/utils/common/__tests__/BaseMutex.test.ts[2m > [22m[2mBaseMutex[2m > [22m[2mstatus and metrics[2m > [22m[2mshould track queue size correctly
[22m[39m🔍 [DEV-SITE] 🔒 TestMutex: first acquired lock {}

[90mstdout[2m | src/utils/common/__tests__/BaseMutex.test.ts[2m > [22m[2mBaseMutex[2m > [22m[2mstatus and metrics[2m > [22m[2mshould track queue size correctly
[22m[39m🔍 [DEV-SITE] 🔒 TestMutex: second queued { currentOperation: [32m'first'[39m, queueLength: [33m1[39m }
🔍 [DEV-SITE] 🔒 TestMutex: third queued { currentOperation: [32m'first'[39m, queueLength: [33m2[39m }
🔍 [DEV-SITE] 🔓 TestMutex: first released (0ms) {}
🔍 [DEV-SITE] 🔒 TestMutex: second acquired lock {}

[90mstderr[2m | src/utils/common/__tests__/BaseMutex.test.ts[2m > [22m[2mBaseMutex[2m > [22m[2merror handling[2m > [22m[2mshould handle double release gracefully
[22m[39m⚠️ 🔓 TestMutex: Attempted to release unlocked mutex {}

[90mstdout[2m | src/utils/common/__tests__/BaseMutex.test.ts[2m > [22m[2mBaseMutex[2m > [22m[2merror handling[2m > [22m[2mshould handle acquire without operation name
[22m[39m🔍 [DEV-SITE] 🔒 TestMutex: unknown acquired lock {}

[90mstdout[2m | src/utils/common/__tests__/BaseMutex.test.ts[2m > [22m[2mBaseMutex[2m > [22m[2merror handling[2m > [22m[2mshould clear queue on error
[22m[39m🔍 [DEV-SITE] 🔒 TestMutex: first acquired lock {}

[90mstdout[2m | src/utils/common/__tests__/BaseMutex.test.ts[2m > [22m[2mBaseMutex[2m > [22m[2merror handling[2m > [22m[2mshould clear queue on error
[22m[39m🔍 [DEV-SITE] 🔒 TestMutex: second queued { currentOperation: [32m'first'[39m, queueLength: [33m1[39m }
🔍 [DEV-SITE] 🔒 TestMutex: third queued { currentOperation: [32m'first'[39m, queueLength: [33m2[39m }
🔍 [DEV-SITE] 🔓 TestMutex: first released (0ms) {}

 [32m✓[39m src/utils/common/__tests__/BaseMutex.test.ts [2m([22m[2m14 tests[22m[2m)[22m[33m 748[2mms[22m[39m
       [33m[2m✓[22m[39m should prevent concurrent execution [33m 541[2mms[22m[39m
[90mstderr[2m | src/hooks/common/validation/__tests__/useValidatedForm.test.tsx[2m > [22m[2museValidatedForm[2m > [22m[2mshould validate form and set errors
[22m[39m⚠️ Validation errors in useValidatedForm: {
  name: [32m'Name is required'[39m,
  email: [32m'Invalid email'[39m,
  age: [32m'Age must be positive'[39m
}

[90mstderr[2m | src/hooks/common/validation/__tests__/useValidatedForm.test.tsx[2m > [22m[2museValidatedForm[2m > [22m[2mshould clear errors for updated fields
[22m[39m⚠️ Validation errors in useValidatedForm: { name: [32m'Name is required'[39m, email: [32m'Invalid email'[39m }

[90mstderr[2m | src/hooks/common/validation/__tests__/useValidatedForm.test.tsx[2m > [22m[2museValidatedForm[2m > [22m[2mshould clear all errors
[22m[39m⚠️ Validation errors in useValidatedForm: { name: [32m'Name is required'[39m, email: [32m'Invalid email'[39m }

[90mstderr[2m | src/hooks/common/validation/__tests__/useValidatedForm.test.tsx[2m > [22m[2museValidatedForm[2m > [22m[2mshould not submit with invalid data
[22m[39m⚠️ Validation errors in useValidatedForm: { name: [32m'Name is required'[39m, email: [32m'Invalid email'[39m }
⚠️ Form validation failed { name: [32m'Name is required'[39m, email: [32m'Invalid email'[39m }

[90mstderr[2m | src/hooks/common/validation/__tests__/useValidatedForm.test.tsx[2m > [22m[2museValidatedForm[2m > [22m[2mshould handle submission errors
[22m[39m❌ Form submission error Error: Submission failed
    at [90m/Users/f4tdaddy/Git/violet-vault/[39msrc/hooks/common/validation/__tests__/useValidatedForm.test.tsx:241:19
    at [90mfile:///Users/f4tdaddy/Git/violet-vault/[39mnode_modules/[4m@vitest/runner[24m/dist/index.js:145:11
    at [90mfile:///Users/f4tdaddy/Git/violet-vault/[39mnode_modules/[4m@vitest/runner[24m/dist/index.js:915:26
    at [90mfile:///Users/f4tdaddy/Git/violet-vault/[39mnode_modules/[4m@vitest/runner[24m/dist/index.js:1243:20
    at new Promise (<anonymous>)
    at runWithTimeout [90m(file:///Users/f4tdaddy/Git/violet-vault/[39mnode_modules/[4m@vitest/runner[24m/dist/index.js:1209:10[90m)[39m
    at [90mfile:///Users/f4tdaddy/Git/violet-vault/[39mnode_modules/[4m@vitest/runner[24m/dist/index.js:1653:37
    at Traces.$ [90m(file:///Users/f4tdaddy/Git/violet-vault/[39mnode_modules/[4mvitest[24m/dist/chunks/traces.U4xDYhzZ.js:115:27[90m)[39m
    at trace [90m(file:///Users/f4tdaddy/Git/violet-vault/[39mnode_modules/[4mvitest[24m/dist/chunks/test.B8ej_ZHS.js:239:21[90m)[39m
    at runTest [90m(file:///Users/f4tdaddy/Git/violet-vault/[39mnode_modules/[4m@vitest/runner[24m/dist/index.js:1653:12[90m)[39m {}

[90mstderr[2m | src/db/__tests__/budgetDb.migrations.test.ts[2m > [22m[2mVioletVaultDB - Migration Tests[2m > [22m[2mDatabase Instance Management[2m > [22m[2mshould support database deletion
[22m[39mAnother connection wants to delete database 'VioletVault'. Closing db now to resume the delete request.

[90mstderr[2m | src/db/__tests__/budgetDb.migrations.test.ts[2m > [22m[2mVioletVaultDB - Migration Tests[2m > [22m[2mDatabase Instance Management[2m > [22m[2mshould support database deletion
[22m[39mAnother connection wants to delete database 'VioletVault'. Closing db now to resume the delete request.

[90mstderr[2m | src/db/__tests__/budgetDb.migrations.test.ts[2m > [22m[2mVioletVaultDB - Migration Tests[2m > [22m[2mDatabase Instance Management[2m > [22m[2mshould support database deletion
[22m[39mAnother connection wants to delete database 'VioletVault'. Closing db now to resume the delete request.

[90mstderr[2m | src/db/__tests__/budgetDb.migrations.test.ts[2m > [22m[2mVioletVaultDB - Migration Tests[2m > [22m[2mDatabase Instance Management[2m > [22m[2mshould support database deletion
[22m[39mAnother connection wants to delete database 'VioletVault'. Closing db now to resume the delete request.

 [32m✓[39m src/db/__tests__/budgetDb.migrations.test.ts [2m([22m[2m35 tests[22m[2m)[22m[33m 363[2mms[22m[39m
 [32m✓[39m src/hooks/common/validation/__tests__/useValidatedForm.test.tsx [2m([22m[2m14 tests[22m[2m)[22m[33m 325[2mms[22m[39m
 [32m✓[39m src/components/ui/cards/__tests__/SummaryCard.test.tsx [2m([22m[2m25 tests[22m[2m)[22m[33m 566[2mms[22m[39m
 [32m✓[39m src/hooks/budgeting/envelopes/liabilities/__tests__/useDebts.test.tsx [2m([22m[2m28 tests[22m[2m)[22m[33m 435[2mms[22m[39m
 [32m✓[39m src/hooks/budgeting/transactions/scheduled/expenses/__tests__/billMutations.test.ts [2m([22m[2m82 tests[22m[2m | [22m[33m1 skipped[39m[2m)[22m[33m 534[2mms[22m[39m
 [32m✓[39m src/hooks/budgeting/transactions/__tests__/useTransactionQuery.test.ts [2m([22m[2m6 tests[22m[2m)[22m[33m 363[2mms[22m[39m
[90mstdout[2m | src/services/__tests__/integration/EncryptionManagerIntegration.test.ts[2m > [22m[2mEncryptionManager Integration Tests[2m > [22m[2mshould encrypt and decrypt data correctly (Optimized/Compressed)
[22m[39m🔍 [DEV-SITE] EncryptionManager: Key initialized {}
ℹ️ Serialization complete {
  originalSize: [33m180[39m,
  compressedSize: [33m147[39m,
  finalSize: [33m149[39m,
  compressionRatio: [32m'1.22x'[39m,
  totalReduction: [32m'1.21x'[39m,
  duration: [32m'1ms'[39m
}
🔍 [DEV-SITE] EncryptionManager: Compression analysis { originalSize: [33m180[39m, reduction: [32m'1.21x'[39m }

[90mstdout[2m | src/services/__tests__/integration/EncryptionManagerIntegration.test.ts[2m > [22m[2mEncryptionManager Integration Tests[2m > [22m[2mshould encrypt and decrypt data correctly (Optimized/Compressed)
[22m[39mℹ️ EncryptionManager: Optimized encryption complete {
  optimized: [33mtrue[39m,
  originalSize: [33m180[39m,
  compressedSize: [33m149[39m,
  encryptedSize: [33m149[39m,
  compressionRatio: [33m1.2080536912751678[39m,
  duration: [32m'10ms'[39m
}

[90mstdout[2m | src/services/__tests__/integration/EncryptionManagerIntegration.test.ts[2m > [22m[2mEncryptionManager Integration Tests[2m > [22m[2mshould encrypt and decrypt data correctly (Optimized/Compressed)
[22m[39m🔍 [DEV-SITE] Deserialization complete { packedSize: [33m149[39m, duration: [32m'6ms'[39m }

[90mstdout[2m | src/services/__tests__/integration/EncryptionManagerIntegration.test.ts[2m > [22m[2mEncryptionManager Integration Tests[2m > [22m[2mshould handle large datasets with compression
[22m[39m🔍 [DEV-SITE] EncryptionManager: Key initialized {}
ℹ️ Serialization complete {
  originalSize: [33m116109[39m,
  compressedSize: [33m14262[39m,
  finalSize: [33m14265[39m,
  compressionRatio: [32m'8.14x'[39m,
  totalReduction: [32m'8.14x'[39m,
  duration: [32m'5ms'[39m
}
🔍 [DEV-SITE] EncryptionManager: Compression analysis { originalSize: [33m116109[39m, reduction: [32m'8.14x'[39m }

[90mstdout[2m | src/services/__tests__/integration/EncryptionManagerIntegration.test.ts[2m > [22m[2mEncryptionManager Integration Tests[2m > [22m[2mshould handle large datasets with compression
[22m[39mℹ️ EncryptionManager: Optimized encryption complete {
  optimized: [33mtrue[39m,
  originalSize: [33m116109[39m,
  compressedSize: [33m14265[39m,
  encryptedSize: [33m14265[39m,
  compressionRatio: [33m8.139432176656152[39m,
  duration: [32m'40ms'[39m
}

[90mstdout[2m | src/services/__tests__/integration/EncryptionManagerIntegration.test.ts[2m > [22m[2mEncryptionManager Integration Tests[2m > [22m[2mshould handle large datasets with compression
[22m[39m🔍 [DEV-SITE] Deserialization complete { packedSize: [33m14265[39m, duration: [32m'30ms'[39m }

[90mstderr[2m | src/hooks/budgeting/envelopes/liabilities/__tests__/useDebtFormValidated.test.ts[2m > [22m[2museDebtFormValidated[2m > [22m[2mshould validate required fields
[22m[39m⚠️ Validation errors in useValidatedForm: {
  name: [32m'Debt name is required'[39m,
  creditor: [32m'Creditor name is required'[39m,
  currentBalance: [32m'Valid current balance is required'[39m,
  minimumPayment: [32m'Valid minimum payment is required'[39m,
  envelopeId: [32m'Please select an envelope for payment funding'[39m,
  paymentDueDate: [32m'Payment due date is required when creating a new bill'[39m
}

[90mstderr[2m | src/hooks/budgeting/envelopes/liabilities/__tests__/useDebtFormValidated.test.ts[2m > [22m[2museDebtFormValidated[2m > [22m[2mshould clear errors when fields are updated
[22m[39m⚠️ Validation errors in useValidatedForm: {
  name: [32m'Debt name is required'[39m,
  creditor: [32m'Creditor name is required'[39m,
  currentBalance: [32m'Valid current balance is required'[39m,
  minimumPayment: [32m'Valid minimum payment is required'[39m,
  envelopeId: [32m'Please select an envelope for payment funding'[39m,
  paymentDueDate: [32m'Payment due date is required when creating a new bill'[39m
}

[90mstderr[2m | src/hooks/budgeting/envelopes/liabilities/__tests__/useDebtFormValidated.test.ts[2m > [22m[2museDebtFormValidated[2m > [22m[2mshould not submit with invalid data
[22m[39m⚠️ Validation errors in useValidatedForm: {
  name: [32m'Debt name is required'[39m,
  creditor: [32m'Creditor name is required'[39m,
  currentBalance: [32m'Valid current balance is required'[39m,
  minimumPayment: [32m'Valid minimum payment is required'[39m,
  envelopeId: [32m'Please select an envelope for payment funding'[39m,
  paymentDueDate: [32m'Payment due date is required when creating a new bill'[39m
}
⚠️ Form validation failed {
  name: [32m'Debt name is required'[39m,
  creditor: [32m'Creditor name is required'[39m,
  currentBalance: [32m'Valid current balance is required'[39m,
  minimumPayment: [32m'Valid minimum payment is required'[39m,
  envelopeId: [32m'Please select an envelope for payment funding'[39m,
  paymentDueDate: [32m'Payment due date is required when creating a new bill'[39m
}

[90mstdout[2m | src/services/__tests__/integration/EncryptionManagerIntegration.test.ts[2m > [22m[2mEncryptionManager Integration Tests[2m > [22m[2mshould generate a deterministic budget ID
[22m[39m🔍 [DEV-SITE] Share code validation - word split { words: [ [32m'abandon'[39m, [32m'abandon'[39m, [32m'abandon'[39m, [32m'abandon'[39m ], length: [33m4[39m }
🔍 [DEV-SITE] BIP39 wordlist info {
  wordlistType: [32m'object'[39m,
  isArray: [33mtrue[39m,
  length: [33m2048[39m,
  firstFew: [ [32m'abandon'[39m, [32m'ability'[39m, [32m'able'[39m, [32m'about'[39m, [32m'above'[39m ],
  sampleWord: [33mtrue[39m
}
🔍 [DEV-SITE] Share code validation passed { words: [ [32m'abandon'[39m, [32m'abandon'[39m, [32m'abandon'[39m, [32m'abandon'[39m ] }

[90mstdout[2m | src/services/__tests__/integration/EncryptionManagerIntegration.test.ts[2m > [22m[2mEncryptionManager Integration Tests[2m > [22m[2mshould generate a deterministic budget ID
[22m[39m🔍 [DEV-SITE] Share code validation - word split { words: [ [32m'abandon'[39m, [32m'abandon'[39m, [32m'abandon'[39m, [32m'abandon'[39m ], length: [33m4[39m }
🔍 [DEV-SITE] BIP39 wordlist info {
  wordlistType: [32m'object'[39m,
  isArray: [33mtrue[39m,
  length: [33m2048[39m,
  firstFew: [ [32m'abandon'[39m, [32m'ability'[39m, [32m'able'[39m, [32m'about'[39m, [32m'above'[39m ],
  sampleWord: [33mtrue[39m
}
🔍 [DEV-SITE] Share code validation passed { words: [ [32m'abandon'[39m, [32m'abandon'[39m, [32m'abandon'[39m, [32m'abandon'[39m ] }

 [32m✓[39m src/services/__tests__/integration/EncryptionManagerIntegration.test.ts [2m([22m[2m4 tests[22m[2m)[22m[33m 646[2mms[22m[39m
     [33m[2m✓[22m[39m should generate a deterministic budget ID [33m 498[2mms[22m[39m
 [32m✓[39m src/hooks/platform/sync/__tests__/useManualSync.test.ts [2m([22m[2m15 tests[22m[2m)[22m[33m 427[2mms[22m[39m
[90mstderr[2m | src/hooks/budgeting/envelopes/liabilities/__tests__/useDebtFormValidated.test.ts[2m > [22m[2museDebtFormValidated[2m > [22m[2mshould set canSubmit to true only when form is valid
[22m[39m⚠️ Validation errors in useValidatedForm: {
  name: [32m'Debt name is required'[39m,
  creditor: [32m'Creditor name is required'[39m,
  currentBalance: [32m'Valid current balance is required'[39m,
  minimumPayment: [32m'Valid minimum payment is required'[39m,
  envelopeId: [32m'Please select an envelope for payment funding'[39m,
  paymentDueDate: [32m'Payment due date is required when creating a new bill'[39m
}

 [32m✓[39m src/hooks/budgeting/envelopes/liabilities/__tests__/useDebtFormValidated.test.ts [2m([22m[2m9 tests[22m[2m)[22m[33m 546[2mms[22m[39m
     [33m[2m✓[22m[39m should not submit with invalid data [33m 420[2mms[22m[39m
 [32m✓[39m src/components/auth/__tests__/AuthGateway.test.tsx [2m([22m[2m16 tests[22m[2m)[22m[33m 910[2mms[22m[39m
       [33m[2m✓[22m[39m should call onSetupComplete when setup completes [33m 352[2mms[22m[39m
 [32m✓[39m src/hooks/budgeting/allocations/__tests__/useAutoFundingRules.test.tsx [2m([22m[2m5 tests[22m[2m)[22m[33m 383[2mms[22m[39m
[90mstdout[2m | src/components/settings/__tests__/SecuritySettingsRefactored.test.tsx
[22m[39m🔍 [DEV-SITE] SecurityService: Initialized with EncryptionManager {}

 [32m✓[39m src/components/bills/__tests__/BillTable.test.tsx [2m([22m[2m15 tests[22m[2m)[22m[33m 1251[2mms[22m[39m
       [33m[2m✓[22m[39m should call toggleBillSelection when checkbox is clicked [33m 354[2mms[22m[39m
[90mstdout[2m | src/components/settings/__tests__/SecuritySettingsRefactored.test.tsx[2m > [22m[2mSecuritySettings (Refactored)[2m > [22m[2mshould not render when isOpen is false
[22m[39m🔍 [DEV-SITE] 🔓 Unlock grace period started {
  duration: [33m2000[39m,
  timestamp: [33m1767826831433[39m,
  willExpireAt: [33m1767826833433[39m
}

[90mstdout[2m | src/components/settings/__tests__/SecuritySettingsRefactored.test.tsx[2m > [22m[2mSecuritySettings (Refactored)[2m > [22m[2mshould render all sections when open
[22m[39m🔍 [DEV-SITE] 🔓 Unlock grace period started {
  duration: [33m2000[39m,
  timestamp: [33m1767826831504[39m,
  willExpireAt: [33m1767826833504[39m
}

[90mstdout[2m | src/components/settings/__tests__/SecuritySettingsRefactored.test.tsx[2m > [22m[2mSecuritySettings (Refactored)[2m > [22m[2mshould call onClose when close button is clicked
[22m[39m🔍 [DEV-SITE] 🔓 Unlock grace period started {
  duration: [33m2000[39m,
  timestamp: [33m1767826831547[39m,
  willExpireAt: [33m1767826833547[39m
}

[90mstdout[2m | src/components/settings/__tests__/SecuritySettingsRefactored.test.tsx[2m > [22m[2mSecuritySettings (Refactored)[2m > [22m[2mshould display correct header content
[22m[39m🔍 [DEV-SITE] 🔓 Unlock grace period started {
  duration: [33m2000[39m,
  timestamp: [33m1767826832113[39m,
  willExpireAt: [33m1767826834113[39m
}

[90mstdout[2m | src/components/settings/__tests__/SecuritySettingsRefactored.test.tsx[2m > [22m[2mSecuritySettings (Refactored)[2m > [22m[2mshould apply correct styling classes
[22m[39m🔍 [DEV-SITE] 🔓 Unlock grace period started {
  duration: [33m2000[39m,
  timestamp: [33m1767826832135[39m,
  willExpireAt: [33m1767826834135[39m
}

[90mstdout[2m | src/components/settings/__tests__/SecuritySettingsRefactored.test.tsx[2m > [22m[2mSecuritySettings (Refactored)[2m > [22m[2mshould have proper structure and layout
[22m[39m🔍 [DEV-SITE] 🔓 Unlock grace period started {
  duration: [33m2000[39m,
  timestamp: [33m1767826832159[39m,
  willExpireAt: [33m1767826834159[39m
}

 [32m✓[39m src/components/settings/__tests__/SecuritySettingsRefactored.test.tsx [2m([22m[2m6 tests[22m[2m)[22m[33m 779[2mms[22m[39m
     [33m[2m✓[22m[39m should call onClose when close button is clicked [33m 563[2mms[22m[39m
 [32m✓[39m src/services/migrations/__tests__/envelopeMigrationService.test.ts [2m([22m[2m20 tests[22m[2m)[22m[33m 456[2mms[22m[39m
[90mstderr[2m | src/hooks/budgeting/envelopes/goals/__tests__/useSavingsGoalFormValidated.test.ts[2m > [22m[2museSavingsGoalFormValidated[2m > [22m[2mshould validate required fields
[22m[39m⚠️ Validation errors in useValidatedForm: {
  name: [32m'Goal name is required'[39m,
  targetAmount: [32m'Target amount must be a valid positive number'[39m,
  category: [32m'Category is required'[39m,
  currentAmount: [32m'Current amount cannot exceed target amount'[39m
}

[90mstderr[2m | src/hooks/budgeting/envelopes/goals/__tests__/useSavingsGoalFormValidated.test.ts[2m > [22m[2museSavingsGoalFormValidated[2m > [22m[2mshould validate target amount is positive
[22m[39m⚠️ Validation errors in useValidatedForm: {
  name: [32m'Goal name is required'[39m,
  targetAmount: [32m'Target amount must be a valid positive number'[39m,
  category: [32m'Category is required'[39m,
  currentAmount: [32m'Current amount cannot exceed target amount'[39m
}

[90mstderr[2m | src/hooks/budgeting/envelopes/goals/__tests__/useSavingsGoalFormValidated.test.ts[2m > [22m[2museSavingsGoalFormValidated[2m > [22m[2mshould not submit with invalid data
[22m[39m⚠️ Validation errors in useValidatedForm: {
  name: [32m'Goal name is required'[39m,
  targetAmount: [32m'Target amount must be a valid positive number'[39m,
  category: [32m'Category is required'[39m,
  currentAmount: [32m'Current amount cannot exceed target amount'[39m
}
⚠️ Form validation failed {
  name: [32m'Goal name is required'[39m,
  targetAmount: [32m'Target amount must be a valid positive number'[39m,
  category: [32m'Category is required'[39m,
  currentAmount: [32m'Current amount cannot exceed target amount'[39m
}

 [32m✓[39m src/hooks/budgeting/allocations/__tests__/useRuleQueries.test.tsx [2m([22m[2m4 tests[22m[2m)[22m[33m 764[2mms[22m[39m
 [32m✓[39m src/hooks/budgeting/envelopes/goals/__tests__/useSavingsGoalFormValidated.test.ts [2m([22m[2m9 tests[22m[2m)[22m[33m 1236[2mms[22m[39m
     [33m[2m✓[22m[39m should not submit with invalid data [33m 1099[2mms[22m[39m
 [32m✓[39m src/components/budgeting/__tests__/EnvelopeGrid.test.tsx [2m([22m[2m6 tests[22m[2m)[22m[33m 1429[2mms[22m[39m
       [33m[2m✓[22m[39m should handle edit envelope click [33m 1150[2mms[22m[39m
[90mstdout[2m | src/hooks/common/__tests__/useExportData.test.ts
[22m[39m🔍 [DEV-SITE] SecurityService: Initialized with EncryptionManager {}

[90mstdout[2m | src/hooks/budgeting/transactions/scheduled/expenses/__tests__/useBillPayment.test.tsx[2m > [22m[2museBillPayment[2m > [22m[2mhandlePayBill[2m > [22m[2mshould successfully pay a bill
[22m[39mℹ️ Bill payment completed { billId: [32m'1'[39m, amount: [33m150[39m, envelopeId: [32m'env1'[39m }

[90mstderr[2m | src/hooks/budgeting/transactions/scheduled/expenses/__tests__/useBillPayment.test.tsx[2m > [22m[2museBillPayment[2m > [22m[2mhandlePayBill[2m > [22m[2mshould fail if bill validation fails
[22m[39m❌ Error paying bill Error: Bill not found
    at selectBillForPayment [90m(/Users/f4tdaddy/Git/violet-vault/[39msrc/hooks/budgeting/transactions/scheduled/expenses/useBillPayment.ts:82:9[90m)[39m
    at Object.handlePayBill [90m(/Users/f4tdaddy/Git/violet-vault/[39msrc/hooks/budgeting/transactions/scheduled/expenses/useBillPayment.ts:227:22[90m)[39m
    at [90m/Users/f4tdaddy/Git/violet-vault/[39msrc/hooks/budgeting/transactions/scheduled/expenses/__tests__/useBillPayment.test.tsx:119:35
    at [90mfile:///Users/f4tdaddy/Git/violet-vault/[39mnode_modules/[4m@vitest/runner[24m/dist/index.js:145:11
    at [90mfile:///Users/f4tdaddy/Git/violet-vault/[39mnode_modules/[4m@vitest/runner[24m/dist/index.js:915:26
    at [90mfile:///Users/f4tdaddy/Git/violet-vault/[39mnode_modules/[4m@vitest/runner[24m/dist/index.js:1243:20
    at new Promise (<anonymous>)
    at runWithTimeout [90m(file:///Users/f4tdaddy/Git/violet-vault/[39mnode_modules/[4m@vitest/runner[24m/dist/index.js:1209:10[90m)[39m
    at [90mfile:///Users/f4tdaddy/Git/violet-vault/[39mnode_modules/[4m@vitest/runner[24m/dist/index.js:1653:37
    at Traces.$ [90m(file:///Users/f4tdaddy/Git/violet-vault/[39mnode_modules/[4mvitest[24m/dist/chunks/traces.U4xDYhzZ.js:115:27[90m)[39m { billId: [32m'over'[39m }

 [32m✓[39m src/hooks/budgeting/transactions/scheduled/expenses/__tests__/useBillPayment.test.tsx [2m([22m[2m5 tests[22m[2m)[22m[32m 166[2mms[22m[39m
[90mstdout[2m | src/hooks/common/__tests__/useExportData.test.ts[2m > [22m[2museExportData[2m > [22m[2mshould export data successfully
[22m[39mℹ️ Starting export process {}
ℹ️ Gathering data for export {}

[90mstdout[2m | src/hooks/common/__tests__/useExportData.test.ts[2m > [22m[2museExportData[2m > [22m[2mshould export data successfully
[22m[39mℹ️ [PERFORMANCE] Export operation completed completed in 31.38591699999961ms {
  duration: [33m31.38591699999961[39m,
  operation: [32m'Export operation completed'[39m,
  envelopes: [33m0[39m,
  transactions: [33m0[39m,
  bills: [33m0[39m,
  debts: [33m0[39m,
  isSlow: [33mfalse[39m
}

[90mstdout[2m | src/hooks/common/__tests__/useExportData.test.ts[2m > [22m[2museExportData[2m > [22m[2mshould export data successfully
[22m[39mℹ️ Export completed successfully { envelopes: [33m0[39m, bills: [33m0[39m, transactions: [33m0[39m, fileSizeKB: [33m0[39m }
ℹ️ ✅ Data exported { envelopes: [33m0[39m, transactions: [33m0[39m, bills: [33m0[39m, debts: [33m0[39m, fileSizeKB: [33m0[39m }

[90mstdout[2m | src/hooks/common/__tests__/useExportData.test.ts[2m > [22m[2museExportData[2m > [22m[2mshould show a warning if there is no data to export
[22m[39mℹ️ Starting export process {}
ℹ️ Gathering data for export {}

[90mstdout[2m | src/hooks/common/__tests__/useExportData.test.ts[2m > [22m[2museExportData[2m > [22m[2mshould handle database query errors
[22m[39mℹ️ Starting export process {}
ℹ️ Gathering data for export {}

[90mstderr[2m | src/hooks/common/__tests__/useExportData.test.ts[2m > [22m[2museExportData[2m > [22m[2mshould handle database query errors
[22m[39m❌ Export failed Error: Database query failed
    at [90m/Users/f4tdaddy/Git/violet-vault/[39msrc/hooks/common/__tests__/useExportData.test.ts:93:60
    at [90mfile:///Users/f4tdaddy/Git/violet-vault/[39mnode_modules/[4m@vitest/runner[24m/dist/index.js:145:11
    at [90mfile:///Users/f4tdaddy/Git/violet-vault/[39mnode_modules/[4m@vitest/runner[24m/dist/index.js:915:26
    at [90mfile:///Users/f4tdaddy/Git/violet-vault/[39mnode_modules/[4m@vitest/runner[24m/dist/index.js:1243:20
    at new Promise (<anonymous>)
    at runWithTimeout [90m(file:///Users/f4tdaddy/Git/violet-vault/[39mnode_modules/[4m@vitest/runner[24m/dist/index.js:1209:10[90m)[39m
    at [90mfile:///Users/f4tdaddy/Git/violet-vault/[39mnode_modules/[4m@vitest/runner[24m/dist/index.js:1653:37
    at Traces.$ [90m(file:///Users/f4tdaddy/Git/violet-vault/[39mnode_modules/[4mvitest[24m/dist/chunks/traces.U4xDYhzZ.js:115:27[90m)[39m
    at trace [90m(file:///Users/f4tdaddy/Git/violet-vault/[39mnode_modules/[4mvitest[24m/dist/chunks/test.B8ej_ZHS.js:239:21[90m)[39m
    at runTest [90m(file:///Users/f4tdaddy/Git/violet-vault/[39mnode_modules/[4m@vitest/runner[24m/dist/index.js:1653:12[90m)[39m {}

[90mstdout[2m | src/hooks/common/__tests__/useExportData.test.ts[2m > [22m[2museExportData[2m > [22m[2mshould handle metadata fetch errors
[22m[39mℹ️ Starting export process {}
ℹ️ Gathering data for export {}

[90mstderr[2m | src/hooks/common/__tests__/useExportData.test.ts[2m > [22m[2museExportData[2m > [22m[2mshould handle metadata fetch errors
[22m[39m❌ Export failed Error: Metadata fetch failed
    at [90m/Users/f4tdaddy/Git/violet-vault/[39msrc/hooks/common/__tests__/useExportData.test.ts:118:51
    at [90mfile:///Users/f4tdaddy/Git/violet-vault/[39mnode_modules/[4m@vitest/runner[24m/dist/index.js:145:11
    at [90mfile:///Users/f4tdaddy/Git/violet-vault/[39mnode_modules/[4m@vitest/runner[24m/dist/index.js:915:26
    at [90mfile:///Users/f4tdaddy/Git/violet-vault/[39mnode_modules/[4m@vitest/runner[24m/dist/index.js:1243:20
    at new Promise (<anonymous>)
    at runWithTimeout [90m(file:///Users/f4tdaddy/Git/violet-vault/[39mnode_modules/[4m@vitest/runner[24m/dist/index.js:1209:10[90m)[39m
    at [90mfile:///Users/f4tdaddy/Git/violet-vault/[39mnode_modules/[4m@vitest/runner[24m/dist/index.js:1653:37
    at Traces.$ [90m(file:///Users/f4tdaddy/Git/violet-vault/[39mnode_modules/[4mvitest[24m/dist/chunks/traces.U4xDYhzZ.js:115:27[90m)[39m
    at trace [90m(file:///Users/f4tdaddy/Git/violet-vault/[39mnode_modules/[4mvitest[24m/dist/chunks/test.B8ej_ZHS.js:239:21[90m)[39m
    at runTest [90m(file:///Users/f4tdaddy/Git/violet-vault/[39mnode_modules/[4m@vitest/runner[24m/dist/index.js:1653:12[90m)[39m {}

[90mstdout[2m | src/hooks/common/__tests__/useExportData.test.ts[2m > [22m[2museExportData[2m > [22m[2mshould export partial data when some tables are empty
[22m[39mℹ️ Starting export process {}
ℹ️ Gathering data for export {}

[90mstdout[2m | src/hooks/common/__tests__/useExportData.test.ts[2m > [22m[2museExportData[2m > [22m[2mshould export partial data when some tables are empty
[22m[39mℹ️ [PERFORMANCE] Export operation completed completed in 2.0455830000000788ms {
  duration: [33m2.0455830000000788[39m,
  operation: [32m'Export operation completed'[39m,
  envelopes: [33m0[39m,
  transactions: [33m0[39m,
  bills: [33m0[39m,
  debts: [33m0[39m,
  isSlow: [33mfalse[39m
}

[90mstdout[2m | src/hooks/common/__tests__/useExportData.test.ts[2m > [22m[2museExportData[2m > [22m[2mshould export partial data when some tables are empty
[22m[39mℹ️ Export completed successfully { envelopes: [33m0[39m, bills: [33m0[39m, transactions: [33m0[39m, fileSizeKB: [33m0[39m }
ℹ️ ✅ Data exported { envelopes: [33m0[39m, transactions: [33m0[39m, bills: [33m0[39m, debts: [33m0[39m, fileSizeKB: [33m0[39m }

[90mstdout[2m | src/hooks/common/__tests__/useExportData.test.ts[2m > [22m[2museExportData[2m > [22m[2mshould handle file creation errors
[22m[39mℹ️ Starting export process {}
ℹ️ Gathering data for export {}

[90mstderr[2m | src/hooks/common/__tests__/useExportData.test.ts[2m > [22m[2museExportData[2m > [22m[2mshould handle file creation errors
[22m[39m❌ Export failed Error: Failed to create object URL
    at URL$1.<anonymous> [90m(/Users/f4tdaddy/Git/violet-vault/[39msrc/hooks/common/__tests__/useExportData.test.ts:169:13[90m)[39m
    at URL$1.Mock [90m(file:///Users/f4tdaddy/Git/violet-vault/[39mnode_modules/[4m@vitest/spy[24m/dist/index.js:285:34[90m)[39m
    at triggerDownload [90m(/Users/f4tdaddy/Git/violet-vault/[39msrc/hooks/common/useExportData.ts:30:19[90m)[39m
    at exportResult.envelopes [90m(/Users/f4tdaddy/Git/violet-vault/[39msrc/hooks/common/useExportData.ts:107:28[90m)[39m
    at [90m/Users/f4tdaddy/Git/violet-vault/[39msrc/utils/monitoring/performanceMonitor.ts:228:30
    at handleCallbackErrors.status.status [90m(file:///Users/f4tdaddy/Git/violet-vault/[39mnode_modules/[4m@sentry/core[24m/build/esm/tracing/trace.js:72:15[90m)[39m
    at handleCallbackErrors [90m(file:///Users/f4tdaddy/Git/violet-vault/[39mnode_modules/[4m@sentry/core[24m/build/esm/utils/handleCallbackErrors.js:27:26[90m)[39m
    at [90mfile:///Users/f4tdaddy/Git/violet-vault/[39mnode_modules/[4m@sentry/core[24m/build/esm/tracing/trace.js:71:14
    at [90mfile:///Users/f4tdaddy/Git/violet-vault/[39mnode_modules/[4m@sentry/core[24m/build/esm/tracing/trace.js:522:21
    at [90mfile:///Users/f4tdaddy/Git/violet-vault/[39mnode_modules/[4m@sentry/core[24m/build/esm/tracing/trace.js:55:12 {}

Not implemented: navigation to another Document
Not implemented: navigation to another Document
 [32m✓[39m src/hooks/common/__tests__/useExportData.test.ts [2m([22m[2m6 tests[22m[2m)[22m[33m 344[2mms[22m[39m
 [32m✓[39m src/hooks/budgeting/transactions/scheduled/expenses/__tests__/useBulkBillUpdate.test.tsx [2m([22m[2m8 tests[22m[2m)[22m[32m 72[2mms[22m[39m
 [32m✓[39m src/hooks/platform/mobile/__tests__/useFABBehavior.test.ts [2m([22m[2m15 tests[22m[2m)[22m[32m 156[2mms[22m[39m
[90mstderr[2m | src/components/sharing/__tests__/ShareCodeModal.test.tsx[2m > [22m[2mShareCodeModal[2m > [22m[2mRendering[2m > [22m[2mshould render when isOpen is true
[22m[39mAn update to ShareCodeModal inside a test was not wrapped in act(...).

When testing, code that causes React state updates should be wrapped into act(...):

act(() => {
  /* fire events that update state */
});
/* assert on the output */

This ensures that you're testing the behavior the user would see in the browser. Learn more at https://react.dev/link/wrap-tests-with-act

[90mstderr[2m | src/hooks/platform/sync/__tests__/useSyncHealthIndicator.test.ts[2m > [22m[2museSyncHealthIndicator[2m > [22m[2mshould initialize with loading state
[22m[39mAn update to TestComponent inside a test was not wrapped in act(...).

When testing, code that causes React state updates should be wrapped into act(...):

act(() => {
  /* fire events that update state */
});
/* assert on the output */

This ensures that you're testing the behavior the user would see in the browser. Learn more at https://react.dev/link/wrap-tests-with-act

[90mstderr[2m | src/hooks/platform/sync/__tests__/useSyncHealthIndicator.test.ts[2m > [22m[2museSyncHealthIndicator[2m > [22m[2mshould initialize with loading state
[22m[39mAn update to TestComponent inside a test was not wrapped in act(...).

When testing, code that causes React state updates should be wrapped into act(...):

act(() => {
  /* fire events that update state */
});
/* assert on the output */

This ensures that you're testing the behavior the user would see in the browser. Learn more at https://react.dev/link/wrap-tests-with-act
An update to TestComponent inside a test was not wrapped in act(...).

When testing, code that causes React state updates should be wrapped into act(...):

act(() => {
  /* fire events that update state */
});
/* assert on the output */

This ensures that you're testing the behavior the user would see in the browser. Learn more at https://react.dev/link/wrap-tests-with-act
An update to TestComponent inside a test was not wrapped in act(...).

When testing, code that causes React state updates should be wrapped into act(...):

act(() => {
  /* fire events that update state */
});
/* assert on the output */

This ensures that you're testing the behavior the user would see in the browser. Learn more at https://react.dev/link/wrap-tests-with-act
An update to TestComponent inside a test was not wrapped in act(...).

When testing, code that causes React state updates should be wrapped into act(...):

act(() => {
  /* fire events that update state */
});
/* assert on the output */

This ensures that you're testing the behavior the user would see in the browser. Learn more at https://react.dev/link/wrap-tests-with-act
An update to TestComponent inside a test was not wrapped in act(...).

When testing, code that causes React state updates should be wrapped into act(...):

act(() => {
  /* fire events that update state */
});
/* assert on the output */

This ensures that you're testing the behavior the user would see in the browser. Learn more at https://react.dev/link/wrap-tests-with-act
An update to TestComponent inside a test was not wrapped in act(...).

When testing, code that causes React state updates should be wrapped into act(...):

act(() => {
  /* fire events that update state */
});
/* assert on the output */

This ensures that you're testing the behavior the user would see in the browser. Learn more at https://react.dev/link/wrap-tests-with-act
An update to TestComponent inside a test was not wrapped in act(...).

When testing, code that causes React state updates should be wrapped into act(...):

act(() => {
  /* fire events that update state */
});
/* assert on the output */

This ensures that you're testing the behavior the user would see in the browser. Learn more at https://react.dev/link/wrap-tests-with-act
An update to TestComponent inside a test was not wrapped in act(...).

When testing, code that causes React state updates should be wrapped into act(...):

act(() => {
  /* fire events that update state */
});
/* assert on the output */

This ensures that you're testing the behavior the user would see in the browser. Learn more at https://react.dev/link/wrap-tests-with-act
An update to TestComponent inside a test was not wrapped in act(...).

When testing, code that causes React state updates should be wrapped into act(...):

act(() => {
  /* fire events that update state */
});
/* assert on the output */

This ensures that you're testing the behavior the user would see in the browser. Learn more at https://react.dev/link/wrap-tests-with-act
An update to TestComponent inside a test was not wrapped in act(...).

When testing, code that causes React state updates should be wrapped into act(...):

act(() => {
  /* fire events that update state */
});
/* assert on the output */

This ensures that you're testing the behavior the user would see in the browser. Learn more at https://react.dev/link/wrap-tests-with-act
An update to TestComponent inside a test was not wrapped in act(...).

When testing, code that causes React state updates should be wrapped into act(...):

act(() => {
  /* fire events that update state */
});
/* assert on the output */

This ensures that you're testing the behavior the user would see in the browser. Learn more at https://react.dev/link/wrap-tests-with-act
An update to TestComponent inside a test was not wrapped in act(...).

When testing, code that causes React state updates should be wrapped into act(...):

act(() => {
  /* fire events that update state */
});
/* assert on the output */

This ensures that you're testing the behavior the user would see in the browser. Learn more at https://react.dev/link/wrap-tests-with-act
An update to TestComponent inside a test was not wrapped in act(...).

When testing, code that causes React state updates should be wrapped into act(...):

act(() => {
  /* fire events that update state */
});
/* assert on the output */

This ensures that you're testing the behavior the user would see in the browser. Learn more at https://react.dev/link/wrap-tests-with-act
An update to TestComponent inside a test was not wrapped in act(...).

When testing, code that causes React state updates should be wrapped into act(...):

act(() => {
  /* fire events that update state */
});
/* assert on the output */

This ensures that you're testing the behavior the user would see in the browser. Learn more at https://react.dev/link/wrap-tests-with-act
An update to TestComponent inside a test was not wrapped in act(...).

When testing, code that causes React state updates should be wrapped into act(...):

act(() => {
  /* fire events that update state */
});
/* assert on the output */

This ensures that you're testing the behavior the user would see in the browser. Learn more at https://react.dev/link/wrap-tests-with-act
An update to TestComponent inside a test was not wrapped in act(...).

When testing, code that causes React state updates should be wrapped into act(...):

act(() => {
  /* fire events that update state */
});
/* assert on the output */

This ensures that you're testing the behavior the user would see in the browser. Learn more at https://react.dev/link/wrap-tests-with-act
An update to TestComponent inside a test was not wrapped in act(...).

When testing, code that causes React state updates should be wrapped into act(...):

act(() => {
  /* fire events that update state */
});
/* assert on the output */

This ensures that you're testing the behavior the user would see in the browser. Learn more at https://react.dev/link/wrap-tests-with-act
An update to TestComponent inside a test was not wrapped in act(...).

When testing, code that causes React state updates should be wrapped into act(...):

act(() => {
  /* fire events that update state */
});
/* assert on the output */

This ensures that you're testing the behavior the user would see in the browser. Learn more at https://react.dev/link/wrap-tests-with-act
An update to TestComponent inside a test was not wrapped in act(...).

When testing, code that causes React state updates should be wrapped into act(...):

act(() => {
  /* fire events that update state */
});
/* assert on the output */

This ensures that you're testing the behavior the user would see in the browser. Learn more at https://react.dev/link/wrap-tests-with-act
An update to TestComponent inside a test was not wrapped in act(...).

When testing, code that causes React state updates should be wrapped into act(...):

act(() => {
  /* fire events that update state */
});
/* assert on the output */

This ensures that you're testing the behavior the user would see in the browser. Learn more at https://react.dev/link/wrap-tests-with-act
An update to TestComponent inside a test was not wrapped in act(...).

When testing, code that causes React state updates should be wrapped into act(...):

act(() => {
  /* fire events that update state */
});
/* assert on the output */

This ensures that you're testing the behavior the user would see in the browser. Learn more at https://react.dev/link/wrap-tests-with-act
An update to TestComponent inside a test was not wrapped in act(...).

When testing, code that causes React state updates should be wrapped into act(...):

act(() => {
  /* fire events that update state */
});
/* assert on the output */

This ensures that you're testing the behavior the user would see in the browser. Learn more at https://react.dev/link/wrap-tests-with-act
An update to TestComponent inside a test was not wrapped in act(...).

When testing, code that causes React state updates should be wrapped into act(...):

act(() => {
  /* fire events that update state */
});
/* assert on the output */

This ensures that you're testing the behavior the user would see in the browser. Learn more at https://react.dev/link/wrap-tests-with-act
An update to TestComponent inside a test was not wrapped in act(...).

When testing, code that causes React state updates should be wrapped into act(...):

act(() => {
  /* fire events that update state */
});
/* assert on the output */

This ensures that you're testing the behavior the user would see in the browser. Learn more at https://react.dev/link/wrap-tests-with-act
An update to TestComponent inside a test was not wrapped in act(...).

When testing, code that causes React state updates should be wrapped into act(...):

act(() => {
  /* fire events that update state */
});
/* assert on the output */

This ensures that you're testing the behavior the user would see in the browser. Learn more at https://react.dev/link/wrap-tests-with-act
An update to TestComponent inside a test was not wrapped in act(...).

When testing, code that causes React state updates should be wrapped into act(...):

act(() => {
  /* fire events that update state */
});
/* assert on the output */

This ensures that you're testing the behavior the user would see in the browser. Learn more at https://react.dev/link/wrap-tests-with-act

[90mstderr[2m | src/hooks/platform/sync/__tests__/useSyncHealthIndicator.test.ts[2m > [22m[2museSyncHealthIndicator[2m > [22m[2mshould check sync health on mount
[22m[39mAn update to TestComponent inside a test was not wrapped in act(...).

When testing, code that causes React state updates should be wrapped into act(...):

act(() => {
  /* fire events that update state */
});
/* assert on the output */

This ensures that you're testing the behavior the user would see in the browser. Learn more at https://react.dev/link/wrap-tests-with-act

 [32m✓[39m src/components/sharing/__tests__/ShareCodeModal.test.tsx [2m([22m[2m12 tests[22m[2m)[22m[33m 352[2mms[22m[39m
[90mstderr[2m | src/hooks/platform/sync/__tests__/useSyncHealthIndicator.test.ts[2m > [22m[2museSyncHealthIndicator[2m > [22m[2mshould check sync health on mount
[22m[39mAn update to TestComponent inside a test was not wrapped in act(...).

When testing, code that causes React state updates should be wrapped into act(...):

act(() => {
  /* fire events that update state */
});
/* assert on the output */

This ensures that you're testing the behavior the user would see in the browser. Learn more at https://react.dev/link/wrap-tests-with-act
An update to TestComponent inside a test was not wrapped in act(...).

When testing, code that causes React state updates should be wrapped into act(...):

act(() => {
  /* fire events that update state */
});
/* assert on the output */

This ensures that you're testing the behavior the user would see in the browser. Learn more at https://react.dev/link/wrap-tests-with-act
An update to TestComponent inside a test was not wrapped in act(...).

When testing, code that causes React state updates should be wrapped into act(...):

act(() => {
  /* fire events that update state */
});
/* assert on the output */

This ensures that you're testing the behavior the user would see in the browser. Learn more at https://react.dev/link/wrap-tests-with-act
An update to TestComponent inside a test was not wrapped in act(...).

When testing, code that causes React state updates should be wrapped into act(...):

act(() => {
  /* fire events that update state */
});
/* assert on the output */

This ensures that you're testing the behavior the user would see in the browser. Learn more at https://react.dev/link/wrap-tests-with-act
An update to TestComponent inside a test was not wrapped in act(...).

When testing, code that causes React state updates should be wrapped into act(...):

act(() => {
  /* fire events that update state */
});
/* assert on the output */

This ensures that you're testing the behavior the user would see in the browser. Learn more at https://react.dev/link/wrap-tests-with-act
An update to TestComponent inside a test was not wrapped in act(...).

When testing, code that causes React state updates should be wrapped into act(...):

act(() => {
  /* fire events that update state */
});
/* assert on the output */

This ensures that you're testing the behavior the user would see in the browser. Learn more at https://react.dev/link/wrap-tests-with-act
An update to TestComponent inside a test was not wrapped in act(...).

When testing, code that causes React state updates should be wrapped into act(...):

act(() => {
  /* fire events that update state */
});
/* assert on the output */

This ensures that you're testing the behavior the user would see in the browser. Learn more at https://react.dev/link/wrap-tests-with-act
An update to TestComponent inside a test was not wrapped in act(...).

When testing, code that causes React state updates should be wrapped into act(...):

act(() => {
  /* fire events that update state */
});
/* assert on the output */

This ensures that you're testing the behavior the user would see in the browser. Learn more at https://react.dev/link/wrap-tests-with-act
An update to TestComponent inside a test was not wrapped in act(...).

When testing, code that causes React state updates should be wrapped into act(...):

act(() => {
  /* fire events that update state */
});
/* assert on the output */

This ensures that you're testing the behavior the user would see in the browser. Learn more at https://react.dev/link/wrap-tests-with-act
An update to TestComponent inside a test was not wrapped in act(...).

When testing, code that causes React state updates should be wrapped into act(...):

act(() => {
  /* fire events that update state */
});
/* assert on the output */

This ensures that you're testing the behavior the user would see in the browser. Learn more at https://react.dev/link/wrap-tests-with-act
An update to TestComponent inside a test was not wrapped in act(...).

When testing, code that causes React state updates should be wrapped into act(...):

act(() => {
  /* fire events that update state */
});
/* assert on the output */

This ensures that you're testing the behavior the user would see in the browser. Learn more at https://react.dev/link/wrap-tests-with-act
An update to TestComponent inside a test was not wrapped in act(...).

When testing, code that causes React state updates should be wrapped into act(...):

act(() => {
  /* fire events that update state */
});
/* assert on the output */

This ensures that you're testing the behavior the user would see in the browser. Learn more at https://react.dev/link/wrap-tests-with-act
An update to TestComponent inside a test was not wrapped in act(...).

When testing, code that causes React state updates should be wrapped into act(...):

act(() => {
  /* fire events that update state */
});
/* assert on the output */

This ensures that you're testing the behavior the user would see in the browser. Learn more at https://react.dev/link/wrap-tests-with-act
An update to TestComponent inside a test was not wrapped in act(...).

When testing, code that causes React state updates should be wrapped into act(...):

act(() => {
  /* fire events that update state */
});
/* assert on the output */

This ensures that you're testing the behavior the user would see in the browser. Learn more at https://react.dev/link/wrap-tests-with-act
An update to TestComponent inside a test was not wrapped in act(...).

When testing, code that causes React state updates should be wrapped into act(...):

act(() => {
  /* fire events that update state */
});
/* assert on the output */

This ensures that you're testing the behavior the user would see in the browser. Learn more at https://react.dev/link/wrap-tests-with-act
An update to TestComponent inside a test was not wrapped in act(...).

When testing, code that causes React state updates should be wrapped into act(...):

act(() => {
  /* fire events that update state */
});
/* assert on the output */

This ensures that you're testing the behavior the user would see in the browser. Learn more at https://react.dev/link/wrap-tests-with-act
An update to TestComponent inside a test was not wrapped in act(...).

When testing, code that causes React state updates should be wrapped into act(...):

act(() => {
  /* fire events that update state */
});
/* assert on the output */

This ensures that you're testing the behavior the user would see in the browser. Learn more at https://react.dev/link/wrap-tests-with-act
An update to TestComponent inside a test was not wrapped in act(...).

When testing, code that causes React state updates should be wrapped into act(...):

act(() => {
  /* fire events that update state */
});
/* assert on the output */

This ensures that you're testing the behavior the user would see in the browser. Learn more at https://react.dev/link/wrap-tests-with-act
An update to TestComponent inside a test was not wrapped in act(...).

When testing, code that causes React state updates should be wrapped into act(...):

act(() => {
  /* fire events that update state */
});
/* assert on the output */

This ensures that you're testing the behavior the user would see in the browser. Learn more at https://react.dev/link/wrap-tests-with-act
An update to TestComponent inside a test was not wrapped in act(...).

When testing, code that causes React state updates should be wrapped into act(...):

act(() => {
  /* fire events that update state */
});
/* assert on the output */

This ensures that you're testing the behavior the user would see in the browser. Learn more at https://react.dev/link/wrap-tests-with-act
An update to TestComponent inside a test was not wrapped in act(...).

When testing, code that causes React state updates should be wrapped into act(...):

act(() => {
  /* fire events that update state */
});
/* assert on the output */

This ensures that you're testing the behavior the user would see in the browser. Learn more at https://react.dev/link/wrap-tests-with-act
An update to TestComponent inside a test was not wrapped in act(...).

When testing, code that causes React state updates should be wrapped into act(...):

act(() => {
  /* fire events that update state */
});
/* assert on the output */

This ensures that you're testing the behavior the user would see in the browser. Learn more at https://react.dev/link/wrap-tests-with-act
An update to TestComponent inside a test was not wrapped in act(...).

When testing, code that causes React state updates should be wrapped into act(...):

act(() => {
  /* fire events that update state */
});
/* assert on the output */

This ensures that you're testing the behavior the user would see in the browser. Learn more at https://react.dev/link/wrap-tests-with-act
An update to TestComponent inside a test was not wrapped in act(...).

When testing, code that causes React state updates should be wrapped into act(...):

act(() => {
  /* fire events that update state */
});
/* assert on the output */

This ensures that you're testing the behavior the user would see in the browser. Learn more at https://react.dev/link/wrap-tests-with-act
An update to TestComponent inside a test was not wrapped in act(...).

When testing, code that causes React state updates should be wrapped into act(...):

act(() => {
  /* fire events that update state */
});
/* assert on the output */

This ensures that you're testing the behavior the user would see in the browser. Learn more at https://react.dev/link/wrap-tests-with-act
An update to TestComponent inside a test was not wrapped in act(...).

When testing, code that causes React state updates should be wrapped into act(...):

act(() => {
  /* fire events that update state */
});
/* assert on the output */

This ensures that you're testing the behavior the user would see in the browser. Learn more at https://react.dev/link/wrap-tests-with-act

[90mstderr[2m | src/hooks/platform/sync/__tests__/useSyncHealthIndicator.test.ts[2m > [22m[2museSyncHealthIndicator[2m > [22m[2mshould handle sync health check errors
[22m[39mAn update to TestComponent inside a test was not wrapped in act(...).

When testing, code that causes React state updates should be wrapped into act(...):

act(() => {
  /* fire events that update state */
});
/* assert on the output */

This ensures that you're testing the behavior the user would see in the browser. Learn more at https://react.dev/link/wrap-tests-with-act

[90mstderr[2m | src/hooks/platform/sync/__tests__/useSyncHealthIndicator.test.ts[2m > [22m[2museSyncHealthIndicator[2m > [22m[2mshould handle sync health check errors
[22m[39mAn update to TestComponent inside a test was not wrapped in act(...).

When testing, code that causes React state updates should be wrapped into act(...):

act(() => {
  /* fire events that update state */
});
/* assert on the output */

This ensures that you're testing the behavior the user would see in the browser. Learn more at https://react.dev/link/wrap-tests-with-act
An update to TestComponent inside a test was not wrapped in act(...).

When testing, code that causes React state updates should be wrapped into act(...):

act(() => {
  /* fire events that update state */
});
/* assert on the output */

This ensures that you're testing the behavior the user would see in the browser. Learn more at https://react.dev/link/wrap-tests-with-act
An update to TestComponent inside a test was not wrapped in act(...).

When testing, code that causes React state updates should be wrapped into act(...):

act(() => {
  /* fire events that update state */
});
/* assert on the output */

This ensures that you're testing the behavior the user would see in the browser. Learn more at https://react.dev/link/wrap-tests-with-act
An update to TestComponent inside a test was not wrapped in act(...).

When testing, code that causes React state updates should be wrapped into act(...):

act(() => {
  /* fire events that update state */
});
/* assert on the output */

This ensures that you're testing the behavior the user would see in the browser. Learn more at https://react.dev/link/wrap-tests-with-act
An update to TestComponent inside a test was not wrapped in act(...).

When testing, code that causes React state updates should be wrapped into act(...):

act(() => {
  /* fire events that update state */
});
/* assert on the output */

This ensures that you're testing the behavior the user would see in the browser. Learn more at https://react.dev/link/wrap-tests-with-act
An update to TestComponent inside a test was not wrapped in act(...).

When testing, code that causes React state updates should be wrapped into act(...):

act(() => {
  /* fire events that update state */
});
/* assert on the output */

This ensures that you're testing the behavior the user would see in the browser. Learn more at https://react.dev/link/wrap-tests-with-act
An update to TestComponent inside a test was not wrapped in act(...).

When testing, code that causes React state updates should be wrapped into act(...):

act(() => {
  /* fire events that update state */
});
/* assert on the output */

This ensures that you're testing the behavior the user would see in the browser. Learn more at https://react.dev/link/wrap-tests-with-act
An update to TestComponent inside a test was not wrapped in act(...).

When testing, code that causes React state updates should be wrapped into act(...):

act(() => {
  /* fire events that update state */
});
/* assert on the output */

This ensures that you're testing the behavior the user would see in the browser. Learn more at https://react.dev/link/wrap-tests-with-act
An update to TestComponent inside a test was not wrapped in act(...).

When testing, code that causes React state updates should be wrapped into act(...):

act(() => {
  /* fire events that update state */
});
/* assert on the output */

This ensures that you're testing the behavior the user would see in the browser. Learn more at https://react.dev/link/wrap-tests-with-act
An update to TestComponent inside a test was not wrapped in act(...).

When testing, code that causes React state updates should be wrapped into act(...):

act(() => {
  /* fire events that update state */
});
/* assert on the output */

This ensures that you're testing the behavior the user would see in the browser. Learn more at https://react.dev/link/wrap-tests-with-act
An update to TestComponent inside a test was not wrapped in act(...).

When testing, code that causes React state updates should be wrapped into act(...):

act(() => {
  /* fire events that update state */
});
/* assert on the output */

This ensures that you're testing the behavior the user would see in the browser. Learn more at https://react.dev/link/wrap-tests-with-act
An update to TestComponent inside a test was not wrapped in act(...).

When testing, code that causes React state updates should be wrapped into act(...):

act(() => {
  /* fire events that update state */
});
/* assert on the output */

This ensures that you're testing the behavior the user would see in the browser. Learn more at https://react.dev/link/wrap-tests-with-act
An update to TestComponent inside a test was not wrapped in act(...).

When testing, code that causes React state updates should be wrapped into act(...):

act(() => {
  /* fire events that update state */
});
/* assert on the output */

This ensures that you're testing the behavior the user would see in the browser. Learn more at https://react.dev/link/wrap-tests-with-act
An update to TestComponent inside a test was not wrapped in act(...).

When testing, code that causes React state updates should be wrapped into act(...):

act(() => {
  /* fire events that update state */
});
/* assert on the output */

This ensures that you're testing the behavior the user would see in the browser. Learn more at https://react.dev/link/wrap-tests-with-act
An update to TestComponent inside a test was not wrapped in act(...).

When testing, code that causes React state updates should be wrapped into act(...):

act(() => {
  /* fire events that update state */
});
/* assert on the output */

This ensures that you're testing the behavior the user would see in the browser. Learn more at https://react.dev/link/wrap-tests-with-act
An update to TestComponent inside a test was not wrapped in act(...).

When testing, code that causes React state updates should be wrapped into act(...):

act(() => {
  /* fire events that update state */
});
/* assert on the output */

This ensures that you're testing the behavior the user would see in the browser. Learn more at https://react.dev/link/wrap-tests-with-act
An update to TestComponent inside a test was not wrapped in act(...).

When testing, code that causes React state updates should be wrapped into act(...):

act(() => {
  /* fire events that update state */
});
/* assert on the output */

This ensures that you're testing the behavior the user would see in the browser. Learn more at https://react.dev/link/wrap-tests-with-act
An update to TestComponent inside a test was not wrapped in act(...).

When testing, code that causes React state updates should be wrapped into act(...):

act(() => {
  /* fire events that update state */
});
/* assert on the output */

This ensures that you're testing the behavior the user would see in the browser. Learn more at https://react.dev/link/wrap-tests-with-act
An update to TestComponent inside a test was not wrapped in act(...).

When testing, code that causes React state updates should be wrapped into act(...):

act(() => {
  /* fire events that update state */
});
/* assert on the output */

This ensures that you're testing the behavior the user would see in the browser. Learn more at https://react.dev/link/wrap-tests-with-act
An update to TestComponent inside a test was not wrapped in act(...).

When testing, code that causes React state updates should be wrapped into act(...):

act(() => {
  /* fire events that update state */
});
/* assert on the output */

This ensures that you're testing the behavior the user would see in the browser. Learn more at https://react.dev/link/wrap-tests-with-act
An update to TestComponent inside a test was not wrapped in act(...).

When testing, code that causes React state updates should be wrapped into act(...):

act(() => {
  /* fire events that update state */
});
/* assert on the output */

This ensures that you're testing the behavior the user would see in the browser. Learn more at https://react.dev/link/wrap-tests-with-act
An update to TestComponent inside a test was not wrapped in act(...).

When testing, code that causes React state updates should be wrapped into act(...):

act(() => {
  /* fire events that update state */
});
/* assert on the output */

This ensures that you're testing the behavior the user would see in the browser. Learn more at https://react.dev/link/wrap-tests-with-act
An update to TestComponent inside a test was not wrapped in act(...).

When testing, code that causes React state updates should be wrapped into act(...):

act(() => {
  /* fire events that update state */
});
/* assert on the output */

This ensures that you're testing the behavior the user would see in the browser. Learn more at https://react.dev/link/wrap-tests-with-act
An update to TestComponent inside a test was not wrapped in act(...).

When testing, code that causes React state updates should be wrapped into act(...):

act(() => {
  /* fire events that update state */
});
/* assert on the output */

This ensures that you're testing the behavior the user would see in the browser. Learn more at https://react.dev/link/wrap-tests-with-act
An update to TestComponent inside a test was not wrapped in act(...).

When testing, code that causes React state updates should be wrapped into act(...):

act(() => {
  /* fire events that update state */
});
/* assert on the output */

This ensures that you're testing the behavior the user would see in the browser. Learn more at https://react.dev/link/wrap-tests-with-act
An update to TestComponent inside a test was not wrapped in act(...).

When testing, code that causes React state updates should be wrapped into act(...):

act(() => {
  /* fire events that update state */
});
/* assert on the output */

This ensures that you're testing the behavior the user would see in the browser. Learn more at https://react.dev/link/wrap-tests-with-act

[90mstderr[2m | src/hooks/platform/sync/__tests__/useSyncHealthIndicator.test.ts[2m > [22m[2museSyncHealthIndicator[2m > [22m[2mshould toggle details visibility
[22m[39mAn update to TestComponent inside a test was not wrapped in act(...).

When testing, code that causes React state updates should be wrapped into act(...):

act(() => {
  /* fire events that update state */
});
/* assert on the output */

This ensures that you're testing the behavior the user would see in the browser. Learn more at https://react.dev/link/wrap-tests-with-act

[90mstderr[2m | src/hooks/platform/sync/__tests__/useSyncHealthIndicator.test.ts[2m > [22m[2museSyncHealthIndicator[2m > [22m[2mshould toggle details visibility
[22m[39mAn update to TestComponent inside a test was not wrapped in act(...).

When testing, code that causes React state updates should be wrapped into act(...):

act(() => {
  /* fire events that update state */
});
/* assert on the output */

This ensures that you're testing the behavior the user would see in the browser. Learn more at https://react.dev/link/wrap-tests-with-act
An update to TestComponent inside a test was not wrapped in act(...).

When testing, code that causes React state updates should be wrapped into act(...):

act(() => {
  /* fire events that update state */
});
/* assert on the output */

This ensures that you're testing the behavior the user would see in the browser. Learn more at https://react.dev/link/wrap-tests-with-act
An update to TestComponent inside a test was not wrapped in act(...).

When testing, code that causes React state updates should be wrapped into act(...):

act(() => {
  /* fire events that update state */
});
/* assert on the output */

This ensures that you're testing the behavior the user would see in the browser. Learn more at https://react.dev/link/wrap-tests-with-act
An update to TestComponent inside a test was not wrapped in act(...).

When testing, code that causes React state updates should be wrapped into act(...):

act(() => {
  /* fire events that update state */
});
/* assert on the output */

This ensures that you're testing the behavior the user would see in the browser. Learn more at https://react.dev/link/wrap-tests-with-act
An update to TestComponent inside a test was not wrapped in act(...).

When testing, code that causes React state updates should be wrapped into act(...):

act(() => {
  /* fire events that update state */
});
/* assert on the output */

This ensures that you're testing the behavior the user would see in the browser. Learn more at https://react.dev/link/wrap-tests-with-act
An update to TestComponent inside a test was not wrapped in act(...).

When testing, code that causes React state updates should be wrapped into act(...):

act(() => {
  /* fire events that update state */
});
/* assert on the output */

This ensures that you're testing the behavior the user would see in the browser. Learn more at https://react.dev/link/wrap-tests-with-act
An update to TestComponent inside a test was not wrapped in act(...).

When testing, code that causes React state updates should be wrapped into act(...):

act(() => {
  /* fire events that update state */
});
/* assert on the output */

This ensures that you're testing the behavior the user would see in the browser. Learn more at https://react.dev/link/wrap-tests-with-act
An update to TestComponent inside a test was not wrapped in act(...).

When testing, code that causes React state updates should be wrapped into act(...):

act(() => {
  /* fire events that update state */
});
/* assert on the output */

This ensures that you're testing the behavior the user would see in the browser. Learn more at https://react.dev/link/wrap-tests-with-act
An update to TestComponent inside a test was not wrapped in act(...).

When testing, code that causes React state updates should be wrapped into act(...):

act(() => {
  /* fire events that update state */
});
/* assert on the output */

This ensures that you're testing the behavior the user would see in the browser. Learn more at https://react.dev/link/wrap-tests-with-act
An update to TestComponent inside a test was not wrapped in act(...).

When testing, code that causes React state updates should be wrapped into act(...):

act(() => {
  /* fire events that update state */
});
/* assert on the output */

This ensures that you're testing the behavior the user would see in the browser. Learn more at https://react.dev/link/wrap-tests-with-act
An update to TestComponent inside a test was not wrapped in act(...).

When testing, code that causes React state updates should be wrapped into act(...):

act(() => {
  /* fire events that update state */
});
/* assert on the output */

This ensures that you're testing the behavior the user would see in the browser. Learn more at https://react.dev/link/wrap-tests-with-act
An update to TestComponent inside a test was not wrapped in act(...).

When testing, code that causes React state updates should be wrapped into act(...):

act(() => {
  /* fire events that update state */
});
/* assert on the output */

This ensures that you're testing the behavior the user would see in the browser. Learn more at https://react.dev/link/wrap-tests-with-act
An update to TestComponent inside a test was not wrapped in act(...).

When testing, code that causes React state updates should be wrapped into act(...):

act(() => {
  /* fire events that update state */
});
/* assert on the output */

This ensures that you're testing the behavior the user would see in the browser. Learn more at https://react.dev/link/wrap-tests-with-act
An update to TestComponent inside a test was not wrapped in act(...).

When testing, code that causes React state updates should be wrapped into act(...):

act(() => {
  /* fire events that update state */
});
/* assert on the output */

This ensures that you're testing the behavior the user would see in the browser. Learn more at https://react.dev/link/wrap-tests-with-act
An update to TestComponent inside a test was not wrapped in act(...).

When testing, code that causes React state updates should be wrapped into act(...):

act(() => {
  /* fire events that update state */
});
/* assert on the output */

This ensures that you're testing the behavior the user would see in the browser. Learn more at https://react.dev/link/wrap-tests-with-act
An update to TestComponent inside a test was not wrapped in act(...).

When testing, code that causes React state updates should be wrapped into act(...):

act(() => {
  /* fire events that update state */
});
/* assert on the output */

This ensures that you're testing the behavior the user would see in the browser. Learn more at https://react.dev/link/wrap-tests-with-act
An update to TestComponent inside a test was not wrapped in act(...).

When testing, code that causes React state updates should be wrapped into act(...):

act(() => {
  /* fire events that update state */
});
/* assert on the output */

This ensures that you're testing the behavior the user would see in the browser. Learn more at https://react.dev/link/wrap-tests-with-act
An update to TestComponent inside a test was not wrapped in act(...).

When testing, code that causes React state updates should be wrapped into act(...):

act(() => {
  /* fire events that update state */
});
/* assert on the output */

This ensures that you're testing the behavior the user would see in the browser. Learn more at https://react.dev/link/wrap-tests-with-act
An update to TestComponent inside a test was not wrapped in act(...).

When testing, code that causes React state updates should be wrapped into act(...):

act(() => {
  /* fire events that update state */
});
/* assert on the output */

This ensures that you're testing the behavior the user would see in the browser. Learn more at https://react.dev/link/wrap-tests-with-act
An update to TestComponent inside a test was not wrapped in act(...).

When testing, code that causes React state updates should be wrapped into act(...):

act(() => {
  /* fire events that update state */
});
/* assert on the output */

This ensures that you're testing the behavior the user would see in the browser. Learn more at https://react.dev/link/wrap-tests-with-act
An update to TestComponent inside a test was not wrapped in act(...).

When testing, code that causes React state updates should be wrapped into act(...):

act(() => {
  /* fire events that update state */
});
/* assert on the output */

This ensures that you're testing the behavior the user would see in the browser. Learn more at https://react.dev/link/wrap-tests-with-act
An update to TestComponent inside a test was not wrapped in act(...).

When testing, code that causes React state updates should be wrapped into act(...):

act(() => {
  /* fire events that update state */
});
/* assert on the output */

This ensures that you're testing the behavior the user would see in the browser. Learn more at https://react.dev/link/wrap-tests-with-act
An update to TestComponent inside a test was not wrapped in act(...).

When testing, code that causes React state updates should be wrapped into act(...):

act(() => {
  /* fire events that update state */
});
/* assert on the output */

This ensures that you're testing the behavior the user would see in the browser. Learn more at https://react.dev/link/wrap-tests-with-act
An update to TestComponent inside a test was not wrapped in act(...).

When testing, code that causes React state updates should be wrapped into act(...):

act(() => {
  /* fire events that update state */
});
/* assert on the output */

This ensures that you're testing the behavior the user would see in the browser. Learn more at https://react.dev/link/wrap-tests-with-act
An update to TestComponent inside a test was not wrapped in act(...).

When testing, code that causes React state updates should be wrapped into act(...):

act(() => {
  /* fire events that update state */
});
/* assert on the output */

This ensures that you're testing the behavior the user would see in the browser. Learn more at https://react.dev/link/wrap-tests-with-act
An update to TestComponent inside a test was not wrapped in act(...).

When testing, code that causes React state updates should be wrapped into act(...):

act(() => {
  /* fire events that update state */
});
/* assert on the output */

This ensures that you're testing the behavior the user would see in the browser. Learn more at https://react.dev/link/wrap-tests-with-act

[90mstderr[2m | src/hooks/platform/sync/__tests__/useSyncHealthIndicator.test.ts[2m > [22m[2museSyncHealthIndicator[2m > [22m[2mshould monitor background sync activity
[22m[39mAn update to TestComponent inside a test was not wrapped in act(...).

When testing, code that causes React state updates should be wrapped into act(...):

act(() => {
  /* fire events that update state */
});
/* assert on the output */

This ensures that you're testing the behavior the user would see in the browser. Learn more at https://react.dev/link/wrap-tests-with-act

[90mstderr[2m | src/hooks/platform/sync/__tests__/useSyncHealthIndicator.test.ts[2m > [22m[2museSyncHealthIndicator[2m > [22m[2mshould monitor background sync activity
[22m[39mAn update to TestComponent inside a test was not wrapped in act(...).

When testing, code that causes React state updates should be wrapped into act(...):

act(() => {
  /* fire events that update state */
});
/* assert on the output */

This ensures that you're testing the behavior the user would see in the browser. Learn more at https://react.dev/link/wrap-tests-with-act
An update to TestComponent inside a test was not wrapped in act(...).

When testing, code that causes React state updates should be wrapped into act(...):

act(() => {
  /* fire events that update state */
});
/* assert on the output */

This ensures that you're testing the behavior the user would see in the browser. Learn more at https://react.dev/link/wrap-tests-with-act
An update to TestComponent inside a test was not wrapped in act(...).

When testing, code that causes React state updates should be wrapped into act(...):

act(() => {
  /* fire events that update state */
});
/* assert on the output */

This ensures that you're testing the behavior the user would see in the browser. Learn more at https://react.dev/link/wrap-tests-with-act
An update to TestComponent inside a test was not wrapped in act(...).

When testing, code that causes React state updates should be wrapped into act(...):

act(() => {
  /* fire events that update state */
});
/* assert on the output */

This ensures that you're testing the behavior the user would see in the browser. Learn more at https://react.dev/link/wrap-tests-with-act
An update to TestComponent inside a test was not wrapped in act(...).

When testing, code that causes React state updates should be wrapped into act(...):

act(() => {
  /* fire events that update state */
});
/* assert on the output */

This ensures that you're testing the behavior the user would see in the browser. Learn more at https://react.dev/link/wrap-tests-with-act
An update to TestComponent inside a test was not wrapped in act(...).

When testing, code that causes React state updates should be wrapped into act(...):

act(() => {
  /* fire events that update state */
});
/* assert on the output */

This ensures that you're testing the behavior the user would see in the browser. Learn more at https://react.dev/link/wrap-tests-with-act
An update to TestComponent inside a test was not wrapped in act(...).

When testing, code that causes React state updates should be wrapped into act(...):

act(() => {
  /* fire events that update state */
});
/* assert on the output */

This ensures that you're testing the behavior the user would see in the browser. Learn more at https://react.dev/link/wrap-tests-with-act
An update to TestComponent inside a test was not wrapped in act(...).

When testing, code that causes React state updates should be wrapped into act(...):

act(() => {
  /* fire events that update state */
});
/* assert on the output */

This ensures that you're testing the behavior the user would see in the browser. Learn more at https://react.dev/link/wrap-tests-with-act
An update to TestComponent inside a test was not wrapped in act(...).

When testing, code that causes React state updates should be wrapped into act(...):

act(() => {
  /* fire events that update state */
});
/* assert on the output */

This ensures that you're testing the behavior the user would see in the browser. Learn more at https://react.dev/link/wrap-tests-with-act
An update to TestComponent inside a test was not wrapped in act(...).

When testing, code that causes React state updates should be wrapped into act(...):

act(() => {
  /* fire events that update state */
});
/* assert on the output */

This ensures that you're testing the behavior the user would see in the browser. Learn more at https://react.dev/link/wrap-tests-with-act
An update to TestComponent inside a test was not wrapped in act(...).

When testing, code that causes React state updates should be wrapped into act(...):

act(() => {
  /* fire events that update state */
});
/* assert on the output */

This ensures that you're testing the behavior the user would see in the browser. Learn more at https://react.dev/link/wrap-tests-with-act
An update to TestComponent inside a test was not wrapped in act(...).

When testing, code that causes React state updates should be wrapped into act(...):

act(() => {
  /* fire events that update state */
});
/* assert on the output */

This ensures that you're testing the behavior the user would see in the browser. Learn more at https://react.dev/link/wrap-tests-with-act
An update to TestComponent inside a test was not wrapped in act(...).

When testing, code that causes React state updates should be wrapped into act(...):

act(() => {
  /* fire events that update state */
});
/* assert on the output */

This ensures that you're testing the behavior the user would see in the browser. Learn more at https://react.dev/link/wrap-tests-with-act
An update to TestComponent inside a test was not wrapped in act(...).

When testing, code that causes React state updates should be wrapped into act(...):

act(() => {
  /* fire events that update state */
});
/* assert on the output */

This ensures that you're testing the behavior the user would see in the browser. Learn more at https://react.dev/link/wrap-tests-with-act
An update to TestComponent inside a test was not wrapped in act(...).

When testing, code that causes React state updates should be wrapped into act(...):

act(() => {
  /* fire events that update state */
});
/* assert on the output */

This ensures that you're testing the behavior the user would see in the browser. Learn more at https://react.dev/link/wrap-tests-with-act
An update to TestComponent inside a test was not wrapped in act(...).

When testing, code that causes React state updates should be wrapped into act(...):

act(() => {
  /* fire events that update state */
});
/* assert on the output */

This ensures that you're testing the behavior the user would see in the browser. Learn more at https://react.dev/link/wrap-tests-with-act
An update to TestComponent inside a test was not wrapped in act(...).

When testing, code that causes React state updates should be wrapped into act(...):

act(() => {
  /* fire events that update state */
});
/* assert on the output */

This ensures that you're testing the behavior the user would see in the browser. Learn more at https://react.dev/link/wrap-tests-with-act
An update to TestComponent inside a test was not wrapped in act(...).

When testing, code that causes React state updates should be wrapped into act(...):

act(() => {
  /* fire events that update state */
});
/* assert on the output */

This ensures that you're testing the behavior the user would see in the browser. Learn more at https://react.dev/link/wrap-tests-with-act
An update to TestComponent inside a test was not wrapped in act(...).

When testing, code that causes React state updates should be wrapped into act(...):

act(() => {
  /* fire events that update state */
});
/* assert on the output */

This ensures that you're testing the behavior the user would see in the browser. Learn more at https://react.dev/link/wrap-tests-with-act
An update to TestComponent inside a test was not wrapped in act(...).

When testing, code that causes React state updates should be wrapped into act(...):

act(() => {
  /* fire events that update state */
});
/* assert on the output */

This ensures that you're testing the behavior the user would see in the browser. Learn more at https://react.dev/link/wrap-tests-with-act
An update to TestComponent inside a test was not wrapped in act(...).

When testing, code that causes React state updates should be wrapped into act(...):

act(() => {
  /* fire events that update state */
});
/* assert on the output */

This ensures that you're testing the behavior the user would see in the browser. Learn more at https://react.dev/link/wrap-tests-with-act
An update to TestComponent inside a test was not wrapped in act(...).

When testing, code that causes React state updates should be wrapped into act(...):

act(() => {
  /* fire events that update state */
});
/* assert on the output */

This ensures that you're testing the behavior the user would see in the browser. Learn more at https://react.dev/link/wrap-tests-with-act
An update to TestComponent inside a test was not wrapped in act(...).

When testing, code that causes React state updates should be wrapped into act(...):

act(() => {
  /* fire events that update state */
});
/* assert on the output */

This ensures that you're testing the behavior the user would see in the browser. Learn more at https://react.dev/link/wrap-tests-with-act
An update to TestComponent inside a test was not wrapped in act(...).

When testing, code that causes React state updates should be wrapped into act(...):

act(() => {
  /* fire events that update state */
});
/* assert on the output */

This ensures that you're testing the behavior the user would see in the browser. Learn more at https://react.dev/link/wrap-tests-with-act

[90mstderr[2m | src/hooks/platform/sync/__tests__/useSyncHealthIndicator.test.ts[2m > [22m[2museSyncHealthIndicator[2m > [22m[2mshould run full validation when available
[22m[39mAn update to TestComponent inside a test was not wrapped in act(...).

When testing, code that causes React state updates should be wrapped into act(...):

act(() => {
  /* fire events that update state */
});
/* assert on the output */

This ensures that you're testing the behavior the user would see in the browser. Learn more at https://react.dev/link/wrap-tests-with-act
An update to TestComponent inside a test was not wrapped in act(...).

When testing, code that causes React state updates should be wrapped into act(...):

act(() => {
  /* fire events that update state */
});
/* assert on the output */

This ensures that you're testing the behavior the user would see in the browser. Learn more at https://react.dev/link/wrap-tests-with-act
An update to TestComponent inside a test was not wrapped in act(...).

When testing, code that causes React state updates should be wrapped into act(...):

act(() => {
  /* fire events that update state */
});
/* assert on the output */

This ensures that you're testing the behavior the user would see in the browser. Learn more at https://react.dev/link/wrap-tests-with-act
An update to TestComponent inside a test was not wrapped in act(...).

When testing, code that causes React state updates should be wrapped into act(...):

act(() => {
  /* fire events that update state */
});
/* assert on the output */

This ensures that you're testing the behavior the user would see in the browser. Learn more at https://react.dev/link/wrap-tests-with-act
An update to TestComponent inside a test was not wrapped in act(...).

When testing, code that causes React state updates should be wrapped into act(...):

act(() => {
  /* fire events that update state */
});
/* assert on the output */

This ensures that you're testing the behavior the user would see in the browser. Learn more at https://react.dev/link/wrap-tests-with-act
An update to TestComponent inside a test was not wrapped in act(...).

When testing, code that causes React state updates should be wrapped into act(...):

act(() => {
  /* fire events that update state */
});
/* assert on the output */

This ensures that you're testing the behavior the user would see in the browser. Learn more at https://react.dev/link/wrap-tests-with-act
An update to TestComponent inside a test was not wrapped in act(...).

When testing, code that causes React state updates should be wrapped into act(...):

act(() => {
  /* fire events that update state */
});
/* assert on the output */

This ensures that you're testing the behavior the user would see in the browser. Learn more at https://react.dev/link/wrap-tests-with-act
An update to TestComponent inside a test was not wrapped in act(...).

When testing, code that causes React state updates should be wrapped into act(...):

act(() => {
  /* fire events that update state */
});
/* assert on the output */

This ensures that you're testing the behavior the user would see in the browser. Learn more at https://react.dev/link/wrap-tests-with-act
An update to TestComponent inside a test was not wrapped in act(...).

When testing, code that causes React state updates should be wrapped into act(...):

act(() => {
  /* fire events that update state */
});
/* assert on the output */

This ensures that you're testing the behavior the user would see in the browser. Learn more at https://react.dev/link/wrap-tests-with-act
An update to TestComponent inside a test was not wrapped in act(...).

When testing, code that causes React state updates should be wrapped into act(...):

act(() => {
  /* fire events that update state */
});
/* assert on the output */

This ensures that you're testing the behavior the user would see in the browser. Learn more at https://react.dev/link/wrap-tests-with-act
An update to TestComponent inside a test was not wrapped in act(...).

When testing, code that causes React state updates should be wrapped into act(...):

act(() => {
  /* fire events that update state */
});
/* assert on the output */

This ensures that you're testing the behavior the user would see in the browser. Learn more at https://react.dev/link/wrap-tests-with-act
An update to TestComponent inside a test was not wrapped in act(...).

When testing, code that causes React state updates should be wrapped into act(...):

act(() => {
  /* fire events that update state */
});
/* assert on the output */

This ensures that you're testing the behavior the user would see in the browser. Learn more at https://react.dev/link/wrap-tests-with-act
An update to TestComponent inside a test was not wrapped in act(...).

When testing, code that causes React state updates should be wrapped into act(...):

act(() => {
  /* fire events that update state */
});
/* assert on the output */

This ensures that you're testing the behavior the user would see in the browser. Learn more at https://react.dev/link/wrap-tests-with-act
An update to TestComponent inside a test was not wrapped in act(...).

When testing, code that causes React state updates should be wrapped into act(...):

act(() => {
  /* fire events that update state */
});
/* assert on the output */

This ensures that you're testing the behavior the user would see in the browser. Learn more at https://react.dev/link/wrap-tests-with-act
An update to TestComponent inside a test was not wrapped in act(...).

When testing, code that causes React state updates should be wrapped into act(...):

act(() => {
  /* fire events that update state */
});
/* assert on the output */

This ensures that you're testing the behavior the user would see in the browser. Learn more at https://react.dev/link/wrap-tests-with-act
An update to TestComponent inside a test was not wrapped in act(...).

When testing, code that causes React state updates should be wrapped into act(...):

act(() => {
  /* fire events that update state */
});
/* assert on the output */

This ensures that you're testing the behavior the user would see in the browser. Learn more at https://react.dev/link/wrap-tests-with-act
An update to TestComponent inside a test was not wrapped in act(...).

When testing, code that causes React state updates should be wrapped into act(...):

act(() => {
  /* fire events that update state */
});
/* assert on the output */

This ensures that you're testing the behavior the user would see in the browser. Learn more at https://react.dev/link/wrap-tests-with-act
An update to TestComponent inside a test was not wrapped in act(...).

When testing, code that causes React state updates should be wrapped into act(...):

act(() => {
  /* fire events that update state */
});
/* assert on the output */

This ensures that you're testing the behavior the user would see in the browser. Learn more at https://react.dev/link/wrap-tests-with-act
An update to TestComponent inside a test was not wrapped in act(...).

When testing, code that causes React state updates should be wrapped into act(...):

act(() => {
  /* fire events that update state */
});
/* assert on the output */

This ensures that you're testing the behavior the user would see in the browser. Learn more at https://react.dev/link/wrap-tests-with-act
An update to TestComponent inside a test was not wrapped in act(...).

When testing, code that causes React state updates should be wrapped into act(...):

act(() => {
  /* fire events that update state */
});
/* assert on the output */

This ensures that you're testing the behavior the user would see in the browser. Learn more at https://react.dev/link/wrap-tests-with-act
An update to TestComponent inside a test was not wrapped in act(...).

When testing, code that causes React state updates should be wrapped into act(...):

act(() => {
  /* fire events that update state */
});
/* assert on the output */

This ensures that you're testing the behavior the user would see in the browser. Learn more at https://react.dev/link/wrap-tests-with-act
An update to TestComponent inside a test was not wrapped in act(...).

When testing, code that causes React state updates should be wrapped into act(...):

act(() => {
  /* fire events that update state */
});
/* assert on the output */

This ensures that you're testing the behavior the user would see in the browser. Learn more at https://react.dev/link/wrap-tests-with-act
An update to TestComponent inside a test was not wrapped in act(...).

When testing, code that causes React state updates should be wrapped into act(...):

act(() => {
  /* fire events that update state */
});
/* assert on the output */

This ensures that you're testing the behavior the user would see in the browser. Learn more at https://react.dev/link/wrap-tests-with-act
An update to TestComponent inside a test was not wrapped in act(...).

When testing, code that causes React state updates should be wrapped into act(...):

act(() => {
  /* fire events that update state */
});
/* assert on the output */

This ensures that you're testing the behavior the user would see in the browser. Learn more at https://react.dev/link/wrap-tests-with-act
An update to TestComponent inside a test was not wrapped in act(...).

When testing, code that causes React state updates should be wrapped into act(...):

act(() => {
  /* fire events that update state */
});
/* assert on the output */

This ensures that you're testing the behavior the user would see in the browser. Learn more at https://react.dev/link/wrap-tests-with-act
An update to TestComponent inside a test was not wrapped in act(...).

When testing, code that causes React state updates should be wrapped into act(...):

act(() => {
  /* fire events that update state */
});
/* assert on the output */

This ensures that you're testing the behavior the user would see in the browser. Learn more at https://react.dev/link/wrap-tests-with-act

[90mstderr[2m | src/hooks/platform/sync/__tests__/useSyncHealthIndicator.test.ts[2m > [22m[2museSyncHealthIndicator[2m > [22m[2mshould handle cloud data reset
[22m[39mAn update to TestComponent inside a test was not wrapped in act(...).

When testing, code that causes React state updates should be wrapped into act(...):

act(() => {
  /* fire events that update state */
});
/* assert on the output */

This ensures that you're testing the behavior the user would see in the browser. Learn more at https://react.dev/link/wrap-tests-with-act

[90mstderr[2m | src/hooks/platform/sync/__tests__/useSyncHealthIndicator.test.ts[2m > [22m[2museSyncHealthIndicator[2m > [22m[2mshould handle cloud data reset
[22m[39mAn update to TestComponent inside a test was not wrapped in act(...).

When testing, code that causes React state updates should be wrapped into act(...):

act(() => {
  /* fire events that update state */
});
/* assert on the output */

This ensures that you're testing the behavior the user would see in the browser. Learn more at https://react.dev/link/wrap-tests-with-act
An update to TestComponent inside a test was not wrapped in act(...).

When testing, code that causes React state updates should be wrapped into act(...):

act(() => {
  /* fire events that update state */
});
/* assert on the output */

This ensures that you're testing the behavior the user would see in the browser. Learn more at https://react.dev/link/wrap-tests-with-act
An update to TestComponent inside a test was not wrapped in act(...).

When testing, code that causes React state updates should be wrapped into act(...):

act(() => {
  /* fire events that update state */
});
/* assert on the output */

This ensures that you're testing the behavior the user would see in the browser. Learn more at https://react.dev/link/wrap-tests-with-act
An update to TestComponent inside a test was not wrapped in act(...).

When testing, code that causes React state updates should be wrapped into act(...):

act(() => {
  /* fire events that update state */
});
/* assert on the output */

This ensures that you're testing the behavior the user would see in the browser. Learn more at https://react.dev/link/wrap-tests-with-act
An update to TestComponent inside a test was not wrapped in act(...).

When testing, code that causes React state updates should be wrapped into act(...):

act(() => {
  /* fire events that update state */
});
/* assert on the output */

This ensures that you're testing the behavior the user would see in the browser. Learn more at https://react.dev/link/wrap-tests-with-act
An update to TestComponent inside a test was not wrapped in act(...).

When testing, code that causes React state updates should be wrapped into act(...):

act(() => {
  /* fire events that update state */
});
/* assert on the output */

This ensures that you're testing the behavior the user would see in the browser. Learn more at https://react.dev/link/wrap-tests-with-act
An update to TestComponent inside a test was not wrapped in act(...).

When testing, code that causes React state updates should be wrapped into act(...):

act(() => {
  /* fire events that update state */
});
/* assert on the output */

This ensures that you're testing the behavior the user would see in the browser. Learn more at https://react.dev/link/wrap-tests-with-act
An update to TestComponent inside a test was not wrapped in act(...).

When testing, code that causes React state updates should be wrapped into act(...):

act(() => {
  /* fire events that update state */
});
/* assert on the output */

This ensures that you're testing the behavior the user would see in the browser. Learn more at https://react.dev/link/wrap-tests-with-act
An update to TestComponent inside a test was not wrapped in act(...).

When testing, code that causes React state updates should be wrapped into act(...):

act(() => {
  /* fire events that update state */
});
/* assert on the output */

This ensures that you're testing the behavior the user would see in the browser. Learn more at https://react.dev/link/wrap-tests-with-act
An update to TestComponent inside a test was not wrapped in act(...).

When testing, code that causes React state updates should be wrapped into act(...):

act(() => {
  /* fire events that update state */
});
/* assert on the output */

This ensures that you're testing the behavior the user would see in the browser. Learn more at https://react.dev/link/wrap-tests-with-act
An update to TestComponent inside a test was not wrapped in act(...).

When testing, code that causes React state updates should be wrapped into act(...):

act(() => {
  /* fire events that update state */
});
/* assert on the output */

This ensures that you're testing the behavior the user would see in the browser. Learn more at https://react.dev/link/wrap-tests-with-act
An update to TestComponent inside a test was not wrapped in act(...).

When testing, code that causes React state updates should be wrapped into act(...):

act(() => {
  /* fire events that update state */
});
/* assert on the output */

This ensures that you're testing the behavior the user would see in the browser. Learn more at https://react.dev/link/wrap-tests-with-act
An update to TestComponent inside a test was not wrapped in act(...).

When testing, code that causes React state updates should be wrapped into act(...):

act(() => {
  /* fire events that update state */
});
/* assert on the output */

This ensures that you're testing the behavior the user would see in the browser. Learn more at https://react.dev/link/wrap-tests-with-act
An update to TestComponent inside a test was not wrapped in act(...).

When testing, code that causes React state updates should be wrapped into act(...):

act(() => {
  /* fire events that update state */
});
/* assert on the output */

This ensures that you're testing the behavior the user would see in the browser. Learn more at https://react.dev/link/wrap-tests-with-act
An update to TestComponent inside a test was not wrapped in act(...).

When testing, code that causes React state updates should be wrapped into act(...):

act(() => {
  /* fire events that update state */
});
/* assert on the output */

This ensures that you're testing the behavior the user would see in the browser. Learn more at https://react.dev/link/wrap-tests-with-act
An update to TestComponent inside a test was not wrapped in act(...).

When testing, code that causes React state updates should be wrapped into act(...):

act(() => {
  /* fire events that update state */
});
/* assert on the output */

This ensures that you're testing the behavior the user would see in the browser. Learn more at https://react.dev/link/wrap-tests-with-act
An update to TestComponent inside a test was not wrapped in act(...).

When testing, code that causes React state updates should be wrapped into act(...):

act(() => {
  /* fire events that update state */
});
/* assert on the output */

This ensures that you're testing the behavior the user would see in the browser. Learn more at https://react.dev/link/wrap-tests-with-act
An update to TestComponent inside a test was not wrapped in act(...).

When testing, code that causes React state updates should be wrapped into act(...):

act(() => {
  /* fire events that update state */
});
/* assert on the output */

This ensures that you're testing the behavior the user would see in the browser. Learn more at https://react.dev/link/wrap-tests-with-act
An update to TestComponent inside a test was not wrapped in act(...).

When testing, code that causes React state updates should be wrapped into act(...):

act(() => {
  /* fire events that update state */
});
/* assert on the output */

This ensures that you're testing the behavior the user would see in the browser. Learn more at https://react.dev/link/wrap-tests-with-act
An update to TestComponent inside a test was not wrapped in act(...).

When testing, code that causes React state updates should be wrapped into act(...):

act(() => {
  /* fire events that update state */
});
/* assert on the output */

This ensures that you're testing the behavior the user would see in the browser. Learn more at https://react.dev/link/wrap-tests-with-act
An update to TestComponent inside a test was not wrapped in act(...).

When testing, code that causes React state updates should be wrapped into act(...):

act(() => {
  /* fire events that update state */
});
/* assert on the output */

This ensures that you're testing the behavior the user would see in the browser. Learn more at https://react.dev/link/wrap-tests-with-act
An update to TestComponent inside a test was not wrapped in act(...).

When testing, code that causes React state updates should be wrapped into act(...):

act(() => {
  /* fire events that update state */
});
/* assert on the output */

This ensures that you're testing the behavior the user would see in the browser. Learn more at https://react.dev/link/wrap-tests-with-act
An update to TestComponent inside a test was not wrapped in act(...).

When testing, code that causes React state updates should be wrapped into act(...):

act(() => {
  /* fire events that update state */
});
/* assert on the output */

This ensures that you're testing the behavior the user would see in the browser. Learn more at https://react.dev/link/wrap-tests-with-act
An update to TestComponent inside a test was not wrapped in act(...).

When testing, code that causes React state updates should be wrapped into act(...):

act(() => {
  /* fire events that update state */
});
/* assert on the output */

This ensures that you're testing the behavior the user would see in the browser. Learn more at https://react.dev/link/wrap-tests-with-act
An update to TestComponent inside a test was not wrapped in act(...).

When testing, code that causes React state updates should be wrapped into act(...):

act(() => {
  /* fire events that update state */
});
/* assert on the output */

This ensures that you're testing the behavior the user would see in the browser. Learn more at https://react.dev/link/wrap-tests-with-act
An update to TestComponent inside a test was not wrapped in act(...).

When testing, code that causes React state updates should be wrapped into act(...):

act(() => {
  /* fire events that update state */
});
/* assert on the output */

This ensures that you're testing the behavior the user would see in the browser. Learn more at https://react.dev/link/wrap-tests-with-act

[90mstderr[2m | src/hooks/platform/sync/__tests__/useSyncHealthIndicator.test.ts[2m > [22m[2museSyncHealthIndicator[2m > [22m[2mshould set up periodic health checks
[22m[39mAn update to TestComponent inside a test was not wrapped in act(...).

When testing, code that causes React state updates should be wrapped into act(...):

act(() => {
  /* fire events that update state */
});
/* assert on the output */

This ensures that you're testing the behavior the user would see in the browser. Learn more at https://react.dev/link/wrap-tests-with-act
An update to TestComponent inside a test was not wrapped in act(...).

When testing, code that causes React state updates should be wrapped into act(...):

act(() => {
  /* fire events that update state */
});
/* assert on the output */

This ensures that you're testing the behavior the user would see in the browser. Learn more at https://react.dev/link/wrap-tests-with-act

[90mstderr[2m | src/hooks/platform/sync/__tests__/useSyncHealthIndicator.test.ts[2m > [22m[2museSyncHealthIndicator[2m > [22m[2mshould set up periodic health checks
[22m[39mAn update to TestComponent inside a test was not wrapped in act(...).

When testing, code that causes React state updates should be wrapped into act(...):

act(() => {
  /* fire events that update state */
});
/* assert on the output */

This ensures that you're testing the behavior the user would see in the browser. Learn more at https://react.dev/link/wrap-tests-with-act
An update to TestComponent inside a test was not wrapped in act(...).

When testing, code that causes React state updates should be wrapped into act(...):

act(() => {
  /* fire events that update state */
});
/* assert on the output */

This ensures that you're testing the behavior the user would see in the browser. Learn more at https://react.dev/link/wrap-tests-with-act
An update to TestComponent inside a test was not wrapped in act(...).

When testing, code that causes React state updates should be wrapped into act(...):

act(() => {
  /* fire events that update state */
});
/* assert on the output */

This ensures that you're testing the behavior the user would see in the browser. Learn more at https://react.dev/link/wrap-tests-with-act
An update to TestComponent inside a test was not wrapped in act(...).

When testing, code that causes React state updates should be wrapped into act(...):

act(() => {
  /* fire events that update state */
});
/* assert on the output */

This ensures that you're testing the behavior the user would see in the browser. Learn more at https://react.dev/link/wrap-tests-with-act
An update to TestComponent inside a test was not wrapped in act(...).

When testing, code that causes React state updates should be wrapped into act(...):

act(() => {
  /* fire events that update state */
});
/* assert on the output */

This ensures that you're testing the behavior the user would see in the browser. Learn more at https://react.dev/link/wrap-tests-with-act
An update to TestComponent inside a test was not wrapped in act(...).

When testing, code that causes React state updates should be wrapped into act(...):

act(() => {
  /* fire events that update state */
});
/* assert on the output */

This ensures that you're testing the behavior the user would see in the browser. Learn more at https://react.dev/link/wrap-tests-with-act
An update to TestComponent inside a test was not wrapped in act(...).

When testing, code that causes React state updates should be wrapped into act(...):

act(() => {
  /* fire events that update state */
});
/* assert on the output */

This ensures that you're testing the behavior the user would see in the browser. Learn more at https://react.dev/link/wrap-tests-with-act
An update to TestComponent inside a test was not wrapped in act(...).

When testing, code that causes React state updates should be wrapped into act(...):

act(() => {
  /* fire events that update state */
});
/* assert on the output */

This ensures that you're testing the behavior the user would see in the browser. Learn more at https://react.dev/link/wrap-tests-with-act
An update to TestComponent inside a test was not wrapped in act(...).

When testing, code that causes React state updates should be wrapped into act(...):

act(() => {
  /* fire events that update state */
});
/* assert on the output */

This ensures that you're testing the behavior the user would see in the browser. Learn more at https://react.dev/link/wrap-tests-with-act
An update to TestComponent inside a test was not wrapped in act(...).

When testing, code that causes React state updates should be wrapped into act(...):

act(() => {
  /* fire events that update state */
});
/* assert on the output */

This ensures that you're testing the behavior the user would see in the browser. Learn more at https://react.dev/link/wrap-tests-with-act
An update to TestComponent inside a test was not wrapped in act(...).

When testing, code that causes React state updates should be wrapped into act(...):

act(() => {
  /* fire events that update state */
});
/* assert on the output */

This ensures that you're testing the behavior the user would see in the browser. Learn more at https://react.dev/link/wrap-tests-with-act
An update to TestComponent inside a test was not wrapped in act(...).

When testing, code that causes React state updates should be wrapped into act(...):

act(() => {
  /* fire events that update state */
});
/* assert on the output */

This ensures that you're testing the behavior the user would see in the browser. Learn more at https://react.dev/link/wrap-tests-with-act
An update to TestComponent inside a test was not wrapped in act(...).

When testing, code that causes React state updates should be wrapped into act(...):

act(() => {
  /* fire events that update state */
});
/* assert on the output */

This ensures that you're testing the behavior the user would see in the browser. Learn more at https://react.dev/link/wrap-tests-with-act
An update to TestComponent inside a test was not wrapped in act(...).

When testing, code that causes React state updates should be wrapped into act(...):

act(() => {
  /* fire events that update state */
});
/* assert on the output */

This ensures that you're testing the behavior the user would see in the browser. Learn more at https://react.dev/link/wrap-tests-with-act
An update to TestComponent inside a test was not wrapped in act(...).

When testing, code that causes React state updates should be wrapped into act(...):

act(() => {
  /* fire events that update state */
});
/* assert on the output */

This ensures that you're testing the behavior the user would see in the browser. Learn more at https://react.dev/link/wrap-tests-with-act
An update to TestComponent inside a test was not wrapped in act(...).

When testing, code that causes React state updates should be wrapped into act(...):

act(() => {
  /* fire events that update state */
});
/* assert on the output */

This ensures that you're testing the behavior the user would see in the browser. Learn more at https://react.dev/link/wrap-tests-with-act
An update to TestComponent inside a test was not wrapped in act(...).

When testing, code that causes React state updates should be wrapped into act(...):

act(() => {
  /* fire events that update state */
});
/* assert on the output */

This ensures that you're testing the behavior the user would see in the browser. Learn more at https://react.dev/link/wrap-tests-with-act
An update to TestComponent inside a test was not wrapped in act(...).

When testing, code that causes React state updates should be wrapped into act(...):

act(() => {
  /* fire events that update state */
});
/* assert on the output */

This ensures that you're testing the behavior the user would see in the browser. Learn more at https://react.dev/link/wrap-tests-with-act
An update to TestComponent inside a test was not wrapped in act(...).

When testing, code that causes React state updates should be wrapped into act(...):

act(() => {
  /* fire events that update state */
});
/* assert on the output */

This ensures that you're testing the behavior the user would see in the browser. Learn more at https://react.dev/link/wrap-tests-with-act
An update to TestComponent inside a test was not wrapped in act(...).

When testing, code that causes React state updates should be wrapped into act(...):

act(() => {
  /* fire events that update state */
});
/* assert on the output */

This ensures that you're testing the behavior the user would see in the browser. Learn more at https://react.dev/link/wrap-tests-with-act
An update to TestComponent inside a test was not wrapped in act(...).

When testing, code that causes React state updates should be wrapped into act(...):

act(() => {
  /* fire events that update state */
});
/* assert on the output */

This ensures that you're testing the behavior the user would see in the browser. Learn more at https://react.dev/link/wrap-tests-with-act
An update to TestComponent inside a test was not wrapped in act(...).

When testing, code that causes React state updates should be wrapped into act(...):

act(() => {
  /* fire events that update state */
});
/* assert on the output */

This ensures that you're testing the behavior the user would see in the browser. Learn more at https://react.dev/link/wrap-tests-with-act
An update to TestComponent inside a test was not wrapped in act(...).

When testing, code that causes React state updates should be wrapped into act(...):

act(() => {
  /* fire events that update state */
});
/* assert on the output */

This ensures that you're testing the behavior the user would see in the browser. Learn more at https://react.dev/link/wrap-tests-with-act
An update to TestComponent inside a test was not wrapped in act(...).

When testing, code that causes React state updates should be wrapped into act(...):

act(() => {
  /* fire events that update state */
});
/* assert on the output */

This ensures that you're testing the behavior the user would see in the browser. Learn more at https://react.dev/link/wrap-tests-with-act
An update to TestComponent inside a test was not wrapped in act(...).

When testing, code that causes React state updates should be wrapped into act(...):

act(() => {
  /* fire events that update state */
});
/* assert on the output */

This ensures that you're testing the behavior the user would see in the browser. Learn more at https://react.dev/link/wrap-tests-with-act
An update to TestComponent inside a test was not wrapped in act(...).

When testing, code that causes React state updates should be wrapped into act(...):

act(() => {
  /* fire events that update state */
});
/* assert on the output */

This ensures that you're testing the behavior the user would see in the browser. Learn more at https://react.dev/link/wrap-tests-with-act

[90mstderr[2m | src/hooks/platform/sync/__tests__/useSyncHealthIndicator.test.ts[2m > [22m[2museSyncHealthIndicator[2m > [22m[2mshould provide dropdown ref for outside click handling
[22m[39mAn update to TestComponent inside a test was not wrapped in act(...).

When testing, code that causes React state updates should be wrapped into act(...):

act(() => {
  /* fire events that update state */
});
/* assert on the output */

This ensures that you're testing the behavior the user would see in the browser. Learn more at https://react.dev/link/wrap-tests-with-act

[90mstderr[2m | src/hooks/platform/sync/__tests__/useSyncHealthIndicator.test.ts[2m > [22m[2museSyncHealthIndicator[2m > [22m[2mshould provide dropdown ref for outside click handling
[22m[39mAn update to TestComponent inside a test was not wrapped in act(...).

When testing, code that causes React state updates should be wrapped into act(...):

act(() => {
  /* fire events that update state */
});
/* assert on the output */

This ensures that you're testing the behavior the user would see in the browser. Learn more at https://react.dev/link/wrap-tests-with-act
An update to TestComponent inside a test was not wrapped in act(...).

When testing, code that causes React state updates should be wrapped into act(...):

act(() => {
  /* fire events that update state */
});
/* assert on the output */

This ensures that you're testing the behavior the user would see in the browser. Learn more at https://react.dev/link/wrap-tests-with-act
An update to TestComponent inside a test was not wrapped in act(...).

When testing, code that causes React state updates should be wrapped into act(...):

act(() => {
  /* fire events that update state */
});
/* assert on the output */

This ensures that you're testing the behavior the user would see in the browser. Learn more at https://react.dev/link/wrap-tests-with-act
An update to TestComponent inside a test was not wrapped in act(...).

When testing, code that causes React state updates should be wrapped into act(...):

act(() => {
  /* fire events that update state */
});
/* assert on the output */

This ensures that you're testing the behavior the user would see in the browser. Learn more at https://react.dev/link/wrap-tests-with-act
An update to TestComponent inside a test was not wrapped in act(...).

When testing, code that causes React state updates should be wrapped into act(...):

act(() => {
  /* fire events that update state */
});
/* assert on the output */

This ensures that you're testing the behavior the user would see in the browser. Learn more at https://react.dev/link/wrap-tests-with-act
An update to TestComponent inside a test was not wrapped in act(...).

When testing, code that causes React state updates should be wrapped into act(...):

act(() => {
  /* fire events that update state */
});
/* assert on the output */

This ensures that you're testing the behavior the user would see in the browser. Learn more at https://react.dev/link/wrap-tests-with-act
An update to TestComponent inside a test was not wrapped in act(...).

When testing, code that causes React state updates should be wrapped into act(...):

act(() => {
  /* fire events that update state */
});
/* assert on the output */

This ensures that you're testing the behavior the user would see in the browser. Learn more at https://react.dev/link/wrap-tests-with-act
An update to TestComponent inside a test was not wrapped in act(...).

When testing, code that causes React state updates should be wrapped into act(...):

act(() => {
  /* fire events that update state */
});
/* assert on the output */

This ensures that you're testing the behavior the user would see in the browser. Learn more at https://react.dev/link/wrap-tests-with-act
An update to TestComponent inside a test was not wrapped in act(...).

When testing, code that causes React state updates should be wrapped into act(...):

act(() => {
  /* fire events that update state */
});
/* assert on the output */

This ensures that you're testing the behavior the user would see in the browser. Learn more at https://react.dev/link/wrap-tests-with-act
An update to TestComponent inside a test was not wrapped in act(...).

When testing, code that causes React state updates should be wrapped into act(...):

act(() => {
  /* fire events that update state */
});
/* assert on the output */

This ensures that you're testing the behavior the user would see in the browser. Learn more at https://react.dev/link/wrap-tests-with-act
An update to TestComponent inside a test was not wrapped in act(...).

When testing, code that causes React state updates should be wrapped into act(...):

act(() => {
  /* fire events that update state */
});
/* assert on the output */

This ensures that you're testing the behavior the user would see in the browser. Learn more at https://react.dev/link/wrap-tests-with-act
An update to TestComponent inside a test was not wrapped in act(...).

When testing, code that causes React state updates should be wrapped into act(...):

act(() => {
  /* fire events that update state */
});
/* assert on the output */

This ensures that you're testing the behavior the user would see in the browser. Learn more at https://react.dev/link/wrap-tests-with-act
An update to TestComponent inside a test was not wrapped in act(...).

When testing, code that causes React state updates should be wrapped into act(...):

act(() => {
  /* fire events that update state */
});
/* assert on the output */

This ensures that you're testing the behavior the user would see in the browser. Learn more at https://react.dev/link/wrap-tests-with-act
An update to TestComponent inside a test was not wrapped in act(...).

When testing, code that causes React state updates should be wrapped into act(...):

act(() => {
  /* fire events that update state */
});
/* assert on the output */

This ensures that you're testing the behavior the user would see in the browser. Learn more at https://react.dev/link/wrap-tests-with-act
An update to TestComponent inside a test was not wrapped in act(...).

When testing, code that causes React state updates should be wrapped into act(...):

act(() => {
  /* fire events that update state */
});
/* assert on the output */

This ensures that you're testing the behavior the user would see in the browser. Learn more at https://react.dev/link/wrap-tests-with-act
An update to TestComponent inside a test was not wrapped in act(...).

When testing, code that causes React state updates should be wrapped into act(...):

act(() => {
  /* fire events that update state */
});
/* assert on the output */

This ensures that you're testing the behavior the user would see in the browser. Learn more at https://react.dev/link/wrap-tests-with-act
An update to TestComponent inside a test was not wrapped in act(...).

When testing, code that causes React state updates should be wrapped into act(...):

act(() => {
  /* fire events that update state */
});
/* assert on the output */

This ensures that you're testing the behavior the user would see in the browser. Learn more at https://react.dev/link/wrap-tests-with-act
An update to TestComponent inside a test was not wrapped in act(...).

When testing, code that causes React state updates should be wrapped into act(...):

act(() => {
  /* fire events that update state */
});
/* assert on the output */

This ensures that you're testing the behavior the user would see in the browser. Learn more at https://react.dev/link/wrap-tests-with-act
An update to TestComponent inside a test was not wrapped in act(...).

When testing, code that causes React state updates should be wrapped into act(...):

act(() => {
  /* fire events that update state */
});
/* assert on the output */

This ensures that you're testing the behavior the user would see in the browser. Learn more at https://react.dev/link/wrap-tests-with-act
An update to TestComponent inside a test was not wrapped in act(...).

When testing, code that causes React state updates should be wrapped into act(...):

act(() => {
  /* fire events that update state */
});
/* assert on the output */

This ensures that you're testing the behavior the user would see in the browser. Learn more at https://react.dev/link/wrap-tests-with-act
An update to TestComponent inside a test was not wrapped in act(...).

When testing, code that causes React state updates should be wrapped into act(...):

act(() => {
  /* fire events that update state */
});
/* assert on the output */

This ensures that you're testing the behavior the user would see in the browser. Learn more at https://react.dev/link/wrap-tests-with-act
An update to TestComponent inside a test was not wrapped in act(...).

When testing, code that causes React state updates should be wrapped into act(...):

act(() => {
  /* fire events that update state */
});
/* assert on the output */

This ensures that you're testing the behavior the user would see in the browser. Learn more at https://react.dev/link/wrap-tests-with-act
An update to TestComponent inside a test was not wrapped in act(...).

When testing, code that causes React state updates should be wrapped into act(...):

act(() => {
  /* fire events that update state */
});
/* assert on the output */

This ensures that you're testing the behavior the user would see in the browser. Learn more at https://react.dev/link/wrap-tests-with-act
An update to TestComponent inside a test was not wrapped in act(...).

When testing, code that causes React state updates should be wrapped into act(...):

act(() => {
  /* fire events that update state */
});
/* assert on the output */

This ensures that you're testing the behavior the user would see in the browser. Learn more at https://react.dev/link/wrap-tests-with-act
An update to TestComponent inside a test was not wrapped in act(...).

When testing, code that causes React state updates should be wrapped into act(...):

act(() => {
  /* fire events that update state */
});
/* assert on the output */

This ensures that you're testing the behavior the user would see in the browser. Learn more at https://react.dev/link/wrap-tests-with-act
An update to TestComponent inside a test was not wrapped in act(...).

When testing, code that causes React state updates should be wrapped into act(...):

act(() => {
  /* fire events that update state */
});
/* assert on the output */

This ensures that you're testing the behavior the user would see in the browser. Learn more at https://react.dev/link/wrap-tests-with-act

 [32m✓[39m src/hooks/platform/sync/__tests__/useSyncHealthIndicator.test.ts [2m([22m[2m9 tests[22m[2m)[22m[33m 394[2mms[22m[39m
 [32m✓[39m src/utils/sync/__tests__/SyncMutex.test.ts [2m([22m[2m11 tests[22m[2m)[22m[32m 253[2mms[22m[39m
 [32m✓[39m src/utils/transactions/__tests__/operations.test.ts [2m([22m[2m36 tests[22m[2m)[22m[33m 767[2mms[22m[39m
       [33m[2m✓[22m[39m should format transaction for display [33m 555[2mms[22m[39m
 [32m✓[39m src/hooks/common/__tests__/useModalManager.test.ts [2m([22m[2m12 tests[22m[2m)[22m[32m 198[2mms[22m[39m
[90mstdout[2m | src/hooks/budgeting/transactions/__tests__/useTransactionLedger.test.tsx[2m > [22m[2museTransactionLedger[2m > [22m[2mshould initialize with default state values
[22m[39m🔍 [DEV-SITE] Fetching transactions from Dexie { source: [32m'useTransactionQuery'[39m }

[90mstdout[2m | src/hooks/budgeting/transactions/__tests__/useTransactionLedger.test.tsx[2m > [22m[2museTransactionLedger[2m > [22m[2mshould provide filter state and handlers
[22m[39m🔍 [DEV-SITE] Fetching transactions from Dexie { source: [32m'useTransactionQuery'[39m }

[90mstdout[2m | src/hooks/budgeting/transactions/__tests__/useTransactionLedger.test.tsx[2m > [22m[2museTransactionLedger[2m > [22m[2mshould handle filter changes correctly
[22m[39m🔍 [DEV-SITE] Fetching transactions from Dexie { source: [32m'useTransactionQuery'[39m }

[90mstdout[2m | src/hooks/budgeting/transactions/__tests__/useTransactionLedger.test.tsx[2m > [22m[2museTransactionLedger[2m > [22m[2mshould handle pagination correctly
[22m[39m🔍 [DEV-SITE] Fetching transactions from Dexie { source: [32m'useTransactionQuery'[39m }

[90mstdout[2m | src/hooks/budgeting/transactions/__tests__/useTransactionLedger.test.tsx[2m > [22m[2museTransactionLedger[2m > [22m[2mshould provide modal state management
[22m[39m🔍 [DEV-SITE] Fetching transactions from Dexie { source: [32m'useTransactionQuery'[39m }

[90mstdout[2m | src/hooks/budgeting/transactions/__tests__/useTransactionLedger.test.tsx[2m > [22m[2museTransactionLedger[2m > [22m[2mshould provide transaction operations
[22m[39m🔍 [DEV-SITE] Fetching transactions from Dexie { source: [32m'useTransactionQuery'[39m }

[90mstdout[2m | src/hooks/budgeting/transactions/__tests__/useTransactionLedger.test.tsx[2m > [22m[2museTransactionLedger[2m > [22m[2mshould provide import operations
[22m[39m🔍 [DEV-SITE] Fetching transactions from Dexie { source: [32m'useTransactionQuery'[39m }

[90mstdout[2m | src/hooks/budgeting/transactions/__tests__/useTransactionLedger.test.tsx[2m > [22m[2museTransactionLedger[2m > [22m[2mshould calculate total pages correctly
[22m[39m🔍 [DEV-SITE] Fetching transactions from Dexie { source: [32m'useTransactionQuery'[39m }

[90mstdout[2m | src/hooks/budgeting/transactions/__tests__/useTransactionLedger.test.tsx[2m > [22m[2museTransactionLedger[2m > [22m[2mshould return loading state from dependencies
[22m[39m🔍 [DEV-SITE] Fetching transactions from Dexie { source: [32m'useTransactionQuery'[39m }

 [32m✓[39m src/hooks/budgeting/transactions/__tests__/useTransactionLedger.test.tsx [2m([22m[2m9 tests[22m[2m)[22m[33m 1334[2mms[22m[39m
     [33m[2m✓[22m[39m should handle pagination correctly [33m 463[2mms[22m[39m
 [32m✓[39m src/hooks/receipts/__tests__/useReceiptScanner.test.ts [2m([22m[2m9 tests[22m[2m)[22m[33m 1428[2mms[22m[39m
     [33m[2m✓[22m[39m should validate file size correctly [33m 623[2mms[22m[39m
 [32m✓[39m src/hooks/auth/__tests__/useUserSetup.test.ts [2m([22m[2m15 tests[22m[2m)[22m[33m 2100[2mms[22m[39m
     [33m[2m✓[22m[39m should initialize with saved profile for returning user [33m 356[2mms[22m[39m
     [33m[2m✓[22m[39m should clear saved profile [33m 743[2mms[22m[39m
 [32m✓[39m src/hooks/budgeting/transactions/__tests__/useTransactionOperations.test.ts [2m([22m[2m5 tests[22m[2m)[22m[33m 488[2mms[22m[39m
[90mstdout[2m | src/utils/sync/__tests__/performanceEdgeCases.test.ts[2m > [22m[2mPerformance Edge Cases[2m > [22m[2mLarge Data Backup Creation (1000+ records)[2m > [22m[2mshould create backup with large dataset in reasonable time
[22m[39m🔍 [DEV-SITE] 📦 Creating automatic pre-sync backup {
  backupId: [32m'auto_backup_performance-test_1767826852391'[39m,
  syncType: [32m'performance-test'[39m
}

[90mstdout[2m | src/utils/sync/__tests__/performanceEdgeCases.test.ts[2m > [22m[2mPerformance Edge Cases[2m > [22m[2mLarge Data Backup Creation (1000+ records)[2m > [22m[2mshould create backup with large dataset in reasonable time
[22m[39m🔍 [DEV-SITE] Backup stored in IndexedDB { backupId: [32m'auto_backup_performance-test_1767826852391'[39m }

[90mstdout[2m | src/utils/sync/__tests__/performanceEdgeCases.test.ts[2m > [22m[2mPerformance Edge Cases[2m > [22m[2mLarge Data Backup Creation (1000+ records)[2m > [22m[2mshould create backup with large dataset in reasonable time
[22m[39mℹ️ [PERFORMANCE] Backup create completed completed in 22.10595900000044ms {
  duration: [33m22.10595900000044[39m,
  operation: [32m'Backup create completed'[39m,
  backup_type: [32m'pre_sync'[39m,
  sync_type: [32m'performance-test'[39m,
  isSlow: [33mfalse[39m
}

[90mstdout[2m | src/utils/sync/__tests__/performanceEdgeCases.test.ts[2m > [22m[2mPerformance Edge Cases[2m > [22m[2mLarge Data Backup Creation (1000+ records)[2m > [22m[2mshould create backup with large dataset in reasonable time
[22m[39m🟢 [PROD] 📦 Auto backup created successfully {
  backupId: [32m'auto_backup_performance-test_1767826852391'[39m,
  records: [33m1800[39m,
  size: [32m'336.92 KB'[39m
}

[90mstderr[2m | src/utils/sync/__tests__/performanceEdgeCases.test.ts[2m > [22m[2mPerformance Edge Cases[2m > [22m[2mLarge Data Restore (1000+ records)[2m > [22m[2mshould restore large backup with validation
[22m[39m⚠️ 🔄 Restoring from automatic backup { backupId: [32m'large-backup'[39m }

[90mstdout[2m | src/utils/sync/__tests__/performanceEdgeCases.test.ts[2m > [22m[2mPerformance Edge Cases[2m > [22m[2mLarge Data Restore (1000+ records)[2m > [22m[2mshould restore large backup with validation
[22m[39m🟢 [PROD] ✅ Successfully restored from backup {
  backupId: [32m'large-backup'[39m,
  timestamp: [32m'2026-01-07T23:00:52.429Z'[39m,
  envelopesRestored: [33m500[39m,
  envelopesSkipped: [33m0[39m,
  transactionsRestored: [33m1000[39m,
  transactionsSkipped: [33m0[39m,
  billsRestored: [33m100[39m,
  billsSkipped: [33m0[39m,
  debtsRestored: [33m100[39m,
  debtsSkipped: [33m0[39m,
  paycheckHistoryRestored: [33m100[39m,
  paycheckHistorySkipped: [33m0[39m
}

[90mstdout[2m | src/utils/sync/__tests__/performanceEdgeCases.test.ts[2m > [22m[2mPerformance Edge Cases[2m > [22m[2mLarge Data Restore (1000+ records)[2m > [22m[2mshould restore large backup with validation
[22m[39mℹ️ [PERFORMANCE] Backup restore completed completed in 58.99608400000034ms {
  duration: [33m58.99608400000034[39m,
  operation: [32m'Backup restore completed'[39m,
  backup_id: [32m'large-backup'[39m,
  isSlow: [33mfalse[39m
}

[90mstderr[2m | src/utils/sync/__tests__/performanceEdgeCases.test.ts[2m > [22m[2mPerformance Edge Cases[2m > [22m[2mLarge Data Restore (1000+ records)[2m > [22m[2mshould handle transaction batching during large restore
[22m[39m⚠️ 🔄 Restoring from automatic backup { backupId: [32m'large-backup'[39m }

[90mstdout[2m | src/utils/sync/__tests__/performanceEdgeCases.test.ts[2m > [22m[2mPerformance Edge Cases[2m > [22m[2mLarge Data Restore (1000+ records)[2m > [22m[2mshould handle transaction batching during large restore
[22m[39m🟢 [PROD] ✅ Successfully restored from backup {
  backupId: [32m'large-backup'[39m,
  timestamp: [32m'2026-01-07T23:00:52.491Z'[39m,
  envelopesRestored: [33m500[39m,
  envelopesSkipped: [33m0[39m,
  transactionsRestored: [33m1000[39m,
  transactionsSkipped: [33m0[39m,
  billsRestored: [33m100[39m,
  billsSkipped: [33m0[39m,
  debtsRestored: [33m100[39m,
  debtsSkipped: [33m0[39m,
  paycheckHistoryRestored: [33m100[39m,
  paycheckHistorySkipped: [33m0[39m
}

[90mstdout[2m | src/utils/sync/__tests__/performanceEdgeCases.test.ts[2m > [22m[2mPerformance Edge Cases[2m > [22m[2mLarge Data Restore (1000+ records)[2m > [22m[2mshould handle transaction batching during large restore
[22m[39mℹ️ [PERFORMANCE] Backup restore completed completed in 40.92429099999936ms {
  duration: [33m40.92429099999936[39m,
  operation: [32m'Backup restore completed'[39m,
  backup_id: [32m'large-backup'[39m,
  isSlow: [33mfalse[39m
}

[90mstdout[2m | src/utils/sync/__tests__/performanceEdgeCases.test.ts[2m > [22m[2mPerformance Edge Cases[2m > [22m[2mMemory Usage with Large Datasets[2m > [22m[2mshould handle repeated backup operations without memory leaks
[22m[39m🔍 [DEV-SITE] 📦 Creating automatic pre-sync backup {
  backupId: [32m'auto_backup_iteration-0_1767826852543'[39m,
  syncType: [32m'iteration-0'[39m
}

[90mstdout[2m | src/utils/sync/__tests__/performanceEdgeCases.test.ts[2m > [22m[2mPerformance Edge Cases[2m > [22m[2mMemory Usage with Large Datasets[2m > [22m[2mshould handle repeated backup operations without memory leaks
[22m[39m🔍 [DEV-SITE] Backup stored in IndexedDB { backupId: [32m'auto_backup_iteration-0_1767826852543'[39m }

[90mstdout[2m | src/utils/sync/__tests__/performanceEdgeCases.test.ts[2m > [22m[2mPerformance Edge Cases[2m > [22m[2mMemory Usage with Large Datasets[2m > [22m[2mshould handle repeated backup operations without memory leaks
[22m[39mℹ️ [PERFORMANCE] Backup create completed completed in 7.723500000000058ms {
  duration: [33m7.723500000000058[39m,
  operation: [32m'Backup create completed'[39m,
  backup_type: [32m'pre_sync'[39m,
  sync_type: [32m'iteration-0'[39m,
  isSlow: [33mfalse[39m
}

[90mstdout[2m | src/utils/sync/__tests__/performanceEdgeCases.test.ts[2m > [22m[2mPerformance Edge Cases[2m > [22m[2mMemory Usage with Large Datasets[2m > [22m[2mshould handle repeated backup operations without memory leaks
[22m[39m🟢 [PROD] 📦 Auto backup created successfully {
  backupId: [32m'auto_backup_iteration-0_1767826852543'[39m,
  records: [33m1800[39m,
  size: [32m'336.92 KB'[39m
}

[90mstdout[2m | src/utils/sync/__tests__/performanceEdgeCases.test.ts[2m > [22m[2mPerformance Edge Cases[2m > [22m[2mMemory Usage with Large Datasets[2m > [22m[2mshould handle repeated backup operations without memory leaks
[22m[39m🔍 [DEV-SITE] 📦 Creating automatic pre-sync backup {
  backupId: [32m'auto_backup_iteration-1_1767826852552'[39m,
  syncType: [32m'iteration-1'[39m
}

[90mstdout[2m | src/utils/sync/__tests__/performanceEdgeCases.test.ts[2m > [22m[2mPerformance Edge Cases[2m > [22m[2mMemory Usage with Large Datasets[2m > [22m[2mshould handle repeated backup operations without memory leaks
[22m[39m🔍 [DEV-SITE] Backup stored in IndexedDB { backupId: [32m'auto_backup_iteration-1_1767826852552'[39m }

[90mstdout[2m | src/utils/sync/__tests__/performanceEdgeCases.test.ts[2m > [22m[2mPerformance Edge Cases[2m > [22m[2mMemory Usage with Large Datasets[2m > [22m[2mshould handle repeated backup operations without memory leaks
[22m[39mℹ️ [PERFORMANCE] Backup create completed completed in 3.031082999999853ms {
  duration: [33m3.031082999999853[39m,
  operation: [32m'Backup create completed'[39m,
  backup_type: [32m'pre_sync'[39m,
  sync_type: [32m'iteration-1'[39m,
  isSlow: [33mfalse[39m
}

[90mstdout[2m | src/utils/sync/__tests__/performanceEdgeCases.test.ts[2m > [22m[2mPerformance Edge Cases[2m > [22m[2mMemory Usage with Large Datasets[2m > [22m[2mshould handle repeated backup operations without memory leaks
[22m[39m🟢 [PROD] 📦 Auto backup created successfully {
  backupId: [32m'auto_backup_iteration-1_1767826852552'[39m,
  records: [33m1800[39m,
  size: [32m'336.92 KB'[39m
}

[90mstdout[2m | src/utils/sync/__tests__/performanceEdgeCases.test.ts[2m > [22m[2mPerformance Edge Cases[2m > [22m[2mMemory Usage with Large Datasets[2m > [22m[2mshould handle repeated backup operations without memory leaks
[22m[39m🔍 [DEV-SITE] 📦 Creating automatic pre-sync backup {
  backupId: [32m'auto_backup_iteration-2_1767826852555'[39m,
  syncType: [32m'iteration-2'[39m
}

[90mstdout[2m | src/utils/sync/__tests__/performanceEdgeCases.test.ts[2m > [22m[2mPerformance Edge Cases[2m > [22m[2mMemory Usage with Large Datasets[2m > [22m[2mshould handle repeated backup operations without memory leaks
[22m[39m🔍 [DEV-SITE] Backup stored in IndexedDB { backupId: [32m'auto_backup_iteration-2_1767826852555'[39m }

[90mstdout[2m | src/utils/sync/__tests__/performanceEdgeCases.test.ts[2m > [22m[2mPerformance Edge Cases[2m > [22m[2mMemory Usage with Large Datasets[2m > [22m[2mshould handle repeated backup operations without memory leaks
[22m[39mℹ️ [PERFORMANCE] Backup create completed completed in 11.819208000000799ms {
  duration: [33m11.819208000000799[39m,
  operation: [32m'Backup create completed'[39m,
  backup_type: [32m'pre_sync'[39m,
  sync_type: [32m'iteration-2'[39m,
  isSlow: [33mfalse[39m
}

[90mstdout[2m | src/utils/sync/__tests__/performanceEdgeCases.test.ts[2m > [22m[2mPerformance Edge Cases[2m > [22m[2mMemory Usage with Large Datasets[2m > [22m[2mshould handle repeated backup operations without memory leaks
[22m[39m🟢 [PROD] 📦 Auto backup created successfully {
  backupId: [32m'auto_backup_iteration-2_1767826852555'[39m,
  records: [33m1800[39m,
  size: [32m'336.92 KB'[39m
}

[90mstdout[2m | src/utils/sync/__tests__/performanceEdgeCases.test.ts[2m > [22m[2mPerformance Edge Cases[2m > [22m[2mConcurrent Operations with Large Data[2m > [22m[2mshould handle multiple concurrent backup creations
[22m[39m🔍 [DEV-SITE] 📦 Creating automatic pre-sync backup {
  backupId: [32m'auto_backup_concurrent-1_1767826852579'[39m,
  syncType: [32m'concurrent-1'[39m
}
🔍 [DEV-SITE] 📦 Creating automatic pre-sync backup {
  backupId: [32m'auto_backup_concurrent-2_1767826852579'[39m,
  syncType: [32m'concurrent-2'[39m
}
🔍 [DEV-SITE] 📦 Creating automatic pre-sync backup {
  backupId: [32m'auto_backup_concurrent-3_1767826852579'[39m,
  syncType: [32m'concurrent-3'[39m
}

[90mstdout[2m | src/utils/sync/__tests__/performanceEdgeCases.test.ts[2m > [22m[2mPerformance Edge Cases[2m > [22m[2mConcurrent Operations with Large Data[2m > [22m[2mshould handle multiple concurrent backup creations
[22m[39m🔍 [DEV-SITE] Backup stored in IndexedDB { backupId: [32m'auto_backup_concurrent-1_1767826852579'[39m }
🔍 [DEV-SITE] Backup stored in IndexedDB { backupId: [32m'auto_backup_concurrent-2_1767826852579'[39m }
🔍 [DEV-SITE] Backup stored in IndexedDB { backupId: [32m'auto_backup_concurrent-3_1767826852579'[39m }

[90mstdout[2m | src/utils/sync/__tests__/performanceEdgeCases.test.ts[2m > [22m[2mPerformance Edge Cases[2m > [22m[2mConcurrent Operations with Large Data[2m > [22m[2mshould handle multiple concurrent backup creations
[22m[39mℹ️ [PERFORMANCE] Backup create completed completed in 38.845541999999114ms {
  duration: [33m38.845541999999114[39m,
  operation: [32m'Backup create completed'[39m,
  backup_type: [32m'pre_sync'[39m,
  sync_type: [32m'concurrent-1'[39m,
  isSlow: [33mfalse[39m
}
ℹ️ [PERFORMANCE] Backup create completed completed in 38.7479170000006ms {
  duration: [33m38.7479170000006[39m,
  operation: [32m'Backup create completed'[39m,
  backup_type: [32m'pre_sync'[39m,
  sync_type: [32m'concurrent-2'[39m,
  isSlow: [33mfalse[39m
}
ℹ️ [PERFORMANCE] Backup create completed completed in 38.785250000000815ms {
  duration: [33m38.785250000000815[39m,
  operation: [32m'Backup create completed'[39m,
  backup_type: [32m'pre_sync'[39m,
  sync_type: [32m'concurrent-3'[39m,
  isSlow: [33mfalse[39m
}

[90mstdout[2m | src/utils/sync/__tests__/performanceEdgeCases.test.ts[2m > [22m[2mPerformance Edge Cases[2m > [22m[2mConcurrent Operations with Large Data[2m > [22m[2mshould handle multiple concurrent backup creations
[22m[39m🟢 [PROD] 📦 Auto backup created successfully {
  backupId: [32m'auto_backup_concurrent-1_1767826852579'[39m,
  records: [33m1800[39m,
  size: [32m'336.92 KB'[39m
}
🟢 [PROD] 📦 Auto backup created successfully {
  backupId: [32m'auto_backup_concurrent-2_1767826852579'[39m,
  records: [33m1800[39m,
  size: [32m'336.92 KB'[39m
}
🟢 [PROD] 📦 Auto backup created successfully {
  backupId: [32m'auto_backup_concurrent-3_1767826852579'[39m,
  records: [33m1800[39m,
  size: [32m'336.92 KB'[39m
}

[90mstdout[2m | src/utils/sync/__tests__/performanceEdgeCases.test.ts[2m > [22m[2mPerformance Edge Cases[2m > [22m[2mEdge Cases with Maximum Data Sizes[2m > [22m[2mshould cleanup old backups when max is exceeded
[22m[39m🔍 [DEV-SITE] 🧹 Cleaned up old auto backups { deleted: [33m5[39m, remaining: [33m5[39m }

 [32m✓[39m src/utils/sync/__tests__/performanceEdgeCases.test.ts [2m([22m[2m14 tests[22m[2m)[22m[33m 408[2mms[22m[39m
[90mstdout[2m | src/components/bills/__tests__/AddBillModal.test.tsx[2m > [22m[2mAddBillModal[2m > [22m[2mRendering[2m > [22m[2mshould not render when isOpen is false
[22m[39m🔍 [DEV-SITE] TanStack Query: Fetching budget metadata from Dexie {}

[90mstdout[2m | src/components/bills/__tests__/AddBillModal.test.tsx[2m > [22m[2mAddBillModal[2m > [22m[2mRendering[2m > [22m[2mshould render when isOpen is true
[22m[39m🔍 [DEV-SITE] TanStack Query: Fetching budget metadata from Dexie {}

[90mstdout[2m | src/components/bills/__tests__/AddBillModal.test.tsx[2m > [22m[2mAddBillModal[2m > [22m[2mRendering[2m > [22m[2mshould display Add Bill title for new bills
[22m[39m🔍 [DEV-SITE] TanStack Query: Fetching budget metadata from Dexie {}

[90mstdout[2m | src/components/bills/__tests__/AddBillModal.test.tsx[2m > [22m[2mAddBillModal[2m > [22m[2mRendering[2m > [22m[2mshould display Edit Bill title when editing
[22m[39m🔍 [DEV-SITE] TanStack Query: Fetching budget metadata from Dexie {}

[90mstdout[2m | src/components/bills/__tests__/AddBillModal.test.tsx[2m > [22m[2mAddBillModal[2m > [22m[2mRendering[2m > [22m[2mshould render form fields
[22m[39m🔍 [DEV-SITE] TanStack Query: Fetching budget metadata from Dexie {}

[90mstdout[2m | src/components/bills/__tests__/AddBillModal.test.tsx[2m > [22m[2mAddBillModal[2m > [22m[2mRendering[2m > [22m[2mshould render modal header
[22m[39m🔍 [DEV-SITE] TanStack Query: Fetching budget metadata from Dexie {}

[90mstdout[2m | src/components/bills/__tests__/AddBillModal.test.tsx[2m > [22m[2mAddBillModal[2m > [22m[2mUser Interactions[2m > [22m[2mshould call onClose when close button is clicked
[22m[39m🔍 [DEV-SITE] TanStack Query: Fetching budget metadata from Dexie {}

Not implemented: Window's scrollTo() method
[90mstdout[2m | src/components/bills/__tests__/AddBillModal.test.tsx[2m > [22m[2mAddBillModal[2m > [22m[2mForm Fields[2m > [22m[2mshould render name and amount inputs
[22m[39m🔍 [DEV-SITE] TanStack Query: Fetching budget metadata from Dexie {}

 [32m✓[39m src/components/bills/__tests__/AddBillModal.test.tsx [2m([22m[2m8 tests[22m[2m)[22m[33m 1014[2mms[22m[39m
       [33m[2m✓[22m[39m should call onClose when close button is clicked [33m 678[2mms[22m[39m
 [32m✓[39m src/hooks/budgeting/transactions/__tests__/useTransactionFilters.test.ts [2m([22m[2m12 tests[22m[2m)[22m[32m 70[2mms[22m[39m
[90mstderr[2m | src/hooks/budgeting/envelopes/goals/__tests__/useSavingsGoalsActions.test.ts[2m > [22m[2museSavingsGoalsActions[2m > [22m[2mshould not close modal on error
[22m[39mAn update to TestComponent inside a test was not wrapped in act(...).

When testing, code that causes React state updates should be wrapped into act(...):

act(() => {
  /* fire events that update state */
});
/* assert on the output */

This ensures that you're testing the behavior the user would see in the browser. Learn more at https://react.dev/link/wrap-tests-with-act

 [32m✓[39m src/hooks/budgeting/envelopes/goals/__tests__/useSavingsGoalsActions.test.ts [2m([22m[2m19 tests[22m[2m)[22m[32m 95[2mms[22m[39m
 [32m✓[39m src/hooks/auth/__tests__/useSecurityManagerUI.test.ts [2m([22m[2m21 tests[22m[2m)[22m[32m 198[2mms[22m[39m
 [32m✓[39m src/hooks/platform/sync/__tests__/useFirebaseSync.test.ts [2m([22m[2m16 tests[22m[2m)[22m[32m 200[2mms[22m[39m
[90mstdout[2m | src/hooks/common/__tests__/useImportData.test.ts
[22m[39m🔍 [DEV-SITE] SecurityService: Initialized with EncryptionManager {}

 [32m✓[39m src/hooks/platform/mobile/__tests__/useBottomNavigation.test.ts [2m([22m[2m16 tests[22m[2m)[22m[32m 245[2mms[22m[39m
 [32m✓[39m src/hooks/budgeting/envelopes/liabilities/__tests__/useDebtMutations.test.ts [2m([22m[2m92 tests[22m[2m)[22m[32m 112[2mms[22m[39m
[90mstdout[2m | src/hooks/common/__tests__/useImportData.test.ts[2m > [22m[2museImportData[2m > [22m[2mshould import data successfully
[22m[39mℹ️ Starting import process {}

[90mstdout[2m | src/hooks/common/__tests__/useImportData.test.ts[2m > [22m[2museImportData[2m > [22m[2mshould import data successfully
[22m[39mℹ️ ✅ Data import completed and synced to cloud {
  envelopes: [33m0[39m,
  savingsEnvelopes: [33m0[39m,
  supplementalEnvelopes: [33m0[39m,
  transactions: [33m0[39m,
  bills: [33m0[39m,
  debts: [33m0[39m
}
ℹ️ TanStack Query cache invalidated and refetched after data import {}

[90mstdout[2m | src/hooks/common/__tests__/useImportData.test.ts[2m > [22m[2museImportData[2m > [22m[2mshould import data successfully
[22m[39mℹ️ [PERFORMANCE] Import operation completed completed in 6.68408399999953ms {
  duration: [33m6.68408399999953[39m,
  operation: [32m'Import operation completed'[39m,
  itemsImported: [33m0[39m,
  envelopes: [33m0[39m,
  transactions: [33m0[39m,
  bills: [33m0[39m,
  debts: [33m0[39m,
  validationWarnings: [33m0[39m,
  isSlow: [33mfalse[39m
}

[90mstdout[2m | src/hooks/common/__tests__/useImportData.test.ts[2m > [22m[2museImportData[2m > [22m[2mshould handle file read errors
[22m[39mℹ️ Starting import process {}

[90mstderr[2m | src/hooks/common/__tests__/useImportData.test.ts[2m > [22m[2museImportData[2m > [22m[2mshould handle file read errors
[22m[39m❌ Import failed Error: File read failed
    at [90m/Users/f4tdaddy/Git/violet-vault/[39msrc/hooks/common/__tests__/useImportData.test.ts:78:49
    at [90mfile:///Users/f4tdaddy/Git/violet-vault/[39mnode_modules/[4m@vitest/runner[24m/dist/index.js:145:11
    at [90mfile:///Users/f4tdaddy/Git/violet-vault/[39mnode_modules/[4m@vitest/runner[24m/dist/index.js:915:26
    at [90mfile:///Users/f4tdaddy/Git/violet-vault/[39mnode_modules/[4m@vitest/runner[24m/dist/index.js:1243:20
    at new Promise (<anonymous>)
    at runWithTimeout [90m(file:///Users/f4tdaddy/Git/violet-vault/[39mnode_modules/[4m@vitest/runner[24m/dist/index.js:1209:10[90m)[39m
    at [90mfile:///Users/f4tdaddy/Git/violet-vault/[39mnode_modules/[4m@vitest/runner[24m/dist/index.js:1653:37
    at Traces.$ [90m(file:///Users/f4tdaddy/Git/violet-vault/[39mnode_modules/[4mvitest[24m/dist/chunks/traces.U4xDYhzZ.js:115:27[90m)[39m
    at trace [90m(file:///Users/f4tdaddy/Git/violet-vault/[39mnode_modules/[4mvitest[24m/dist/chunks/test.B8ej_ZHS.js:239:21[90m)[39m
    at runTest [90m(file:///Users/f4tdaddy/Git/violet-vault/[39mnode_modules/[4m@vitest/runner[24m/dist/index.js:1653:12[90m)[39m {}

[90mstdout[2m | src/hooks/common/__tests__/useImportData.test.ts[2m > [22m[2museImportData[2m > [22m[2mshould handle JSON parsing errors
[22m[39mℹ️ Starting import process {}

[90mstderr[2m | src/hooks/common/__tests__/useImportData.test.ts[2m > [22m[2museImportData[2m > [22m[2mshould handle JSON parsing errors
[22m[39m❌ Import failed SyntaxError: Unexpected token 'i', "invalid json {" is not valid JSON
    at JSON.parse (<anonymous>)
    at Object.importData [90m(/Users/f4tdaddy/Git/violet-vault/[39msrc/hooks/common/useImportData.ts:391:35[90m)[39m {}

[90mstdout[2m | src/hooks/common/__tests__/useImportData.test.ts[2m > [22m[2museImportData[2m > [22m[2mshould handle validation errors
[22m[39mℹ️ Starting import process {}

[90mstderr[2m | src/hooks/common/__tests__/useImportData.test.ts[2m > [22m[2museImportData[2m > [22m[2mshould handle validation errors
[22m[39m❌ Import failed Error: Validation failed: Invalid data structure
    at [90m/Users/f4tdaddy/Git/violet-vault/[39msrc/hooks/common/__tests__/useImportData.test.ts:117:13
    at validateImportedData [90m(file:///Users/f4tdaddy/Git/violet-vault/[39mnode_modules/[4m@vitest/spy[24m/dist/index.js:285:34[90m)[39m
    at Object.importData [90m(/Users/f4tdaddy/Git/violet-vault/[39msrc/hooks/common/useImportData.ts:392:52[90m)[39m {}

[90mstdout[2m | src/hooks/common/__tests__/useImportData.test.ts[2m > [22m[2museImportData[2m > [22m[2mshould handle budget ID mismatch with user confirmation
[22m[39mℹ️ Starting import process {}

[90mstdout[2m | src/hooks/common/__tests__/useImportData.test.ts[2m > [22m[2museImportData[2m > [22m[2mshould handle budget ID mismatch with user confirmation
[22m[39mℹ️ ✅ Data import completed and synced to cloud {
  envelopes: [33m0[39m,
  savingsEnvelopes: [33m0[39m,
  supplementalEnvelopes: [33m0[39m,
  transactions: [33m0[39m,
  bills: [33m0[39m,
  debts: [33m0[39m
}
ℹ️ TanStack Query cache invalidated and refetched after data import {}

[90mstdout[2m | src/hooks/common/__tests__/useImportData.test.ts[2m > [22m[2museImportData[2m > [22m[2mshould handle budget ID mismatch with user confirmation
[22m[39mℹ️ [PERFORMANCE] Import operation completed completed in 3.74225000000024ms {
  duration: [33m3.74225000000024[39m,
  operation: [32m'Import operation completed'[39m,
  itemsImported: [33m0[39m,
  envelopes: [33m0[39m,
  transactions: [33m0[39m,
  bills: [33m0[39m,
  debts: [33m0[39m,
  validationWarnings: [33m0[39m,
  isSlow: [33mfalse[39m
}

[90mstdout[2m | src/hooks/common/__tests__/useImportData.test.ts[2m > [22m[2museImportData[2m > [22m[2mshould cancel import when user declines confirmation
[22m[39mℹ️ Starting import process {}

[90mstdout[2m | src/hooks/common/__tests__/useImportData.test.ts[2m > [22m[2museImportData[2m > [22m[2mshould cancel import when user declines confirmation
[22m[39mℹ️ Import cancelled by user {}

[90mstdout[2m | src/hooks/common/__tests__/useImportData.test.ts[2m > [22m[2museImportData[2m > [22m[2mshould handle validation warnings
[22m[39mℹ️ Starting import process {}

[90mstderr[2m | src/hooks/common/__tests__/useImportData.test.ts[2m > [22m[2museImportData[2m > [22m[2mshould handle validation warnings
[22m[39m⚠️ Import data has validation warnings { warningCount: [33m2[39m }

[90mstdout[2m | src/hooks/common/__tests__/useImportData.test.ts[2m > [22m[2museImportData[2m > [22m[2mshould handle validation warnings
[22m[39mℹ️ ✅ Data import completed and synced to cloud {
  envelopes: [33m0[39m,
  savingsEnvelopes: [33m0[39m,
  supplementalEnvelopes: [33m0[39m,
  transactions: [33m0[39m,
  bills: [33m0[39m,
  debts: [33m0[39m
}
ℹ️ TanStack Query cache invalidated and refetched after data import {}

[90mstdout[2m | src/hooks/common/__tests__/useImportData.test.ts[2m > [22m[2museImportData[2m > [22m[2mshould handle validation warnings
[22m[39mℹ️ [PERFORMANCE] Import operation completed completed in 0.16466700000000856ms {
  duration: [33m0.16466700000000856[39m,
  operation: [32m'Import operation completed'[39m,
  itemsImported: [33m0[39m,
  envelopes: [33m0[39m,
  transactions: [33m0[39m,
  bills: [33m0[39m,
  debts: [33m0[39m,
  validationWarnings: [33m2[39m,
  isSlow: [33mfalse[39m
}

[90mstdout[2m | src/hooks/common/__tests__/useImportData.test.ts[2m > [22m[2museImportData[2m > [22m[2mshould handle import data failures
[22m[39mℹ️ Starting import process {}

[90mstderr[2m | src/hooks/common/__tests__/useImportData.test.ts[2m > [22m[2museImportData[2m > [22m[2mshould handle import data failures
[22m[39m❌ Import failed Error: Dexie import failed
    at [90m/Users/f4tdaddy/Git/violet-vault/[39msrc/hooks/common/__tests__/useImportData.test.ts:226:51
    at [90mfile:///Users/f4tdaddy/Git/violet-vault/[39mnode_modules/[4m@vitest/runner[24m/dist/index.js:145:11
    at [90mfile:///Users/f4tdaddy/Git/violet-vault/[39mnode_modules/[4m@vitest/runner[24m/dist/index.js:915:26
    at [90mfile:///Users/f4tdaddy/Git/violet-vault/[39mnode_modules/[4m@vitest/runner[24m/dist/index.js:1243:20
    at new Promise (<anonymous>)
    at runWithTimeout [90m(file:///Users/f4tdaddy/Git/violet-vault/[39mnode_modules/[4m@vitest/runner[24m/dist/index.js:1209:10[90m)[39m
    at [90mfile:///Users/f4tdaddy/Git/violet-vault/[39mnode_modules/[4m@vitest/runner[24m/dist/index.js:1653:37
    at Traces.$ [90m(file:///Users/f4tdaddy/Git/violet-vault/[39mnode_modules/[4mvitest[24m/dist/chunks/traces.U4xDYhzZ.js:115:27[90m)[39m
    at trace [90m(file:///Users/f4tdaddy/Git/violet-vault/[39mnode_modules/[4mvitest[24m/dist/chunks/test.B8ej_ZHS.js:239:21[90m)[39m
    at runTest [90m(file:///Users/f4tdaddy/Git/violet-vault/[39mnode_modules/[4m@vitest/runner[24m/dist/index.js:1653:12[90m)[39m {}

[90mstdout[2m | src/hooks/common/__tests__/useImportData.test.ts[2m > [22m[2museImportData[2m > [22m[2mshould handle cloud sync failures
[22m[39mℹ️ Starting import process {}

[90mstderr[2m | src/hooks/common/__tests__/useImportData.test.ts[2m > [22m[2museImportData[2m > [22m[2mshould handle cloud sync failures
[22m[39m❌ Import failed Error: Dexie import failed
    at [90m/Users/f4tdaddy/Git/violet-vault/[39msrc/hooks/common/__tests__/useImportData.test.ts:226:51
    at [90mfile:///Users/f4tdaddy/Git/violet-vault/[39mnode_modules/[4m@vitest/runner[24m/dist/index.js:145:11
    at [90mfile:///Users/f4tdaddy/Git/violet-vault/[39mnode_modules/[4m@vitest/runner[24m/dist/index.js:915:26
    at [90mfile:///Users/f4tdaddy/Git/violet-vault/[39mnode_modules/[4m@vitest/runner[24m/dist/index.js:1243:20
    at new Promise (<anonymous>)
    at runWithTimeout [90m(file:///Users/f4tdaddy/Git/violet-vault/[39mnode_modules/[4m@vitest/runner[24m/dist/index.js:1209:10[90m)[39m
    at [90mfile:///Users/f4tdaddy/Git/violet-vault/[39mnode_modules/[4m@vitest/runner[24m/dist/index.js:1653:37
    at Traces.$ [90m(file:///Users/f4tdaddy/Git/violet-vault/[39mnode_modules/[4mvitest[24m/dist/chunks/traces.U4xDYhzZ.js:115:27[90m)[39m
    at trace [90m(file:///Users/f4tdaddy/Git/violet-vault/[39mnode_modules/[4mvitest[24m/dist/chunks/test.B8ej_ZHS.js:239:21[90m)[39m
    at runTest [90m(file:///Users/f4tdaddy/Git/violet-vault/[39mnode_modules/[4m@vitest/runner[24m/dist/index.js:1653:12[90m)[39m {}

[90mstdout[2m | src/hooks/common/__tests__/useImportData.test.ts[2m > [22m[2museImportData[2m > [22m[2mshould reset file input after import
[22m[39mℹ️ Starting import process {}

[90mstdout[2m | src/hooks/common/__tests__/useImportData.test.ts[2m > [22m[2museImportData[2m > [22m[2mshould reset file input after import
[22m[39mℹ️ ✅ Data import completed and synced to cloud {
  envelopes: [33m0[39m,
  savingsEnvelopes: [33m0[39m,
  supplementalEnvelopes: [33m0[39m,
  transactions: [33m0[39m,
  bills: [33m0[39m,
  debts: [33m0[39m
}
ℹ️ TanStack Query cache invalidated and refetched after data import {}

[90mstdout[2m | src/hooks/common/__tests__/useImportData.test.ts[2m > [22m[2museImportData[2m > [22m[2mshould reset file input after import
[22m[39mℹ️ [PERFORMANCE] Import operation completed completed in 0.18841599999996106ms {
  duration: [33m0.18841599999996106[39m,
  operation: [32m'Import operation completed'[39m,
  itemsImported: [33m0[39m,
  envelopes: [33m0[39m,
  transactions: [33m0[39m,
  bills: [33m0[39m,
  debts: [33m0[39m,
  validationWarnings: [33m0[39m,
  isSlow: [33mfalse[39m
}

 [32m✓[39m src/hooks/common/__tests__/useImportData.test.ts [2m([22m[2m11 tests[22m[2m)[22m[32m 139[2mms[22m[39m
 [32m✓[39m src/hooks/layout/__tests__/useMainContentModals.test.ts [2m([22m[2m6 tests[22m[2m)[22m[32m 49[2mms[22m[39m
 [32m✓[39m src/components/ui/cards/__tests__/StatCard.test.tsx [2m([22m[2m15 tests[22m[2m)[22m[32m 99[2mms[22m[39m
 [32m✓[39m src/db/__tests__/budgetDb.test.ts [2m([22m[2m11 tests[22m[2m)[22m[32m 52[2mms[22m[39m
 [32m✓[39m src/services/__tests__/concurrentOperations.test.ts [2m([22m[2m21 tests[22m[2m)[22m[32m 47[2mms[22m[39m
 [32m✓[39m src/hooks/budgeting/__tests__/useEnvelopeForm.test.ts [2m([22m[2m19 tests[22m[2m)[22m[32m 251[2mms[22m[39m
 [32m✓[39m src/utils/receipts/__tests__/receiptHelpers.test.ts [2m([22m[2m20 tests[22m[2m)[22m[32m 177[2mms[22m[39m
 [32m✓[39m src/components/bills/__tests__/BillSummaryCards.test.tsx [2m([22m[2m12 tests[22m[2m)[22m[32m 207[2mms[22m[39m
 [32m✓[39m src/hooks/dashboard/__tests__/useMainDashboard.test.ts [2m([22m[2m24 tests[22m[2m)[22m[32m 91[2mms[22m[39m
[90mstderr[2m | src/hooks/platform/mobile/__tests__/usePullToRefresh.test.ts[2m > [22m[2musePullToRefresh[2m > [22m[2mshould set isRefreshing state during refresh
[22m[39mAn update to TestComponent inside a test was not wrapped in act(...).

When testing, code that causes React state updates should be wrapped into act(...):

act(() => {
  /* fire events that update state */
});
/* assert on the output */

This ensures that you're testing the behavior the user would see in the browser. Learn more at https://react.dev/link/wrap-tests-with-act

 [32m✓[39m src/hooks/platform/mobile/__tests__/useFABLoadingStates.test.ts [2m([22m[2m12 tests[22m[2m | [22m[33m1 skipped[39m[2m)[22m[32m 79[2mms[22m[39m
 [32m✓[39m src/hooks/platform/mobile/__tests__/usePullToRefresh.test.ts [2m([22m[2m16 tests[22m[2m)[22m[32m 127[2mms[22m[39m
 [32m✓[39m src/hooks/auth/__tests__/useKeyManagementUI.test.ts [2m([22m[2m20 tests[22m[2m)[22m[32m 178[2mms[22m[39m
 [32m✓[39m src/hooks/layout/__tests__/useCorruptionDetection.test.ts [2m([22m[2m6 tests[22m[2m)[22m[32m 84[2mms[22m[39m
 [32m✓[39m src/components/pages/__tests__/MainDashboard.test.tsx [2m([22m[2m3 tests[22m[2m)[22m[32m 178[2mms[22m[39m
 [32m✓[39m src/hooks/__tests__/relationships.test.ts [2m([22m[2m14 tests[22m[2m | [22m[33m4 skipped[39m[2m)[22m[32m 190[2mms[22m[39m
[90mstdout[2m | src/services/__tests__/budgetHistoryService.test.ts[2m > [22m[2mBudgetHistoryService[2m > [22m[2minitialize[2m > [22m[2mshould initialize successfully
[22m[39mℹ️ Budget history service initialized {}

[90mstdout[2m | src/services/__tests__/budgetHistoryService.test.ts[2m > [22m[2mBudgetHistoryService[2m > [22m[2mcreateCommit[2m > [22m[2mshould create a budget history commit
[22m[39mℹ️ Budget history commit created {
  hash: [32m'abc12345'[39m,
  entityType: [32m'unassignedCash'[39m,
  changeType: [32m'modify'[39m,
  author: [32m'Test User'[39m
}

[90mstderr[2m | src/services/__tests__/budgetHistoryService.test.ts[2m > [22m[2mBudgetHistoryService[2m > [22m[2mcreateCommit[2m > [22m[2mshould handle commit creation errors
[22m[39m❌ Failed to create budget history commit Error: Database error
    at [90m/Users/f4tdaddy/Git/violet-vault/[39msrc/services/__tests__/budgetHistoryService.test.ts:156:21
    at [90mfile:///Users/f4tdaddy/Git/violet-vault/[39mnode_modules/[4m@vitest/runner[24m/dist/index.js:145:11
    at [90mfile:///Users/f4tdaddy/Git/violet-vault/[39mnode_modules/[4m@vitest/runner[24m/dist/index.js:915:26
    at [90mfile:///Users/f4tdaddy/Git/violet-vault/[39mnode_modules/[4m@vitest/runner[24m/dist/index.js:1243:20
    at new Promise (<anonymous>)
    at runWithTimeout [90m(file:///Users/f4tdaddy/Git/violet-vault/[39mnode_modules/[4m@vitest/runner[24m/dist/index.js:1209:10[90m)[39m
    at [90mfile:///Users/f4tdaddy/Git/violet-vault/[39mnode_modules/[4m@vitest/runner[24m/dist/index.js:1653:37
    at Traces.$ [90m(file:///Users/f4tdaddy/Git/violet-vault/[39mnode_modules/[4mvitest[24m/dist/chunks/traces.U4xDYhzZ.js:115:27[90m)[39m
    at trace [90m(file:///Users/f4tdaddy/Git/violet-vault/[39mnode_modules/[4mvitest[24m/dist/chunks/test.B8ej_ZHS.js:239:21[90m)[39m
    at runTest [90m(file:///Users/f4tdaddy/Git/violet-vault/[39mnode_modules/[4m@vitest/runner[24m/dist/index.js:1653:12[90m)[39m {}

[90mstdout[2m | src/services/__tests__/budgetHistoryService.test.ts[2m > [22m[2mBudgetHistoryService[2m > [22m[2mtrackUnassignedCashChange[2m > [22m[2mshould track unassigned cash changes
[22m[39mℹ️ Budget history commit created {
  hash: [32m'hash123'[39m,
  entityType: [32m'unassignedCash'[39m,
  changeType: [32m'modify'[39m,
  author: [32m'Test User'[39m
}

[90mstdout[2m | src/services/__tests__/budgetHistoryService.test.ts[2m > [22m[2mBudgetHistoryService[2m > [22m[2mtrackUnassignedCashChange[2m > [22m[2mshould handle distribution source correctly
[22m[39mℹ️ Budget history commit created {
  hash: [32m'hash123'[39m,
  entityType: [32m'unassignedCash'[39m,
  changeType: [32m'modify'[39m,
  author: [32m'Test User'[39m
}

[90mstdout[2m | src/services/__tests__/budgetHistoryService.test.ts[2m > [22m[2mBudgetHistoryService[2m > [22m[2mtrackActualBalanceChange[2m > [22m[2mshould track actual balance changes
[22m[39mℹ️ Budget history commit created {
  hash: [32m'hash123'[39m,
  entityType: [32m'actualBalance'[39m,
  changeType: [32m'modify'[39m,
  author: [32m'Test User'[39m
}

[90mstdout[2m | src/services/__tests__/budgetHistoryService.test.ts[2m > [22m[2mBudgetHistoryService[2m > [22m[2mtrackDebtChange[2m > [22m[2mshould track debt addition
[22m[39mℹ️ Budget history commit created {
  hash: [32m'hash123'[39m,
  entityType: [32m'debt'[39m,
  changeType: [32m'create'[39m,
  author: [32m'Test User'[39m
}

[90mstdout[2m | src/services/__tests__/budgetHistoryService.test.ts[2m > [22m[2mBudgetHistoryService[2m > [22m[2mtrackDebtChange[2m > [22m[2mshould track debt modification
[22m[39mℹ️ Budget history commit created {
  hash: [32m'hash123'[39m,
  entityType: [32m'debt'[39m,
  changeType: [32m'modify'[39m,
  author: [32m'Test User'[39m
}

[90mstdout[2m | src/services/__tests__/budgetHistoryService.test.ts[2m > [22m[2mBudgetHistoryService[2m > [22m[2mtrackDebtChange[2m > [22m[2mshould track debt deletion
[22m[39mℹ️ Budget history commit created {
  hash: [32m'hash123'[39m,
  entityType: [32m'debt'[39m,
  changeType: [32m'delete'[39m,
  author: [32m'Test User'[39m
}

[90mstderr[2m | src/services/__tests__/budgetHistoryService.test.ts[2m > [22m[2mBudgetHistoryService[2m > [22m[2mgetRecentChanges[2m > [22m[2mshould handle query errors gracefully
[22m[39m❌ Failed to get recent changes Error: Query failed
    at Object.<anonymous> [90m(/Users/f4tdaddy/Git/violet-vault/[39msrc/services/__tests__/budgetHistoryService.test.ts:326:15[90m)[39m
    at Object.Mock [as where] [90m(file:///Users/f4tdaddy/Git/violet-vault/[39mnode_modules/[4m@vitest/spy[24m/dist/index.js:285:34[90m)[39m
    at BudgetHistoryService.getRecentChanges [90m(/Users/f4tdaddy/Git/violet-vault/[39msrc/services/budget/budgetHistoryService.ts:209:10[90m)[39m
    at [90m/Users/f4tdaddy/Git/violet-vault/[39msrc/services/__tests__/budgetHistoryService.test.ts:329:49
    at [90mfile:///Users/f4tdaddy/Git/violet-vault/[39mnode_modules/[4m@vitest/runner[24m/dist/index.js:145:11
    at [90mfile:///Users/f4tdaddy/Git/violet-vault/[39mnode_modules/[4m@vitest/runner[24m/dist/index.js:915:26
    at [90mfile:///Users/f4tdaddy/Git/violet-vault/[39mnode_modules/[4m@vitest/runner[24m/dist/index.js:1243:20
    at new Promise (<anonymous>)
    at runWithTimeout [90m(file:///Users/f4tdaddy/Git/violet-vault/[39mnode_modules/[4m@vitest/runner[24m/dist/index.js:1209:10[90m)[39m
    at [90mfile:///Users/f4tdaddy/Git/violet-vault/[39mnode_modules/[4m@vitest/runner[24m/dist/index.js:1653:37 {}

[90mstdout[2m | src/services/__tests__/budgetHistoryService.test.ts[2m > [22m[2mBudgetHistoryService[2m > [22m[2mcreateBranch[2m > [22m[2mshould create a new branch
[22m[39mℹ️ Budget history branch created {
  branchName: [32m'feature-branch'[39m,
  fromCommit: [32m'commit12'[39m,
  author: [32m'Test User'[39m
}

[90mstderr[2m | src/services/__tests__/budgetHistoryService.test.ts[2m > [22m[2mBudgetHistoryService[2m > [22m[2mcreateBranch[2m > [22m[2mshould reject duplicate branch names
[22m[39m❌ Failed to create budget history branch Error: Branch 'existing-branch' already exists
    at BudgetHistoryService.createBranch [90m(/Users/f4tdaddy/Git/violet-vault/[39msrc/services/budget/budgetHistoryService.ts:274:15[90m)[39m
[90m    at processTicksAndRejections (node:internal/process/task_queues:103:5)[39m {}

[90mstderr[2m | src/services/__tests__/budgetHistoryService.test.ts[2m > [22m[2mBudgetHistoryService[2m > [22m[2mcreateBranch[2m > [22m[2mshould reject invalid source commit
[22m[39m❌ Failed to create budget history branch Error: Source commit 'invalid-commit' not found
    at BudgetHistoryService.createBranch [90m(/Users/f4tdaddy/Git/violet-vault/[39msrc/services/budget/budgetHistoryService.ts:284:15[90m)[39m
[90m    at processTicksAndRejections (node:internal/process/task_queues:103:5)[39m
    at [90m/Users/f4tdaddy/Git/violet-vault/[39msrc/services/__tests__/budgetHistoryService.test.ts:405:7
    at [90mfile:///Users/f4tdaddy/Git/violet-vault/[39mnode_modules/[4m@vitest/runner[24m/dist/index.js:915:20 {}

[90mstdout[2m | src/services/__tests__/budgetHistoryService.test.ts[2m > [22m[2mBudgetHistoryService[2m > [22m[2mcreateTag[2m > [22m[2mshould create a new tag
[22m[39mℹ️ Budget history tag created {
  tagName: [32m'v1.0.0'[39m,
  commitHash: [32m'commit12'[39m,
  tagType: [32m'release'[39m,
  author: [32m'Test User'[39m
}

[90mstdout[2m | src/services/__tests__/budgetHistoryService.test.ts[2m > [22m[2mBudgetHistoryService[2m > [22m[2mcleanup[2m > [22m[2mshould cleanup old commits when limit exceeded
[22m[39mℹ️ Cleaned up 100 old commits {}

 [32m✓[39m src/services/__tests__/budgetHistoryService.test.ts [2m([22m[2m21 tests[22m[2m)[22m[32m 64[2mms[22m[39m
 [32m✓[39m src/hooks/layout/__tests__/useMainLayoutHandlers.test.ts [2m([22m[2m8 tests[22m[2m)[22m[32m 55[2mms[22m[39m
[90mstdout[2m | src/utils/sync/__tests__/autoBackupService.test.ts[2m > [22m[2mAutoBackupService (v2.0 data model)[2m > [22m[2mcreatePreSyncBackup[2m > [22m[2mshould create backup with v2.0 metadata version
[22m[39m🔍 [DEV-SITE] 📦 Creating automatic pre-sync backup {
  backupId: [32m'auto_backup_firebase_1767826863006'[39m,
  syncType: [32m'firebase'[39m
}

[90mstdout[2m | src/utils/sync/__tests__/autoBackupService.test.ts[2m > [22m[2mAutoBackupService (v2.0 data model)[2m > [22m[2mcreatePreSyncBackup[2m > [22m[2mshould create backup with v2.0 metadata version
[22m[39m🔍 [DEV-SITE] Backup stored in IndexedDB { backupId: [32m'auto_backup_firebase_1767826863006'[39m }

[90mstdout[2m | src/utils/sync/__tests__/autoBackupService.test.ts[2m > [22m[2mAutoBackupService (v2.0 data model)[2m > [22m[2mcreatePreSyncBackup[2m > [22m[2mshould create backup with v2.0 metadata version
[22m[39mℹ️ [PERFORMANCE] Backup create completed completed in 1.6036250000001928ms {
  duration: [33m1.6036250000001928[39m,
  operation: [32m'Backup create completed'[39m,
  backup_type: [32m'pre_sync'[39m,
  sync_type: [32m'firebase'[39m,
  isSlow: [33mfalse[39m
}

[90mstdout[2m | src/utils/sync/__tests__/autoBackupService.test.ts[2m > [22m[2mAutoBackupService (v2.0 data model)[2m > [22m[2mcreatePreSyncBackup[2m > [22m[2mshould create backup with v2.0 metadata version
[22m[39m🟢 [PROD] 📦 Auto backup created successfully {
  backupId: [32m'auto_backup_firebase_1767826863006'[39m,
  records: [33m4[39m,
  size: [32m'887 B'[39m
}

[90mstderr[2m | src/utils/sync/__tests__/autoBackupService.test.ts[2m > [22m[2mAutoBackupService (v2.0 data model)[2m > [22m[2mrestoreFromBackup[2m > [22m[2mshould restore all envelope types from backup
[22m[39m⚠️ 🔄 Restoring from automatic backup { backupId: [32m'backup-123'[39m }

[90mstderr[2m | src/utils/sync/__tests__/autoBackupService.test.ts[2m > [22m[2mAutoBackupService (v2.0 data model)[2m > [22m[2mrestoreFromBackup[2m > [22m[2mshould restore all envelope types from backup
[22m[39m⚠️ ⚠️ Skipping invalid transaction during restore {
  transactionId: [32m'txn-1'[39m,
  errors: [
    {
      code: [32m'custom'[39m,
      path: [36m[Array][39m,
      message: [32m'Transaction amount sign must match type: expenses must be negative, income must be positive'[39m
    }
  ]
}

[90mstdout[2m | src/utils/sync/__tests__/autoBackupService.test.ts[2m > [22m[2mAutoBackupService (v2.0 data model)[2m > [22m[2mrestoreFromBackup[2m > [22m[2mshould restore all envelope types from backup
[22m[39m🟢 [PROD] ✅ Successfully restored from backup {
  backupId: [32m'backup-123'[39m,
  timestamp: [32m'2026-01-07T23:01:02.997Z'[39m,
  envelopesRestored: [33m3[39m,
  envelopesSkipped: [33m0[39m,
  transactionsRestored: [33m0[39m,
  transactionsSkipped: [33m1[39m,
  billsRestored: [33m0[39m,
  billsSkipped: [33m0[39m,
  debtsRestored: [33m0[39m,
  debtsSkipped: [33m0[39m,
  paycheckHistoryRestored: [33m0[39m,
  paycheckHistorySkipped: [33m0[39m
}

[90mstdout[2m | src/utils/sync/__tests__/autoBackupService.test.ts[2m > [22m[2mAutoBackupService (v2.0 data model)[2m > [22m[2mrestoreFromBackup[2m > [22m[2mshould restore all envelope types from backup
[22m[39mℹ️ [PERFORMANCE] Backup restore completed completed in 5.632916999999907ms {
  duration: [33m5.632916999999907[39m,
  operation: [32m'Backup restore completed'[39m,
  backup_id: [32m'backup-123'[39m,
  isSlow: [33mfalse[39m
}

[90mstderr[2m | src/utils/sync/__tests__/autoBackupService.test.ts[2m > [22m[2mAutoBackupService (v2.0 data model)[2m > [22m[2mrestoreFromBackup[2m > [22m[2mshould validate envelopes with Zod schema during restore
[22m[39m⚠️ 🔄 Restoring from automatic backup { backupId: [32m'backup-123'[39m }

[90mstderr[2m | src/utils/sync/__tests__/autoBackupService.test.ts[2m > [22m[2mAutoBackupService (v2.0 data model)[2m > [22m[2mrestoreFromBackup[2m > [22m[2mshould validate envelopes with Zod schema during restore
[22m[39m⚠️ ⚠️ Skipping invalid envelope during restore {
  envelopeId: [32m''[39m,
  errors: [
    {
      origin: [32m'string'[39m,
      code: [32m'too_small'[39m,
      minimum: [33m1[39m,
      inclusive: [33mtrue[39m,
      path: [36m[Array][39m,
      message: [32m'Envelope ID is required'[39m
    },
    {
      origin: [32m'string'[39m,
      code: [32m'too_small'[39m,
      minimum: [33m1[39m,
      inclusive: [33mtrue[39m,
      path: [36m[Array][39m,
      message: [32m'Envelope name is required'[39m
    },
    {
      origin: [32m'string'[39m,
      code: [32m'too_small'[39m,
      minimum: [33m1[39m,
      inclusive: [33mtrue[39m,
      path: [36m[Array][39m,
      message: [32m'Category is required'[39m
    },
    {
      expected: [32m'number'[39m,
      code: [32m'invalid_type'[39m,
      path: [36m[Array][39m,
      message: [32m'Invalid input: expected number, received undefined'[39m
    }
  ]
}
⚠️ ⚠️ Skipping invalid transaction during restore {
  transactionId: [32m'txn-1'[39m,
  errors: [
    {
      code: [32m'custom'[39m,
      path: [36m[Array][39m,
      message: [32m'Transaction amount sign must match type: expenses must be negative, income must be positive'[39m
    }
  ]
}

[90mstdout[2m | src/utils/sync/__tests__/autoBackupService.test.ts[2m > [22m[2mAutoBackupService (v2.0 data model)[2m > [22m[2mrestoreFromBackup[2m > [22m[2mshould validate envelopes with Zod schema during restore
[22m[39m🟢 [PROD] ✅ Successfully restored from backup {
  backupId: [32m'backup-123'[39m,
  timestamp: [32m'2026-01-07T23:01:02.997Z'[39m,
  envelopesRestored: [33m3[39m,
  envelopesSkipped: [33m1[39m,
  transactionsRestored: [33m0[39m,
  transactionsSkipped: [33m1[39m,
  billsRestored: [33m0[39m,
  billsSkipped: [33m0[39m,
  debtsRestored: [33m0[39m,
  debtsSkipped: [33m0[39m,
  paycheckHistoryRestored: [33m0[39m,
  paycheckHistorySkipped: [33m0[39m
}

[90mstdout[2m | src/utils/sync/__tests__/autoBackupService.test.ts[2m > [22m[2mAutoBackupService (v2.0 data model)[2m > [22m[2mrestoreFromBackup[2m > [22m[2mshould validate envelopes with Zod schema during restore
[22m[39mℹ️ [PERFORMANCE] Backup restore completed completed in 0.8879170000000158ms {
  duration: [33m0.8879170000000158[39m,
  operation: [32m'Backup restore completed'[39m,
  backup_id: [32m'backup-123'[39m,
  isSlow: [33mfalse[39m
}

[90mstderr[2m | src/utils/sync/__tests__/autoBackupService.test.ts[2m > [22m[2mAutoBackupService (v2.0 data model)[2m > [22m[2mrestoreFromBackup[2m > [22m[2mshould not restore to savingsGoals table (v2.0 model)
[22m[39m⚠️ 🔄 Restoring from automatic backup { backupId: [32m'backup-123'[39m }

[90mstderr[2m | src/utils/sync/__tests__/autoBackupService.test.ts[2m > [22m[2mAutoBackupService (v2.0 data model)[2m > [22m[2mrestoreFromBackup[2m > [22m[2mshould not restore to savingsGoals table (v2.0 model)
[22m[39m⚠️ ⚠️ Skipping invalid transaction during restore {
  transactionId: [32m'txn-1'[39m,
  errors: [
    {
      code: [32m'custom'[39m,
      path: [36m[Array][39m,
      message: [32m'Transaction amount sign must match type: expenses must be negative, income must be positive'[39m
    }
  ]
}

[90mstdout[2m | src/utils/sync/__tests__/autoBackupService.test.ts[2m > [22m[2mAutoBackupService (v2.0 data model)[2m > [22m[2mrestoreFromBackup[2m > [22m[2mshould not restore to savingsGoals table (v2.0 model)
[22m[39m🟢 [PROD] ✅ Successfully restored from backup {
  backupId: [32m'backup-123'[39m,
  timestamp: [32m'2026-01-07T23:01:02.997Z'[39m,
  envelopesRestored: [33m3[39m,
  envelopesSkipped: [33m0[39m,
  transactionsRestored: [33m0[39m,
  transactionsSkipped: [33m1[39m,
  billsRestored: [33m0[39m,
  billsSkipped: [33m0[39m,
  debtsRestored: [33m0[39m,
  debtsSkipped: [33m0[39m,
  paycheckHistoryRestored: [33m0[39m,
  paycheckHistorySkipped: [33m0[39m
}

[90mstdout[2m | src/utils/sync/__tests__/autoBackupService.test.ts[2m > [22m[2mAutoBackupService (v2.0 data model)[2m > [22m[2mrestoreFromBackup[2m > [22m[2mshould not restore to savingsGoals table (v2.0 model)
[22m[39mℹ️ [PERFORMANCE] Backup restore completed completed in 0.39849999999978536ms {
  duration: [33m0.39849999999978536[39m,
  operation: [32m'Backup restore completed'[39m,
  backup_id: [32m'backup-123'[39m,
  isSlow: [33mfalse[39m
}

[90mstdout[2m | src/utils/sync/__tests__/autoBackupService.test.ts[2m > [22m[2mAutoBackupService (v2.0 data model)[2m > [22m[2mError Handling[2m > [22m[2mshould handle backup creation failures
[22m[39m🔍 [DEV-SITE] 📦 Creating automatic pre-sync backup {
  backupId: [32m'auto_backup_firebase_1767826863019'[39m,
  syncType: [32m'firebase'[39m
}

[90mstderr[2m | src/utils/sync/__tests__/autoBackupService.test.ts[2m > [22m[2mAutoBackupService (v2.0 data model)[2m > [22m[2mError Handling[2m > [22m[2mshould handle backup creation failures
[22m[39m❌ Failed to store backup in IndexedDB Error: Backup creation failed
    at [90m/Users/f4tdaddy/Git/violet-vault/[39msrc/utils/sync/__tests__/autoBackupService.test.ts:321:61
    at [90mfile:///Users/f4tdaddy/Git/violet-vault/[39mnode_modules/[4m@vitest/runner[24m/dist/index.js:145:11
    at [90mfile:///Users/f4tdaddy/Git/violet-vault/[39mnode_modules/[4m@vitest/runner[24m/dist/index.js:915:26
    at [90mfile:///Users/f4tdaddy/Git/violet-vault/[39mnode_modules/[4m@vitest/runner[24m/dist/index.js:1243:20
    at new Promise (<anonymous>)
    at runWithTimeout [90m(file:///Users/f4tdaddy/Git/violet-vault/[39mnode_modules/[4m@vitest/runner[24m/dist/index.js:1209:10[90m)[39m
    at [90mfile:///Users/f4tdaddy/Git/violet-vault/[39mnode_modules/[4m@vitest/runner[24m/dist/index.js:1653:37
    at Traces.$ [90m(file:///Users/f4tdaddy/Git/violet-vault/[39mnode_modules/[4mvitest[24m/dist/chunks/traces.U4xDYhzZ.js:115:27[90m)[39m
    at trace [90m(file:///Users/f4tdaddy/Git/violet-vault/[39mnode_modules/[4mvitest[24m/dist/chunks/test.B8ej_ZHS.js:239:21[90m)[39m
    at runTest [90m(file:///Users/f4tdaddy/Git/violet-vault/[39mnode_modules/[4m@vitest/runner[24m/dist/index.js:1653:12[90m)[39m {}

[90mstderr[2m | src/utils/sync/__tests__/autoBackupService.test.ts[2m > [22m[2mAutoBackupService (v2.0 data model)[2m > [22m[2mError Handling[2m > [22m[2mshould handle backup creation failures
[22m[39m❌ ❌ Failed to create automatic backup {
  backupId: [32m'auto_backup_firebase_1767826863019'[39m,
  error: [32m'Backup creation failed'[39m
} {}

[90mstderr[2m | src/utils/sync/__tests__/autoBackupService.test.ts[2m > [22m[2mAutoBackupService (v2.0 data model)[2m > [22m[2mError Handling[2m > [22m[2mshould handle restore with missing backup ID
[22m[39m⚠️ 🔄 Restoring from automatic backup { backupId: [32m'non-existent-backup'[39m }

[90mstderr[2m | src/utils/sync/__tests__/autoBackupService.test.ts[2m > [22m[2mAutoBackupService (v2.0 data model)[2m > [22m[2mError Handling[2m > [22m[2mshould handle restore with missing backup ID
[22m[39m❌ ❌ Failed to restore from backup {
  backupId: [32m'non-existent-backup'[39m,
  error: [32m'Backup not found: non-existent-backup'[39m
} {}

[90mstderr[2m | src/utils/sync/__tests__/autoBackupService.test.ts[2m > [22m[2mAutoBackupService (v2.0 data model)[2m > [22m[2mError Handling[2m > [22m[2mshould handle restore with corrupted backup data
[22m[39m⚠️ 🔄 Restoring from automatic backup { backupId: [32m'backup-123'[39m }

[90mstdout[2m | src/utils/sync/__tests__/autoBackupService.test.ts[2m > [22m[2mAutoBackupService (v2.0 data model)[2m > [22m[2mError Handling[2m > [22m[2mshould handle restore with corrupted backup data
[22m[39m🟢 [PROD] ✅ Successfully restored from backup {
  backupId: [32m'backup-123'[39m,
  timestamp: [32m'2026-01-07T23:01:03.024Z'[39m,
  envelopesRestored: [33m0[39m,
  envelopesSkipped: [33m0[39m,
  transactionsRestored: [33m0[39m,
  transactionsSkipped: [33m0[39m,
  billsRestored: [33m0[39m,
  billsSkipped: [33m0[39m,
  debtsRestored: [33m0[39m,
  debtsSkipped: [33m0[39m,
  paycheckHistoryRestored: [33m0[39m,
  paycheckHistorySkipped: [33m0[39m
}

[90mstdout[2m | src/utils/sync/__tests__/autoBackupService.test.ts[2m > [22m[2mAutoBackupService (v2.0 data model)[2m > [22m[2mError Handling[2m > [22m[2mshould handle restore with corrupted backup data
[22m[39mℹ️ [PERFORMANCE] Backup restore completed completed in 0.13604199999963384ms {
  duration: [33m0.13604199999963384[39m,
  operation: [32m'Backup restore completed'[39m,
  backup_id: [32m'backup-123'[39m,
  isSlow: [33mfalse[39m
}

[90mstderr[2m | src/utils/sync/__tests__/autoBackupService.test.ts[2m > [22m[2mAutoBackupService (v2.0 data model)[2m > [22m[2mError Handling[2m > [22m[2mshould handle database transaction failures during restore
[22m[39m⚠️ 🔄 Restoring from automatic backup { backupId: [32m'backup-123'[39m }

[90mstderr[2m | src/utils/sync/__tests__/autoBackupService.test.ts[2m > [22m[2mAutoBackupService (v2.0 data model)[2m > [22m[2mError Handling[2m > [22m[2mshould handle database transaction failures during restore
[22m[39m⚠️ ⚠️ Skipping invalid transaction during restore {
  transactionId: [32m'txn-1'[39m,
  errors: [
    {
      code: [32m'custom'[39m,
      path: [36m[Array][39m,
      message: [32m'Transaction amount sign must match type: expenses must be negative, income must be positive'[39m
    }
  ]
}

[90mstderr[2m | src/utils/sync/__tests__/autoBackupService.test.ts[2m > [22m[2mAutoBackupService (v2.0 data model)[2m > [22m[2mError Handling[2m > [22m[2mshould handle database transaction failures during restore
[22m[39m❌ ❌ Failed to restore from backup { backupId: [32m'backup-123'[39m, error: [32m'Transaction failed'[39m } {}

[90mstderr[2m | src/utils/sync/__tests__/autoBackupService.test.ts[2m > [22m[2mAutoBackupService (v2.0 data model)[2m > [22m[2mError Handling[2m > [22m[2mshould handle partial restore failures (some data types fail)
[22m[39m⚠️ 🔄 Restoring from automatic backup { backupId: [32m'backup-123'[39m }

[90mstderr[2m | src/utils/sync/__tests__/autoBackupService.test.ts[2m > [22m[2mAutoBackupService (v2.0 data model)[2m > [22m[2mError Handling[2m > [22m[2mshould handle partial restore failures (some data types fail)
[22m[39m⚠️ ⚠️ Skipping invalid transaction during restore {
  transactionId: [32m'txn-1'[39m,
  errors: [
    {
      code: [32m'custom'[39m,
      path: [36m[Array][39m,
      message: [32m'Transaction amount sign must match type: expenses must be negative, income must be positive'[39m
    }
  ]
}

[90mstderr[2m | src/utils/sync/__tests__/autoBackupService.test.ts[2m > [22m[2mAutoBackupService (v2.0 data model)[2m > [22m[2mError Handling[2m > [22m[2mshould handle partial restore failures (some data types fail)
[22m[39m❌ ❌ Failed to restore from backup { backupId: [32m'backup-123'[39m, error: [32m'Bulk add failed'[39m } {}

[90mstderr[2m | src/utils/sync/__tests__/autoBackupService.test.ts[2m > [22m[2mAutoBackupService (v2.0 data model)[2m > [22m[2mError Handling[2m > [22m[2mshould handle invalid backup metadata
[22m[39m⚠️ 🔄 Restoring from automatic backup { backupId: [32m'backup-123'[39m }

[90mstderr[2m | src/utils/sync/__tests__/autoBackupService.test.ts[2m > [22m[2mAutoBackupService (v2.0 data model)[2m > [22m[2mError Handling[2m > [22m[2mshould handle invalid backup metadata
[22m[39m⚠️ ⚠️ Skipping invalid transaction during restore {
  transactionId: [32m'txn-1'[39m,
  errors: [
    {
      code: [32m'custom'[39m,
      path: [36m[Array][39m,
      message: [32m'Transaction amount sign must match type: expenses must be negative, income must be positive'[39m
    }
  ]
}

[90mstdout[2m | src/utils/sync/__tests__/autoBackupService.test.ts[2m > [22m[2mAutoBackupService (v2.0 data model)[2m > [22m[2mError Handling[2m > [22m[2mshould handle invalid backup metadata
[22m[39m🟢 [PROD] ✅ Successfully restored from backup {
  backupId: [32m'backup-123'[39m,
  timestamp: [32m'2026-01-07T23:01:03.026Z'[39m,
  envelopesRestored: [33m3[39m,
  envelopesSkipped: [33m0[39m,
  transactionsRestored: [33m0[39m,
  transactionsSkipped: [33m1[39m,
  billsRestored: [33m0[39m,
  billsSkipped: [33m0[39m,
  debtsRestored: [33m0[39m,
  debtsSkipped: [33m0[39m,
  paycheckHistoryRestored: [33m0[39m,
  paycheckHistorySkipped: [33m0[39m
}

[90mstdout[2m | src/utils/sync/__tests__/autoBackupService.test.ts[2m > [22m[2mAutoBackupService (v2.0 data model)[2m > [22m[2mError Handling[2m > [22m[2mshould handle invalid backup metadata
[22m[39mℹ️ [PERFORMANCE] Backup restore completed completed in 0.2870419999999285ms {
  duration: [33m0.2870419999999285[39m,
  operation: [32m'Backup restore completed'[39m,
  backup_id: [32m'backup-123'[39m,
  isSlow: [33mfalse[39m
}

 [32m✓[39m src/utils/sync/__tests__/autoBackupService.test.ts [2m([22m[2m16 tests[22m[2m)[22m[32m 24[2mms[22m[39m
 [32m✓[39m src/components/receipts/__tests__/ReceiptScanner.test.tsx [2m([22m[2m11 tests[22m[2m)[22m[32m 105[2mms[22m[39m
[90mstderr[2m | src/hooks/budgeting/transactions/__tests__/useTransactionImportProcessing.test.ts[2m > [22m[2museTransactionImportProcessing[2m > [22m[2mprocessFileImport[2m > [22m[2mshould process file using backend API
[22m[39mAn update to TestComponent inside a test was not wrapped in act(...).

When testing, code that causes React state updates should be wrapped into act(...):

act(() => {
  /* fire events that update state */
});
/* assert on the output */

This ensures that you're testing the behavior the user would see in the browser. Learn more at https://react.dev/link/wrap-tests-with-act
An update to TestComponent inside a test was not wrapped in act(...).

When testing, code that causes React state updates should be wrapped into act(...):

act(() => {
  /* fire events that update state */
});
/* assert on the output */

This ensures that you're testing the behavior the user would see in the browser. Learn more at https://react.dev/link/wrap-tests-with-act

[90mstderr[2m | src/hooks/budgeting/transactions/__tests__/useTransactionImportProcessing.test.ts[2m > [22m[2museTransactionImportProcessing[2m > [22m[2mprocessFileImport[2m > [22m[2mshould process file using backend API
[22m[39mAn update to TestComponent inside a test was not wrapped in act(...).

When testing, code that causes React state updates should be wrapped into act(...):

act(() => {
  /* fire events that update state */
});
/* assert on the output */

This ensures that you're testing the behavior the user would see in the browser. Learn more at https://react.dev/link/wrap-tests-with-act
An update to TestComponent inside a test was not wrapped in act(...).

When testing, code that causes React state updates should be wrapped into act(...):

act(() => {
  /* fire events that update state */
});
/* assert on the output */

This ensures that you're testing the behavior the user would see in the browser. Learn more at https://react.dev/link/wrap-tests-with-act

[90mstderr[2m | src/hooks/budgeting/transactions/__tests__/useTransactionImportProcessing.test.ts[2m > [22m[2museTransactionImportProcessing[2m > [22m[2mprocessFileImport[2m > [22m[2mshould validate file before processing
[22m[39mAn update to TestComponent inside a test was not wrapped in act(...).

When testing, code that causes React state updates should be wrapped into act(...):

act(() => {
  /* fire events that update state */
});
/* assert on the output */

This ensures that you're testing the behavior the user would see in the browser. Learn more at https://react.dev/link/wrap-tests-with-act

[90mstderr[2m | src/hooks/budgeting/transactions/__tests__/useTransactionImportProcessing.test.ts[2m > [22m[2museTransactionImportProcessing[2m > [22m[2mprocessFileImport[2m > [22m[2mshould validate file before processing
[22m[39mAn update to TestComponent inside a test was not wrapped in act(...).

When testing, code that causes React state updates should be wrapped into act(...):

act(() => {
  /* fire events that update state */
});
/* assert on the output */

This ensures that you're testing the behavior the user would see in the browser. Learn more at https://react.dev/link/wrap-tests-with-act

[90mstderr[2m | src/hooks/budgeting/transactions/__tests__/useTransactionImportProcessing.test.ts[2m > [22m[2museTransactionImportProcessing[2m > [22m[2mprocessFileImport[2m > [22m[2mshould handle backend errors
[22m[39mAn update to TestComponent inside a test was not wrapped in act(...).

When testing, code that causes React state updates should be wrapped into act(...):

act(() => {
  /* fire events that update state */
});
/* assert on the output */

This ensures that you're testing the behavior the user would see in the browser. Learn more at https://react.dev/link/wrap-tests-with-act
An update to TestComponent inside a test was not wrapped in act(...).

When testing, code that causes React state updates should be wrapped into act(...):

act(() => {
  /* fire events that update state */
});
/* assert on the output */

This ensures that you're testing the behavior the user would see in the browser. Learn more at https://react.dev/link/wrap-tests-with-act

[90mstderr[2m | src/hooks/budgeting/transactions/__tests__/useTransactionImportProcessing.test.ts[2m > [22m[2museTransactionImportProcessing[2m > [22m[2mprocessFileImport[2m > [22m[2mshould handle backend errors
[22m[39mAn update to TestComponent inside a test was not wrapped in act(...).

When testing, code that causes React state updates should be wrapped into act(...):

act(() => {
  /* fire events that update state */
});
/* assert on the output */

This ensures that you're testing the behavior the user would see in the browser. Learn more at https://react.dev/link/wrap-tests-with-act

[90mstderr[2m | src/hooks/budgeting/transactions/__tests__/useTransactionImportProcessing.test.ts[2m > [22m[2museTransactionImportProcessing[2m > [22m[2mprocessFileImport[2m > [22m[2mshould handle backend errors
[22m[39mAn update to TestComponent inside a test was not wrapped in act(...).

When testing, code that causes React state updates should be wrapped into act(...):

act(() => {
  /* fire events that update state */
});
/* assert on the output */

This ensures that you're testing the behavior the user would see in the browser. Learn more at https://react.dev/link/wrap-tests-with-act

[90mstderr[2m | src/hooks/budgeting/transactions/__tests__/useTransactionImportProcessing.test.ts[2m > [22m[2museTransactionImportProcessing[2m > [22m[2mprocessFileImport[2m > [22m[2mshould update progress during processing
[22m[39mAn update to TestComponent inside a test was not wrapped in act(...).

When testing, code that causes React state updates should be wrapped into act(...):

act(() => {
  /* fire events that update state */
});
/* assert on the output */

This ensures that you're testing the behavior the user would see in the browser. Learn more at https://react.dev/link/wrap-tests-with-act
An update to TestComponent inside a test was not wrapped in act(...).

When testing, code that causes React state updates should be wrapped into act(...):

act(() => {
  /* fire events that update state */
});
/* assert on the output */

This ensures that you're testing the behavior the user would see in the browser. Learn more at https://react.dev/link/wrap-tests-with-act

[90mstderr[2m | src/hooks/budgeting/transactions/__tests__/useTransactionImportProcessing.test.ts[2m > [22m[2museTransactionImportProcessing[2m > [22m[2mprocessFileImport[2m > [22m[2mshould update progress during processing
[22m[39mAn update to TestComponent inside a test was not wrapped in act(...).

When testing, code that causes React state updates should be wrapped into act(...):

act(() => {
  /* fire events that update state */
});
/* assert on the output */

This ensures that you're testing the behavior the user would see in the browser. Learn more at https://react.dev/link/wrap-tests-with-act
An update to TestComponent inside a test was not wrapped in act(...).

When testing, code that causes React state updates should be wrapped into act(...):

act(() => {
  /* fire events that update state */
});
/* assert on the output */

This ensures that you're testing the behavior the user would see in the browser. Learn more at https://react.dev/link/wrap-tests-with-act

[90mstderr[2m | src/hooks/budgeting/transactions/__tests__/useTransactionImportProcessing.test.ts[2m > [22m[2museTransactionImportProcessing[2m > [22m[2mprocessFileImport[2m > [22m[2mshould pass field mapping to backend
[22m[39mAn update to TestComponent inside a test was not wrapped in act(...).

When testing, code that causes React state updates should be wrapped into act(...):

act(() => {
  /* fire events that update state */
});
/* assert on the output */

This ensures that you're testing the behavior the user would see in the browser. Learn more at https://react.dev/link/wrap-tests-with-act
An update to TestComponent inside a test was not wrapped in act(...).

When testing, code that causes React state updates should be wrapped into act(...):

act(() => {
  /* fire events that update state */
});
/* assert on the output */

This ensures that you're testing the behavior the user would see in the browser. Learn more at https://react.dev/link/wrap-tests-with-act

[90mstderr[2m | src/hooks/budgeting/transactions/__tests__/useTransactionImportProcessing.test.ts[2m > [22m[2museTransactionImportProcessing[2m > [22m[2mprocessFileImport[2m > [22m[2mshould pass field mapping to backend
[22m[39mAn update to TestComponent inside a test was not wrapped in act(...).

When testing, code that causes React state updates should be wrapped into act(...):

act(() => {
  /* fire events that update state */
});
/* assert on the output */

This ensures that you're testing the behavior the user would see in the browser. Learn more at https://react.dev/link/wrap-tests-with-act
An update to TestComponent inside a test was not wrapped in act(...).

When testing, code that causes React state updates should be wrapped into act(...):

act(() => {
  /* fire events that update state */
});
/* assert on the output */

This ensures that you're testing the behavior the user would see in the browser. Learn more at https://react.dev/link/wrap-tests-with-act

[90mstderr[2m | src/hooks/budgeting/transactions/__tests__/useTransactionImportProcessing.test.ts[2m > [22m[2museTransactionImportProcessing[2m > [22m[2mprocessFileImport[2m > [22m[2mshould handle invalid transactions from backend
[22m[39mAn update to TestComponent inside a test was not wrapped in act(...).

When testing, code that causes React state updates should be wrapped into act(...):

act(() => {
  /* fire events that update state */
});
/* assert on the output */

This ensures that you're testing the behavior the user would see in the browser. Learn more at https://react.dev/link/wrap-tests-with-act
An update to TestComponent inside a test was not wrapped in act(...).

When testing, code that causes React state updates should be wrapped into act(...):

act(() => {
  /* fire events that update state */
});
/* assert on the output */

This ensures that you're testing the behavior the user would see in the browser. Learn more at https://react.dev/link/wrap-tests-with-act

[90mstderr[2m | src/hooks/budgeting/transactions/__tests__/useTransactionImportProcessing.test.ts[2m > [22m[2museTransactionImportProcessing[2m > [22m[2mprocessFileImport[2m > [22m[2mshould handle invalid transactions from backend
[22m[39mAn update to TestComponent inside a test was not wrapped in act(...).

When testing, code that causes React state updates should be wrapped into act(...):

act(() => {
  /* fire events that update state */
});
/* assert on the output */

This ensures that you're testing the behavior the user would see in the browser. Learn more at https://react.dev/link/wrap-tests-with-act
An update to TestComponent inside a test was not wrapped in act(...).

When testing, code that causes React state updates should be wrapped into act(...):

act(() => {
  /* fire events that update state */
});
/* assert on the output */

This ensures that you're testing the behavior the user would see in the browser. Learn more at https://react.dev/link/wrap-tests-with-act

[90mstderr[2m | src/hooks/budgeting/transactions/__tests__/useTransactionImportProcessing.test.ts[2m > [22m[2museTransactionImportProcessing[2m > [22m[2mprocessFileImport[2m > [22m[2mshould use backend when available
[22m[39mAn update to TestComponent inside a test was not wrapped in act(...).

When testing, code that causes React state updates should be wrapped into act(...):

act(() => {
  /* fire events that update state */
});
/* assert on the output */

This ensures that you're testing the behavior the user would see in the browser. Learn more at https://react.dev/link/wrap-tests-with-act
An update to TestComponent inside a test was not wrapped in act(...).

When testing, code that causes React state updates should be wrapped into act(...):

act(() => {
  /* fire events that update state */
});
/* assert on the output */

This ensures that you're testing the behavior the user would see in the browser. Learn more at https://react.dev/link/wrap-tests-with-act

[90mstderr[2m | src/hooks/budgeting/transactions/__tests__/useTransactionImportProcessing.test.ts[2m > [22m[2museTransactionImportProcessing[2m > [22m[2mprocessFileImport[2m > [22m[2mshould use backend when available
[22m[39mAn update to TestComponent inside a test was not wrapped in act(...).

When testing, code that causes React state updates should be wrapped into act(...):

act(() => {
  /* fire events that update state */
});
/* assert on the output */

This ensures that you're testing the behavior the user would see in the browser. Learn more at https://react.dev/link/wrap-tests-with-act
An update to TestComponent inside a test was not wrapped in act(...).

When testing, code that causes React state updates should be wrapped into act(...):

act(() => {
  /* fire events that update state */
});
/* assert on the output */

This ensures that you're testing the behavior the user would see in the browser. Learn more at https://react.dev/link/wrap-tests-with-act

[90mstderr[2m | src/hooks/budgeting/transactions/__tests__/useTransactionImportProcessing.test.ts[2m > [22m[2museTransactionImportProcessing[2m > [22m[2mprocessFileImport[2m > [22m[2mshould use client-side fallback when preferBackend is false
[22m[39mAn update to TestComponent inside a test was not wrapped in act(...).

When testing, code that causes React state updates should be wrapped into act(...):

act(() => {
  /* fire events that update state */
});
/* assert on the output */

This ensures that you're testing the behavior the user would see in the browser. Learn more at https://react.dev/link/wrap-tests-with-act

[90mstderr[2m | src/hooks/budgeting/transactions/__tests__/useTransactionImportProcessing.test.ts[2m > [22m[2museTransactionImportProcessing[2m > [22m[2mprocessFileImport[2m > [22m[2mshould fallback to client-side when backend fails
[22m[39mAn update to TestComponent inside a test was not wrapped in act(...).

When testing, code that causes React state updates should be wrapped into act(...):

act(() => {
  /* fire events that update state */
});
/* assert on the output */

This ensures that you're testing the behavior the user would see in the browser. Learn more at https://react.dev/link/wrap-tests-with-act
An update to TestComponent inside a test was not wrapped in act(...).

When testing, code that causes React state updates should be wrapped into act(...):

act(() => {
  /* fire events that update state */
});
/* assert on the output */

This ensures that you're testing the behavior the user would see in the browser. Learn more at https://react.dev/link/wrap-tests-with-act

[90mstderr[2m | src/hooks/budgeting/transactions/__tests__/useTransactionImportProcessing.test.ts[2m > [22m[2museTransactionImportProcessing[2m > [22m[2mprocessFileImport[2m > [22m[2mshould fallback to client-side when backend fails
[22m[39mAn update to TestComponent inside a test was not wrapped in act(...).

When testing, code that causes React state updates should be wrapped into act(...):

act(() => {
  /* fire events that update state */
});
/* assert on the output */

This ensures that you're testing the behavior the user would see in the browser. Learn more at https://react.dev/link/wrap-tests-with-act

[90mstderr[2m | src/hooks/budgeting/transactions/__tests__/useTransactionImportProcessing.test.ts[2m > [22m[2museTransactionImportProcessing[2m > [22m[2mprocessFileImport[2m > [22m[2mshould fallback to client-side when backend fails
[22m[39mAn update to TestComponent inside a test was not wrapped in act(...).

When testing, code that causes React state updates should be wrapped into act(...):

act(() => {
  /* fire events that update state */
});
/* assert on the output */

This ensures that you're testing the behavior the user would see in the browser. Learn more at https://react.dev/link/wrap-tests-with-act

[90mstderr[2m | src/hooks/budgeting/transactions/__tests__/useTransactionImportProcessing.test.ts[2m > [22m[2museTransactionImportProcessing[2m > [22m[2mprocessFileImport[2m > [22m[2mshould fallback to client-side when backend unavailable
[22m[39mAn update to TestComponent inside a test was not wrapped in act(...).

When testing, code that causes React state updates should be wrapped into act(...):

act(() => {
  /* fire events that update state */
});
/* assert on the output */

This ensures that you're testing the behavior the user would see in the browser. Learn more at https://react.dev/link/wrap-tests-with-act

 [32m✓[39m src/hooks/budgeting/transactions/__tests__/useTransactionImportProcessing.test.ts [2m([22m[2m10 tests[22m[2m)[22m[32m 106[2mms[22m[39m
 [32m✓[39m src/utils/auth/__tests__/userSetupHelpers.test.ts [2m([22m[2m15 tests[22m[2m)[22m[32m 84[2mms[22m[39m
 [32m✓[39m src/hooks/platform/analytics/__tests__/useSmartCategoryAnalysis.test.ts [2m([22m[2m9 tests[22m[2m)[22m[32m 73[2mms[22m[39m
 [32m✓[39m src/hooks/platform/mobile/__tests__/useFABModalIntegration.test.ts [2m([22m[2m13 tests[22m[2m)[22m[32m 28[2mms[22m[39m
 [32m✓[39m src/hooks/layout/__tests__/useSecurityWarning.test.ts [2m([22m[2m9 tests[22m[2m)[22m[32m 53[2mms[22m[39m
 [32m✓[39m src/domain/schemas/__tests__/envelope.test.ts [2m([22m[2m37 tests[22m[2m)[22m[32m 21[2mms[22m[39m
 [32m✓[39m src/hooks/platform/mobile/__tests__/useSlideUpModal.test.ts [2m([22m[2m15 tests[22m[2m)[22m[32m 39[2mms[22m[39m
 [32m✓[39m src/components/ui/__tests__/LoadingSpinner.test.tsx [2m([22m[2m7 tests[22m[2m)[22m[32m 54[2mms[22m[39m
 [32m✓[39m src/hooks/budgeting/allocations/__tests__/useRuleOperations.test.tsx [2m([22m[2m4 tests[22m[2m)[22m[32m 82[2mms[22m[39m
 [32m✓[39m src/hooks/budgeting/allocations/__tests__/useRuleBulkOperations.test.tsx [2m([22m[2m3 tests[22m[2m)[22m[32m 51[2mms[22m[39m
[90mstderr[2m | src/services/__tests__/integration/SyncOrchestratorIntegration.test.ts
[22m[39m⚠️ Using demo Firebase config. Set environment variables for production {
  missingKeys: [ [32m'VITE_FIREBASE_API_KEY'[39m, [32m'VITE_FIREBASE_PROJECT_ID'[39m ]
}

 [32m✓[39m src/hooks/ui/__tests__/useMobileDetection.test.ts [2m([22m[2m8 tests[22m[2m)[22m[32m 54[2mms[22m[39m
 [32m✓[39m src/utils/budgeting/autofunding/__tests__/conditions.test.ts [2m([22m[2m55 tests[22m[2m)[22m[32m 84[2mms[22m[39m
 [32m✓[39m src/utils/dataManagement/__tests__/backupUtils.test.ts [2m([22m[2m10 tests[22m[2m)[22m[32m 44[2mms[22m[39m
[90mstdout[2m | src/services/__tests__/integration/SyncOrchestratorIntegration.test.ts[2m > [22m[2mSyncOrchestrator Integration Tests[2m > [22m[2mshould start and stop correctly
[22m[39m🔍 [DEV-SITE] EncryptionManager: Key initialized {}

[90mstdout[2m | src/services/__tests__/integration/SyncOrchestratorIntegration.test.ts[2m > [22m[2mSyncOrchestrator Integration Tests[2m > [22m[2mshould start and stop correctly
[22m[39m🟢 [PROD] SyncOrchestrator: Started { budgetId: [32m'budget_i'[39m, provider: [32m'firebase'[39m }

[90mstdout[2m | src/services/__tests__/integration/SyncOrchestratorIntegration.test.ts[2m > [22m[2mSyncOrchestrator Integration Tests[2m > [22m[2mshould start and stop correctly
[22m[39m🟢 [PROD] SyncOrchestrator: Stopped {}

 [32m✓[39m src/hooks/auth/__tests__/useAuthCompatibility.test.ts [2m([22m[2m26 tests[22m[2m)[22m[32m 118[2mms[22m[39m
[90mstdout[2m | src/services/__tests__/integration/SyncOrchestratorIntegration.test.ts[2m > [22m[2mSyncOrchestrator Integration Tests[2m > [22m[2mshould orchestrate a sync flow
[22m[39m🔍 [DEV-SITE] EncryptionManager: Key initialized {}

[90mstdout[2m | src/services/__tests__/integration/SyncOrchestratorIntegration.test.ts[2m > [22m[2mSyncOrchestrator Integration Tests[2m > [22m[2mshould orchestrate a sync flow
[22m[39m🟢 [PROD] SyncOrchestrator: Started { budgetId: [32m'budget_i'[39m, provider: [32m'firebase'[39m }

[90mstdout[2m | src/services/__tests__/integration/SyncOrchestratorIntegration.test.ts[2m > [22m[2mSyncOrchestrator Integration Tests[2m > [22m[2mshould orchestrate a sync flow
[22m[39mℹ️ SyncOrchestrator: Sync successful {}

[90mstdout[2m | src/services/__tests__/integration/SyncOrchestratorIntegration.test.ts[2m > [22m[2mSyncOrchestrator Integration Tests[2m > [22m[2mshould orchestrate a sync flow
[22m[39m🟢 [PROD] SyncOrchestrator: Stopped {}

[90mstdout[2m | src/services/__tests__/integration/SyncOrchestratorIntegration.test.ts[2m > [22m[2mSyncOrchestrator Integration Tests[2m > [22m[2mshould handle sync failures and record them
[22m[39m🔍 [DEV-SITE] EncryptionManager: Key initialized {}

[90mstdout[2m | src/services/__tests__/integration/SyncOrchestratorIntegration.test.ts[2m > [22m[2mSyncOrchestrator Integration Tests[2m > [22m[2mshould handle sync failures and record them
[22m[39m🟢 [PROD] SyncOrchestrator: Started { budgetId: [32m'budget_i'[39m, provider: [32m'firebase'[39m }

[90mstdout[2m | src/services/__tests__/integration/SyncOrchestratorIntegration.test.ts[2m > [22m[2mSyncOrchestrator Integration Tests[2m > [22m[2mshould handle sync failures and record them
[22m[39m🟢 [PROD] SyncOrchestrator: Stopped {}

 [32m✓[39m src/services/__tests__/integration/SyncOrchestratorIntegration.test.ts [2m([22m[2m3 tests[22m[2m)[22m[32m 70[2mms[22m[39m
[90mstdout[2m | src/hooks/platform/analytics/__tests__/useChartsAnalytics.test.ts[2m > [22m[2museChartsAnalytics[2m > [22m[2mshould handle date range changes
[22m[39m🔍 [DEV-SITE] Date range changed: { value: [32m'6months'[39m }

 [32m✓[39m src/hooks/platform/analytics/__tests__/useChartsAnalytics.test.ts [2m([22m[2m5 tests[22m[2m)[22m[32m 99[2mms[22m[39m
 [32m✓[39m src/hooks/platform/accounts/__tests__/useSupplementalAccounts.test.ts [2m([22m[2m18 tests[22m[2m)[22m[32m 93[2mms[22m[39m
[90mstdout[2m | src/utils/dataManagement/__tests__/validationUtils.test.ts[2m > [22m[2mvalidationUtils[2m > [22m[2mvalidateImportedData[2m > [22m[2mshould throw an error for invalid JSON
[22m[39mℹ️ Validating imported data {}

[90mstdout[2m | src/utils/dataManagement/__tests__/validationUtils.test.ts[2m > [22m[2mvalidationUtils[2m > [22m[2mvalidateImportedData[2m > [22m[2mshould throw an error for missing envelopes data
[22m[39mℹ️ Validating imported data {}

[90mstdout[2m | src/utils/dataManagement/__tests__/validationUtils.test.ts[2m > [22m[2mvalidationUtils[2m > [22m[2mvalidateImportedData[2m > [22m[2mshould return validated data for a valid import file
[22m[39mℹ️ Validating imported data {}
ℹ️ Data validation successful {
  envelopes: [33m0[39m,
  envelopesByType: {
    regular: [33m0[39m,
    savings: [33m0[39m,
    supplemental: [33m0[39m,
    bill: [33m0[39m,
    variable: [33m0[39m,
    other: [33m0[39m
  },
  bills: [33m0[39m,
  savingsGoals: [33m0[39m,
  supplementalAccounts: [33m0[39m,
  debts: [33m0[39m,
  allTransactions: [33m0[39m,
  hasBudgetIdMismatch: [33mfalse[39m,
  validationWarnings: [33m0[39m
}

[90mstdout[2m | src/utils/dataManagement/__tests__/validationUtils.test.ts[2m > [22m[2mvalidationUtils[2m > [22m[2mvalidateImportedData[2m > [22m[2mshould detect a budgetId mismatch
[22m[39mℹ️ Validating imported data {}
ℹ️ Data validation successful {
  envelopes: [33m0[39m,
  envelopesByType: {
    regular: [33m0[39m,
    savings: [33m0[39m,
    supplemental: [33m0[39m,
    bill: [33m0[39m,
    variable: [33m0[39m,
    other: [33m0[39m
  },
  bills: [33m0[39m,
  savingsGoals: [33m0[39m,
  supplementalAccounts: [33m0[39m,
  debts: [33m0[39m,
  allTransactions: [33m0[39m,
  hasBudgetIdMismatch: [33mtrue[39m,
  validationWarnings: [33m0[39m
}

[90mstdout[2m | src/utils/dataManagement/__tests__/validationUtils.test.ts[2m > [22m[2mvalidationUtils[2m > [22m[2mvalidateImportedData[2m > [22m[2mshould return validation warnings for items that pass import validation but fail strict validation
[22m[39mℹ️ Validating imported data {}
ℹ️ Data validation successful {
  envelopes: [33m2[39m,
  envelopesByType: {
    regular: [33m2[39m,
    savings: [33m0[39m,
    supplemental: [33m0[39m,
    bill: [33m0[39m,
    variable: [33m0[39m,
    other: [33m0[39m
  },
  bills: [33m0[39m,
  savingsGoals: [33m0[39m,
  supplementalAccounts: [33m0[39m,
  debts: [33m0[39m,
  allTransactions: [33m0[39m,
  hasBudgetIdMismatch: [33mfalse[39m,
  validationWarnings: [33m2[39m
}

[90mstderr[2m | src/utils/dataManagement/__tests__/validationUtils.test.ts[2m > [22m[2mvalidationUtils[2m > [22m[2mvalidateImportedData[2m > [22m[2mshould return validation warnings for items that pass import validation but fail strict validation
[22m[39m⚠️ Some items have validation warnings {
  invalidEnvelopes: [33m1[39m,
  invalidTransactions: [33m0[39m,
  invalidBills: [33m0[39m,
  invalidDebts: [33m0[39m
}

[90mstdout[2m | src/utils/dataManagement/__tests__/validationUtils.test.ts[2m > [22m[2mvalidationUtils[2m > [22m[2mvalidateImportedData[2m > [22m[2mshould unify allTransactions from transactions array
[22m[39mℹ️ Validating imported data {}
ℹ️ Data validation successful {
  envelopes: [33m0[39m,
  envelopesByType: {
    regular: [33m0[39m,
    savings: [33m0[39m,
    supplemental: [33m0[39m,
    bill: [33m0[39m,
    variable: [33m0[39m,
    other: [33m0[39m
  },
  bills: [33m0[39m,
  savingsGoals: [33m0[39m,
  supplementalAccounts: [33m0[39m,
  debts: [33m0[39m,
  allTransactions: [33m1[39m,
  hasBudgetIdMismatch: [33mfalse[39m,
  validationWarnings: [33m0[39m
}

[90mstdout[2m | src/utils/dataManagement/__tests__/validationUtils.test.ts[2m > [22m[2mvalidationUtils[2m > [22m[2mvalidateImportedData[2m > [22m[2mshould use allTransactions when available
[22m[39mℹ️ Validating imported data {}
ℹ️ Data validation successful {
  envelopes: [33m0[39m,
  envelopesByType: {
    regular: [33m0[39m,
    savings: [33m0[39m,
    supplemental: [33m0[39m,
    bill: [33m0[39m,
    variable: [33m0[39m,
    other: [33m0[39m
  },
  bills: [33m0[39m,
  savingsGoals: [33m0[39m,
  supplementalAccounts: [33m0[39m,
  debts: [33m0[39m,
  allTransactions: [33m2[39m,
  hasBudgetIdMismatch: [33mfalse[39m,
  validationWarnings: [33m0[39m
}

[90mstdout[2m | src/utils/dataManagement/__tests__/validationUtils.test.ts[2m > [22m[2mvalidationUtils[2m > [22m[2mvalidateImportedData[2m > [22m[2mshould support legacy savingsGoals format
[22m[39mℹ️ Validating imported data {}
ℹ️ Data validation successful {
  envelopes: [33m0[39m,
  envelopesByType: {
    regular: [33m0[39m,
    savings: [33m0[39m,
    supplemental: [33m0[39m,
    bill: [33m0[39m,
    variable: [33m0[39m,
    other: [33m0[39m
  },
  bills: [33m0[39m,
  savingsGoals: [33m1[39m,
  supplementalAccounts: [33m0[39m,
  debts: [33m0[39m,
  allTransactions: [33m0[39m,
  hasBudgetIdMismatch: [33mfalse[39m,
  validationWarnings: [33m0[39m
}

[90mstdout[2m | src/utils/dataManagement/__tests__/validationUtils.test.ts[2m > [22m[2mvalidationUtils[2m > [22m[2mvalidateImportedData[2m > [22m[2mshould support legacy supplementalAccounts format
[22m[39mℹ️ Validating imported data {}
ℹ️ Data validation successful {
  envelopes: [33m0[39m,
  envelopesByType: {
    regular: [33m0[39m,
    savings: [33m0[39m,
    supplemental: [33m0[39m,
    bill: [33m0[39m,
    variable: [33m0[39m,
    other: [33m0[39m
  },
  bills: [33m0[39m,
  savingsGoals: [33m0[39m,
  supplementalAccounts: [33m1[39m,
  debts: [33m0[39m,
  allTransactions: [33m0[39m,
  hasBudgetIdMismatch: [33mfalse[39m,
  validationWarnings: [33m0[39m
}

[90mstdout[2m | src/utils/dataManagement/__tests__/validationUtils.test.ts[2m > [22m[2mvalidationUtils[2m > [22m[2mvalidateImportedData[2m > [22m[2mshould validate export metadata
[22m[39mℹ️ Validating imported data {}
ℹ️ Data validation successful {
  envelopes: [33m0[39m,
  envelopesByType: {
    regular: [33m0[39m,
    savings: [33m0[39m,
    supplemental: [33m0[39m,
    bill: [33m0[39m,
    variable: [33m0[39m,
    other: [33m0[39m
  },
  bills: [33m0[39m,
  savingsGoals: [33m0[39m,
  supplementalAccounts: [33m0[39m,
  debts: [33m0[39m,
  allTransactions: [33m0[39m,
  hasBudgetIdMismatch: [33mfalse[39m,
  validationWarnings: [33m0[39m
}

 [32m✓[39m src/utils/dataManagement/__tests__/validationUtils.test.ts [2m([22m[2m10 tests[22m[2m)[22m[32m 53[2mms[22m[39m
 [32m✓[39m src/domain/schemas/__tests__/bug-report.test.ts [2m([22m[2m28 tests[22m[2m)[22m[32m 20[2mms[22m[39m
[90mstdout[2m | src/contexts/__tests__/authUtils.test.ts[2m > [22m[2mauthUtils[2m > [22m[2minitializeAuthFromStorage[2m > [22m[2mshould initialize with saved profile data
[22m[39m🔍 [DEV-SITE] [AUTH] AuthContext: Initializing auth state from localStorage { category: [32m'auth'[39m }
🔍 [DEV-SITE] [AUTH] AuthContext: Found saved profile { userName: [32m'testuser'[39m, hasColor: [33mtrue[39m, category: [32m'auth'[39m }

[90mstdout[2m | src/contexts/__tests__/authUtils.test.ts[2m > [22m[2mauthUtils[2m > [22m[2minitializeAuthFromStorage[2m > [22m[2mshould handle legacy state with budget data but no profile
[22m[39m🔍 [DEV-SITE] [AUTH] AuthContext: Initializing auth state from localStorage { category: [32m'auth'[39m }
🔍 [DEV-SITE] [AUTH] AuthContext: Found budget data without profile - legacy state { category: [32m'auth'[39m }

[90mstdout[2m | src/contexts/__tests__/authUtils.test.ts[2m > [22m[2mauthUtils[2m > [22m[2minitializeAuthFromStorage[2m > [22m[2mshould initialize as new user when no saved data exists
[22m[39m🔍 [DEV-SITE] [AUTH] AuthContext: Initializing auth state from localStorage { category: [32m'auth'[39m }
🔍 [DEV-SITE] [AUTH] AuthContext: No saved data - new user state { category: [32m'auth'[39m }

[90mstdout[2m | src/contexts/__tests__/authUtils.test.ts[2m > [22m[2mauthUtils[2m > [22m[2minitializeAuthFromStorage[2m > [22m[2mshould handle errors during initialization
[22m[39m🔍 [DEV-SITE] [AUTH] AuthContext: Initializing auth state from localStorage { category: [32m'auth'[39m }

[90mstderr[2m | src/contexts/__tests__/authUtils.test.ts[2m > [22m[2mauthUtils[2m > [22m[2minitializeAuthFromStorage[2m > [22m[2mshould handle errors during initialization
[22m[39m❌ AuthContext: Failed to initialize auth state SyntaxError: Unexpected token 'i', "invalid-json{" is not valid JSON
    at JSON.parse (<anonymous>)
    at initializeAuthFromStorage [90m(/Users/f4tdaddy/Git/violet-vault/[39msrc/contexts/authUtils.ts:27:28[90m)[39m
    at [90m/Users/f4tdaddy/Git/violet-vault/[39msrc/contexts/__tests__/authUtils.test.ts:99:13
    at [90mfile:///Users/f4tdaddy/Git/violet-vault/[39mnode_modules/[4m@vitest/runner[24m/dist/index.js:145:11
    at [90mfile:///Users/f4tdaddy/Git/violet-vault/[39mnode_modules/[4m@vitest/runner[24m/dist/index.js:915:26
    at [90mfile:///Users/f4tdaddy/Git/violet-vault/[39mnode_modules/[4m@vitest/runner[24m/dist/index.js:1243:20
    at new Promise (<anonymous>)
    at runWithTimeout [90m(file:///Users/f4tdaddy/Git/violet-vault/[39mnode_modules/[4m@vitest/runner[24m/dist/index.js:1209:10[90m)[39m
    at [90mfile:///Users/f4tdaddy/Git/violet-vault/[39mnode_modules/[4m@vitest/runner[24m/dist/index.js:1653:37
    at Traces.$ [90m(file:///Users/f4tdaddy/Git/violet-vault/[39mnode_modules/[4mvitest[24m/dist/chunks/traces.U4xDYhzZ.js:115:27[90m)[39m {}

[90mstdout[2m | src/contexts/__tests__/authUtils.test.ts[2m > [22m[2mauthUtils[2m > [22m[2minitializeAuthFromStorage[2m > [22m[2mshould load profile with color property
[22m[39m🔍 [DEV-SITE] [AUTH] AuthContext: Initializing auth state from localStorage { category: [32m'auth'[39m }
🔍 [DEV-SITE] [AUTH] AuthContext: Found saved profile { userName: [32m'coloreduser'[39m, hasColor: [33mtrue[39m, category: [32m'auth'[39m }

[90mstdout[2m | src/contexts/__tests__/authUtils.test.ts[2m > [22m[2mauthUtils[2m > [22m[2mcreateSetAuthenticated[2m > [22m[2mshould set authenticated user with full session data
[22m[39m🔍 [DEV-SITE] [AUTH] AuthContext: Setting authenticated user {
  userName: [32m'testuser'[39m,
  budgetId: [32m'budget-1...'[39m,
  hasEncryptionKey: [33mtrue[39m,
  category: [32m'auth'[39m
}

[90mstdout[2m | src/contexts/__tests__/authUtils.test.ts[2m > [22m[2mauthUtils[2m > [22m[2mcreateSetAuthenticated[2m > [22m[2mshould set authenticated user without session data
[22m[39m🔍 [DEV-SITE] [AUTH] AuthContext: Setting authenticated user {
  userName: [32m'testuser'[39m,
  budgetId: [32m'undefined...'[39m,
  hasEncryptionKey: [33mfalse[39m,
  category: [32m'auth'[39m
}

[90mstdout[2m | src/contexts/__tests__/authUtils.test.ts[2m > [22m[2mauthUtils[2m > [22m[2mcreateSetAuthenticated[2m > [22m[2mshould handle authentication with empty session data
[22m[39m🔍 [DEV-SITE] [AUTH] AuthContext: Setting authenticated user {
  userName: [32m'testuser'[39m,
  budgetId: [32m'undefined...'[39m,
  hasEncryptionKey: [33mfalse[39m,
  category: [32m'auth'[39m
}

[90mstdout[2m | src/contexts/__tests__/authUtils.test.ts[2m > [22m[2mauthUtils[2m > [22m[2mcreateClearAuth[2m > [22m[2mshould reset auth state to initial values
[22m[39m🔍 [DEV-SITE] [AUTH] AuthContext: Clearing auth state { category: [32m'auth'[39m }

[90mstdout[2m | src/contexts/__tests__/authUtils.test.ts[2m > [22m[2mauthUtils[2m > [22m[2mcreateUpdateUser[2m > [22m[2mshould update user data with partial updates
[22m[39m🔍 [DEV-SITE] [AUTH] AuthContext: Updating user data { userName: [90mundefined[39m, category: [32m'auth'[39m }

 [32m✓[39m src/hooks/platform/settings/__tests__/useSettingsDashboard.test.ts [2m([22m[2m11 tests[22m[2m)[22m[32m 95[2mms[22m[39m
[90mstdout[2m | src/contexts/__tests__/authUtils.test.ts[2m > [22m[2mauthUtils[2m > [22m[2mcreateUpdateUser[2m > [22m[2mshould update userName while preserving other properties
[22m[39m🔍 [DEV-SITE] [AUTH] AuthContext: Updating user data { userName: [32m'newname'[39m, category: [32m'auth'[39m }

[90mstdout[2m | src/contexts/__tests__/authUtils.test.ts[2m > [22m[2mauthUtils[2m > [22m[2mcreateUpdateUser[2m > [22m[2mshould handle updating multiple user properties
[22m[39m🔍 [DEV-SITE] [AUTH] AuthContext: Updating user data { userName: [32m'newname'[39m, category: [32m'auth'[39m }

[90mstdout[2m | src/contexts/__tests__/authUtils.test.ts[2m > [22m[2mauthUtils[2m > [22m[2mcreateLockSession[2m > [22m[2mshould lock session and clear sensitive data
[22m[39m🔍 [DEV-SITE] [AUTH] AuthContext: Locking session { category: [32m'auth'[39m }

[90mstdout[2m | src/contexts/__tests__/authUtils.test.ts[2m > [22m[2mauthUtils[2m > [22m[2mcreateLockSession[2m > [22m[2mshould lock session when already locked
[22m[39m🔍 [DEV-SITE] [AUTH] AuthContext: Locking session { category: [32m'auth'[39m }

[90mstdout[2m | src/contexts/__tests__/authUtils.test.ts[2m > [22m[2mauthUtils[2m > [22m[2mcreateLockSession[2m > [22m[2mshould preserve salt when present
[22m[39m🔍 [DEV-SITE] [AUTH] AuthContext: Locking session { category: [32m'auth'[39m }

[90mstdout[2m | src/contexts/__tests__/authUtils.test.ts[2m > [22m[2mauthUtils[2m > [22m[2mEdge Cases and Integration[2m > [22m[2mshould handle rapid state transitions
[22m[39m🔍 [DEV-SITE] [AUTH] AuthContext: Setting authenticated user {
  userName: [32m'user1'[39m,
  budgetId: [32m'undefined...'[39m,
  hasEncryptionKey: [33mfalse[39m,
  category: [32m'auth'[39m
}
🔍 [DEV-SITE] [AUTH] AuthContext: Updating user data { userName: [90mundefined[39m, category: [32m'auth'[39m }
🔍 [DEV-SITE] [AUTH] AuthContext: Locking session { category: [32m'auth'[39m }

[90mstdout[2m | src/contexts/__tests__/authUtils.test.ts[2m > [22m[2mauthUtils[2m > [22m[2mEdge Cases and Integration[2m > [22m[2mshould handle null user during update
[22m[39m🔍 [DEV-SITE] [AUTH] AuthContext: Updating user data { userName: [32m'newname'[39m, category: [32m'auth'[39m }

 [32m✓[39m src/contexts/__tests__/authUtils.test.ts [2m([22m[2m23 tests[22m[2m)[22m[32m 86[2mms[22m[39m
 [32m✓[39m src/services/storage/__tests__/localStorageService.test.ts [2m([22m[2m44 tests[22m[2m)[22m[32m 95[2mms[22m[39m
 [32m✓[39m src/utils/testing/factories/__tests__/domainFactories.test.ts [2m([22m[2m31 tests[22m[2m)[22m[32m 37[2mms[22m[39m
 [32m✓[39m src/hooks/platform/analytics/__tests__/useTrendAnalysis.test.ts [2m([22m[2m8 tests[22m[2m)[22m[32m 56[2mms[22m[39m
 [32m✓[39m src/utils/analytics/__tests__/trendHelpers.test.ts [2m([22m[2m19 tests[22m[2m)[22m[32m 65[2mms[22m[39m
[90mstdout[2m | src/stores/ui/__tests__/uiStore.test.ts[2m > [22m[2museUiStore[2m > [22m[2mstate updates without errors[2m > [22m[2mresetAllData should not throw
[22m[39mℹ️ Resetting UI state {}

[90mstdout[2m | src/stores/ui/__tests__/uiStore.test.ts[2m > [22m[2museUiStore[2m > [22m[2mstate updates without errors[2m > [22m[2msetCloudSyncEnabled should not throw
[22m[39mℹ️ Cloud sync disabled { cloudSyncEnabled: [33mfalse[39m }

[90mstdout[2m | src/stores/ui/__tests__/uiStore.test.ts[2m > [22m[2museUiStore[2m > [22m[2mstate updates without errors[2m > [22m[2msetUpdateAvailable should not throw
[22m[39mℹ️ PWA update available { updateAvailable: [33mtrue[39m }

[90mstdout[2m | src/stores/ui/__tests__/uiStore.test.ts[2m > [22m[2museUiStore[2m > [22m[2mstate updates without errors[2m > [22m[2mshowPatchNotesModal should not throw
[22m[39mℹ️ Showing patch notes modal { version: [32m'1.0.0'[39m }

[90mstderr[2m | src/stores/ui/__tests__/uiStore.test.ts[2m > [22m[2museUiStore[2m > [22m[2mstate updates without errors[2m > [22m[2msetDebts should not throw
[22m[39m⚠️ setDebts called - debts are now managed by TanStack Query/useDebts hook {
  source: [32m'budgetStore.setDebts'[39m,
  migration: [32m'Use useDebts() hook instead'[39m
}

[90mstdout[2m | src/stores/ui/__tests__/uiStore.test.ts[2m > [22m[2museUiStore[2m > [22m[2mstate mutations[2m > [22m[2msetCloudSyncEnabled should update cloudSyncEnabled
[22m[39mℹ️ Cloud sync disabled { cloudSyncEnabled: [33mfalse[39m }

 [32m✓[39m src/hooks/platform/analytics/__tests__/useSmartCategoryManager.test.tsx [2m([22m[2m12 tests[22m[2m)[22m[32m 62[2mms[22m[39m
[90mstdout[2m | src/stores/ui/__tests__/uiStore.test.ts[2m > [22m[2museUiStore[2m > [22m[2mstate mutations[2m > [22m[2msetUpdateAvailable should update updateAvailable
[22m[39mℹ️ PWA update available { updateAvailable: [33mtrue[39m }

[90mstdout[2m | src/stores/ui/__tests__/uiStore.test.ts[2m > [22m[2museUiStore[2m > [22m[2mstate mutations[2m > [22m[2mshowPatchNotesModal should show patch notes
[22m[39mℹ️ Showing patch notes modal { version: [32m'1.0.0'[39m }

[90mstdout[2m | src/stores/ui/__tests__/uiStore.test.ts[2m > [22m[2museUiStore[2m > [22m[2mstate mutations[2m > [22m[2mhidePatchNotesModal should hide patch notes
[22m[39mℹ️ Showing patch notes modal { version: [32m'1.0.0'[39m }

[90mstdout[2m | src/stores/ui/__tests__/uiStore.test.ts[2m > [22m[2museUiStore[2m > [22m[2mstate mutations[2m > [22m[2mresetAllData should reset UI state
[22m[39mℹ️ Resetting UI state {}

 [32m✓[39m src/stores/ui/__tests__/uiStore.test.ts [2m([22m[2m71 tests[22m[2m)[22m[32m 33[2mms[22m[39m
 [32m✓[39m src/hooks/platform/mobile/__tests__/useFABSmartPositioning.test.ts [2m([22m[2m11 tests[22m[2m)[22m[32m 170[2mms[22m[39m
 [32m✓[39m src/domain/schemas/__tests__/component-props.test.ts [2m([22m[2m22 tests[22m[2m)[22m[32m 30[2mms[22m[39m
 [32m✓[39m src/domain/schemas/__tests__/api-responses.test.ts [2m([22m[2m44 tests[22m[2m)[22m[32m 21[2mms[22m[39m
 [32m✓[39m src/components/budgeting/__tests__/EnvelopeSystem.test.tsx [2m([22m[2m10 tests[22m[2m)[22m[32m 166[2mms[22m[39m
[90mstdout[2m | src/utils/sync/validation/__tests__/checksumUtils.test.ts[2m > [22m[2mchecksumUtils[2m > [22m[2mgenerateChecksum[2m > [22m[2mshould generate consistent checksums for same data
[22m[39m🔍 [DEV-SITE] 🔍 Generated checksum { dataSize: [33m28[39m, checksum: [32m'47d9ae25...'[39m }

[90mstdout[2m | src/utils/sync/validation/__tests__/checksumUtils.test.ts[2m > [22m[2mchecksumUtils[2m > [22m[2mgenerateChecksum[2m > [22m[2mshould generate consistent checksums for same data
[22m[39m🔍 [DEV-SITE] 🔍 Generated checksum { dataSize: [33m28[39m, checksum: [32m'47d9ae25...'[39m }

[90mstdout[2m | src/utils/sync/validation/__tests__/checksumUtils.test.ts[2m > [22m[2mchecksumUtils[2m > [22m[2mgenerateChecksum[2m > [22m[2mshould generate different checksums for different data
[22m[39m🔍 [DEV-SITE] 🔍 Generated checksum { dataSize: [33m16[39m, checksum: [32m'b8ef5ff6...'[39m }

[90mstdout[2m | src/utils/sync/validation/__tests__/checksumUtils.test.ts[2m > [22m[2mchecksumUtils[2m > [22m[2mgenerateChecksum[2m > [22m[2mshould generate different checksums for different data
[22m[39m🔍 [DEV-SITE] 🔍 Generated checksum { dataSize: [33m16[39m, checksum: [32m'b8ef63b7...'[39m }

[90mstdout[2m | src/utils/sync/validation/__tests__/checksumUtils.test.ts[2m > [22m[2mchecksumUtils[2m > [22m[2mgenerateChecksum[2m > [22m[2mshould handle arrays
[22m[39m🔍 [DEV-SITE] 🔍 Generated checksum { dataSize: [33m14[39m, checksum: [32m'277d5594...'[39m }

[90mstdout[2m | src/utils/sync/validation/__tests__/checksumUtils.test.ts[2m > [22m[2mchecksumUtils[2m > [22m[2mgenerateChecksum[2m > [22m[2mshould handle nested objects
[22m[39m🔍 [DEV-SITE] 🔍 Generated checksum { dataSize: [33m52[39m, checksum: [32m'efc19f96...'[39m }

[90mstdout[2m | src/utils/sync/validation/__tests__/checksumUtils.test.ts[2m > [22m[2mchecksumUtils[2m > [22m[2mgenerateChecksum[2m > [22m[2mshould handle null and undefined
[22m[39m🔍 [DEV-SITE] 🔍 Generated checksum { dataSize: [33m4[39m, checksum: [32m'0033c587...'[39m }

[90mstdout[2m | src/utils/sync/validation/__tests__/checksumUtils.test.ts[2m > [22m[2mchecksumUtils[2m > [22m[2mgenerateChecksum[2m > [22m[2mshould handle null and undefined
[22m[39m🔍 [DEV-SITE] 🔍 Generated checksum { dataSize: [33m4[39m, checksum: [32m'0033c587...'[39m }

[90mstdout[2m | src/utils/sync/validation/__tests__/checksumUtils.test.ts[2m > [22m[2mchecksumUtils[2m > [22m[2mgenerateChecksum[2m > [22m[2mshould handle special characters and unicode
[22m[39m🔍 [DEV-SITE] 🔍 Generated checksum { dataSize: [33m77[39m, checksum: [32m'2e349e65...'[39m }

[90mstdout[2m | src/utils/sync/validation/__tests__/checksumUtils.test.ts[2m > [22m[2mchecksumUtils[2m > [22m[2mvalidateChecksum[2m > [22m[2mshould validate correct checksums
[22m[39m🔍 [DEV-SITE] 🔍 Generated checksum { dataSize: [33m37[39m, checksum: [32m'30fcae65...'[39m }

[90mstdout[2m | src/utils/sync/validation/__tests__/checksumUtils.test.ts[2m > [22m[2mchecksumUtils[2m > [22m[2mvalidateChecksum[2m > [22m[2mshould validate correct checksums
[22m[39m🔍 [DEV-SITE] 🔍 Generated checksum { dataSize: [33m37[39m, checksum: [32m'30fcae65...'[39m }

[90mstdout[2m | src/utils/sync/validation/__tests__/checksumUtils.test.ts[2m > [22m[2mchecksumUtils[2m > [22m[2mvalidateChecksum[2m > [22m[2mshould validate correct checksums
[22m[39m🔍 [DEV-SITE] ✅ Checksum validation passed {}

[90mstdout[2m | src/utils/sync/validation/__tests__/checksumUtils.test.ts[2m > [22m[2mchecksumUtils[2m > [22m[2mvalidateChecksum[2m > [22m[2mshould reject incorrect checksums
[22m[39m🔍 [DEV-SITE] 🔍 Generated checksum { dataSize: [33m21[39m, checksum: [32m'83aa0f15...'[39m }

[90mstderr[2m | src/utils/sync/validation/__tests__/checksumUtils.test.ts[2m > [22m[2mchecksumUtils[2m > [22m[2mvalidateChecksum[2m > [22m[2mshould reject incorrect checksums
[22m[39m❌ ❌ Checksum validation failed { expected: [32m'invalid-...'[39m, actual: [32m'83aa0f15...'[39m } {}

[90mstdout[2m | src/utils/sync/validation/__tests__/checksumUtils.test.ts[2m > [22m[2mchecksumUtils[2m > [22m[2mvalidateChecksum[2m > [22m[2mshould detect data corruption
[22m[39m🔍 [DEV-SITE] 🔍 Generated checksum { dataSize: [33m32[39m, checksum: [32m'b1b4a963...'[39m }

[90mstdout[2m | src/utils/sync/validation/__tests__/checksumUtils.test.ts[2m > [22m[2mchecksumUtils[2m > [22m[2mvalidateChecksum[2m > [22m[2mshould detect data corruption
[22m[39m🔍 [DEV-SITE] 🔍 Generated checksum { dataSize: [33m32[39m, checksum: [32m'b1b4a982...'[39m }

[90mstderr[2m | src/utils/sync/validation/__tests__/checksumUtils.test.ts[2m > [22m[2mchecksumUtils[2m > [22m[2mvalidateChecksum[2m > [22m[2mshould detect data corruption
[22m[39m❌ ❌ Checksum validation failed { expected: [32m'b1b4a963...'[39m, actual: [32m'b1b4a982...'[39m } {}

[90mstdout[2m | src/utils/sync/validation/__tests__/checksumUtils.test.ts[2m > [22m[2mchecksumUtils[2m > [22m[2mvalidateChecksum[2m > [22m[2mshould handle null/undefined inputs
[22m[39m🔍 [DEV-SITE] 🔍 Generated checksum { dataSize: [33m15[39m, checksum: [32m'167b5433...'[39m }

[90mstdout[2m | src/utils/sync/validation/__tests__/checksumUtils.test.ts[2m > [22m[2mchecksumUtils[2m > [22m[2mvalidateChecksum[2m > [22m[2mshould handle null/undefined inputs
[22m[39m🔍 [DEV-SITE] 🔍 Generated checksum { dataSize: [33m4[39m, checksum: [32m'0033c587...'[39m }

[90mstderr[2m | src/utils/sync/validation/__tests__/checksumUtils.test.ts[2m > [22m[2mchecksumUtils[2m > [22m[2mvalidateChecksum[2m > [22m[2mshould handle null/undefined inputs
[22m[39m❌ ❌ Checksum validation failed { expected: [32m'167b5433...'[39m, actual: [32m'0033c587...'[39m } {}

[90mstdout[2m | src/utils/sync/validation/__tests__/checksumUtils.test.ts[2m > [22m[2mchecksumUtils[2m > [22m[2mvalidateChecksum[2m > [22m[2mshould handle null/undefined inputs
[22m[39m🔍 [DEV-SITE] 🔍 Generated checksum { dataSize: [33m4[39m, checksum: [32m'0033c587...'[39m }

[90mstderr[2m | src/utils/sync/validation/__tests__/checksumUtils.test.ts[2m > [22m[2mchecksumUtils[2m > [22m[2mvalidateChecksum[2m > [22m[2mshould handle null/undefined inputs
[22m[39m❌ ❌ Checksum validation failed { expected: [32m'167b5433...'[39m, actual: [32m'0033c587...'[39m } {}

 [32m✓[39m src/utils/sync/__tests__/syncHealthHelpers.test.ts [2m([22m[2m28 tests[22m[2m)[22m[32m 36[2mms[22m[39m
[90mstdout[2m | src/utils/sync/validation/__tests__/checksumUtils.test.ts[2m > [22m[2mchecksumUtils[2m > [22m[2medge cases[2m > [22m[2mshould handle large objects
[22m[39m🔍 [DEV-SITE] 🔍 Generated checksum { dataSize: [33m117691[39m, checksum: [32m'c1524506...'[39m }

[90mstdout[2m | src/utils/sync/validation/__tests__/checksumUtils.test.ts[2m > [22m[2mchecksumUtils[2m > [22m[2medge cases[2m > [22m[2mshould handle large objects
[22m[39m🔍 [DEV-SITE] 🔍 Generated checksum { dataSize: [33m117691[39m, checksum: [32m'c1524506...'[39m }

[90mstdout[2m | src/utils/sync/validation/__tests__/checksumUtils.test.ts[2m > [22m[2mchecksumUtils[2m > [22m[2medge cases[2m > [22m[2mshould handle large objects
[22m[39m🔍 [DEV-SITE] ✅ Checksum validation passed {}

[90mstderr[2m | src/utils/sync/validation/__tests__/checksumUtils.test.ts[2m > [22m[2mchecksumUtils[2m > [22m[2medge cases[2m > [22m[2mshould handle circular references safely
[22m[39m❌ ❌ Checksum generation failed {
  error: [32m'Converting circular structure to JSON\n'[39m +
    [32m"    --> starting at object with constructor 'Object'\n"[39m +
    [32m"    --- property 'self' closes the circle"[39m
} {}

[90mstdout[2m | src/utils/sync/validation/__tests__/checksumUtils.test.ts[2m > [22m[2mchecksumUtils[2m > [22m[2medge cases[2m > [22m[2mshould be consistent across multiple calls
[22m[39m🔍 [DEV-SITE] 🔍 Generated checksum { dataSize: [33m99[39m, checksum: [32m'133a5202...'[39m }
🔍 [DEV-SITE] 🔍 Generated checksum { dataSize: [33m99[39m, checksum: [32m'133a5202...'[39m }
🔍 [DEV-SITE] 🔍 Generated checksum { dataSize: [33m99[39m, checksum: [32m'133a5202...'[39m }
🔍 [DEV-SITE] 🔍 Generated checksum { dataSize: [33m99[39m, checksum: [32m'133a5202...'[39m }
🔍 [DEV-SITE] 🔍 Generated checksum { dataSize: [33m99[39m, checksum: [32m'133a5202...'[39m }

 [32m✓[39m src/utils/sync/validation/__tests__/checksumUtils.test.ts [2m([22m[2m14 tests[22m[2m)[22m[32m 66[2mms[22m[39m
[90mstdout[2m | src/services/__tests__/budgetDatabaseService.test.ts[2m > [22m[2mBudgetDatabaseService[2m > [22m[2minitialize[2m > [22m[2mshould initialize successfully
[22m[39mℹ️ Budget database service initialized {}

[90mstderr[2m | src/services/__tests__/budgetDatabaseService.test.ts[2m > [22m[2mBudgetDatabaseService[2m > [22m[2minitialize[2m > [22m[2mshould handle initialization errors
[22m[39m❌ Failed to initialize database service Error: Database connection failed
    at [90m/Users/f4tdaddy/Git/violet-vault/[39msrc/services/__tests__/budgetDatabaseService.test.ts:85:21
    at [90mfile:///Users/f4tdaddy/Git/violet-vault/[39mnode_modules/[4m@vitest/runner[24m/dist/index.js:145:11
    at [90mfile:///Users/f4tdaddy/Git/violet-vault/[39mnode_modules/[4m@vitest/runner[24m/dist/index.js:915:26
    at [90mfile:///Users/f4tdaddy/Git/violet-vault/[39mnode_modules/[4m@vitest/runner[24m/dist/index.js:1243:20
    at new Promise (<anonymous>)
    at runWithTimeout [90m(file:///Users/f4tdaddy/Git/violet-vault/[39mnode_modules/[4m@vitest/runner[24m/dist/index.js:1209:10[90m)[39m
    at [90mfile:///Users/f4tdaddy/Git/violet-vault/[39mnode_modules/[4m@vitest/runner[24m/dist/index.js:1653:37
    at Traces.$ [90m(file:///Users/f4tdaddy/Git/violet-vault/[39mnode_modules/[4mvitest[24m/dist/chunks/traces.U4xDYhzZ.js:115:27[90m)[39m
    at trace [90m(file:///Users/f4tdaddy/Git/violet-vault/[39mnode_modules/[4mvitest[24m/dist/chunks/test.B8ej_ZHS.js:239:21[90m)[39m
    at runTest [90m(file:///Users/f4tdaddy/Git/violet-vault/[39mnode_modules/[4m@vitest/runner[24m/dist/index.js:1653:12[90m)[39m {}

[90mstderr[2m | src/services/__tests__/budgetDatabaseService.test.ts[2m > [22m[2mBudgetDatabaseService[2m > [22m[2mgetEnvelopes[2m > [22m[2mshould return empty array for invalid envelope data
[22m[39m❌ Failed to validate envelopes from database ZodError: [
  {
    "expected": "string",
    "code": "invalid_type",
    "path": [
      0,
      "category"
    ],
    "message": "Invalid input: expected string, received undefined"
  },
  {
    "expected": "number",
    "code": "invalid_type",
    "path": [
      0,
      "lastModified"
    ],
    "message": "Invalid input: expected number, received undefined"
  }
]
    at new ZodError [90m(file:///Users/f4tdaddy/Git/violet-vault/[39mnode_modules/[4mzod[24m/v4/core/core.js:39:39[90m)[39m
    at Module.<anonymous> [90m(file:///Users/f4tdaddy/Git/violet-vault/[39mnode_modules/[4mzod[24m/v4/core/parse.js:40:20[90m)[39m
    at _.inst.safeParse [90m(file:///Users/f4tdaddy/Git/violet-vault/[39mnode_modules/[4mzod[24m/v4/classic/schemas.js:40:46[90m)[39m
    at BudgetDatabaseService._validateOutput [90m(/Users/f4tdaddy/Git/violet-vault/[39msrc/services/budget/budgetDatabaseService.ts:112:27[90m)[39m
    at BudgetDatabaseService.getEnvelopes [90m(/Users/f4tdaddy/Git/violet-vault/[39msrc/services/budget/budgetDatabaseService.ts:170:19[90m)[39m
[90m    at processTicksAndRejections (node:internal/process/task_queues:103:5)[39m
    at [90m/Users/f4tdaddy/Git/violet-vault/[39msrc/services/__tests__/budgetDatabaseService.test.ts:189:22
    at [90mfile:///Users/f4tdaddy/Git/violet-vault/[39mnode_modules/[4m@vitest/runner[24m/dist/index.js:915:20 {}

[90mstdout[2m | src/services/__tests__/budgetDatabaseService.test.ts[2m > [22m[2mBudgetDatabaseService[2m > [22m[2msaveEnvelopes[2m > [22m[2mshould save envelopes and invalidate cache
[22m[39m🔍 [DEV-SITE] Saved 2 envelopes {}

[90mstderr[2m | src/services/__tests__/budgetDatabaseService.test.ts[2m > [22m[2mBudgetDatabaseService[2m > [22m[2msaveEnvelopes[2m > [22m[2mshould throw error for invalid envelope data
[22m[39m❌ Failed to validate envelope for save ZodError: [
  {
    "expected": "string",
    "code": "invalid_type",
    "path": [
      0,
      "category"
    ],
    "message": "Invalid input: expected string, received undefined"
  },
  {
    "expected": "number",
    "code": "invalid_type",
    "path": [
      0,
      "lastModified"
    ],
    "message": "Invalid input: expected number, received undefined"
  }
]
    at new ZodError [90m(file:///Users/f4tdaddy/Git/violet-vault/[39mnode_modules/[4mzod[24m/v4/core/core.js:39:39[90m)[39m
    at Module.<anonymous> [90m(file:///Users/f4tdaddy/Git/violet-vault/[39mnode_modules/[4mzod[24m/v4/core/parse.js:40:20[90m)[39m
    at _.inst.safeParse [90m(file:///Users/f4tdaddy/Git/violet-vault/[39mnode_modules/[4mzod[24m/v4/classic/schemas.js:40:46[90m)[39m
    at BudgetDatabaseService._validateInput [90m(/Users/f4tdaddy/Git/violet-vault/[39msrc/services/budget/budgetDatabaseService.ts:122:27[90m)[39m
    at BudgetDatabaseService.saveEnvelopes [90m(/Users/f4tdaddy/Git/violet-vault/[39msrc/services/budget/budgetDatabaseService.ts:179:30[90m)[39m
    at [90m/Users/f4tdaddy/Git/violet-vault/[39msrc/services/__tests__/budgetDatabaseService.test.ts:228:31
    at [90mfile:///Users/f4tdaddy/Git/violet-vault/[39mnode_modules/[4m@vitest/runner[24m/dist/index.js:145:11
    at [90mfile:///Users/f4tdaddy/Git/violet-vault/[39mnode_modules/[4m@vitest/runner[24m/dist/index.js:915:26
    at [90mfile:///Users/f4tdaddy/Git/violet-vault/[39mnode_modules/[4m@vitest/runner[24m/dist/index.js:1243:20
    at new Promise (<anonymous>) {}
❌ Failed to save envelopes Error: Invalid envelope data: [
  {
    "expected": "string",
    "code": "invalid_type",
    "path": [
      0,
      "category"
    ],
    "message": "Invalid input: expected string, received undefined"
  },
  {
    "expected": "number",
    "code": "invalid_type",
    "path": [
      0,
      "lastModified"
    ],
    "message": "Invalid input: expected number, received undefined"
  }
]
    at BudgetDatabaseService._validateInput [90m(/Users/f4tdaddy/Git/violet-vault/[39msrc/services/budget/budgetDatabaseService.ts:125:13[90m)[39m
    at BudgetDatabaseService.saveEnvelopes [90m(/Users/f4tdaddy/Git/violet-vault/[39msrc/services/budget/budgetDatabaseService.ts:179:30[90m)[39m
    at [90m/Users/f4tdaddy/Git/violet-vault/[39msrc/services/__tests__/budgetDatabaseService.test.ts:228:31
    at [90mfile:///Users/f4tdaddy/Git/violet-vault/[39mnode_modules/[4m@vitest/runner[24m/dist/index.js:145:11
    at [90mfile:///Users/f4tdaddy/Git/violet-vault/[39mnode_modules/[4m@vitest/runner[24m/dist/index.js:915:26
    at [90mfile:///Users/f4tdaddy/Git/violet-vault/[39mnode_modules/[4m@vitest/runner[24m/dist/index.js:1243:20
    at new Promise (<anonymous>)
    at runWithTimeout [90m(file:///Users/f4tdaddy/Git/violet-vault/[39mnode_modules/[4m@vitest/runner[24m/dist/index.js:1209:10[90m)[39m
    at [90mfile:///Users/f4tdaddy/Git/violet-vault/[39mnode_modules/[4m@vitest/runner[24m/dist/index.js:1653:37
    at Traces.$ [90m(file:///Users/f4tdaddy/Git/violet-vault/[39mnode_modules/[4mvitest[24m/dist/chunks/traces.U4xDYhzZ.js:115:27[90m)[39m {}

[90mstderr[2m | src/services/__tests__/budgetDatabaseService.test.ts[2m > [22m[2mBudgetDatabaseService[2m > [22m[2mgetTransactions[2m > [22m[2mshould return empty array for invalid transaction data from database
[22m[39m❌ Failed to validate transactions from database ZodError: [
  {
    "code": "invalid_union",
    "errors": [
      [
        {
          "expected": "date",
          "code": "invalid_type",
          "path": [],
          "message": "Invalid input: expected date, received undefined"
        }
      ],
      [
        {
          "expected": "string",
          "code": "invalid_type",
          "path": [],
          "message": "Invalid input: expected string, received undefined"
        }
      ]
    ],
    "path": [
      0,
      "date"
    ],
    "message": "Invalid input"
  },
  {
    "expected": "number",
    "code": "invalid_type",
    "path": [
      0,
      "amount"
    ],
    "message": "Invalid input: expected number, received string"
  },
  {
    "expected": "string",
    "code": "invalid_type",
    "path": [
      0,
      "envelopeId"
    ],
    "message": "Invalid input: expected string, received undefined"
  },
  {
    "expected": "string",
    "code": "invalid_type",
    "path": [
      0,
      "category"
    ],
    "message": "Invalid input: expected string, received undefined"
  },
  {
    "expected": "number",
    "code": "invalid_type",
    "path": [
      0,
      "lastModified"
    ],
    "message": "Invalid input: expected number, received undefined"
  }
]
    at new ZodError [90m(file:///Users/f4tdaddy/Git/violet-vault/[39mnode_modules/[4mzod[24m/v4/core/core.js:39:39[90m)[39m
    at Module.<anonymous> [90m(file:///Users/f4tdaddy/Git/violet-vault/[39mnode_modules/[4mzod[24m/v4/core/parse.js:40:20[90m)[39m
    at _.inst.safeParse [90m(file:///Users/f4tdaddy/Git/violet-vault/[39mnode_modules/[4mzod[24m/v4/classic/schemas.js:40:46[90m)[39m
    at BudgetDatabaseService._validateOutput [90m(/Users/f4tdaddy/Git/violet-vault/[39msrc/services/budget/budgetDatabaseService.ts:112:27[90m)[39m
    at BudgetDatabaseService.getTransactions [90m(/Users/f4tdaddy/Git/violet-vault/[39msrc/services/budget/budgetDatabaseService.ts:230:19[90m)[39m
[90m    at processTicksAndRejections (node:internal/process/task_queues:103:5)[39m
    at [90m/Users/f4tdaddy/Git/violet-vault/[39msrc/services/__tests__/budgetDatabaseService.test.ts:335:22
    at [90mfile:///Users/f4tdaddy/Git/violet-vault/[39mnode_modules/[4m@vitest/runner[24m/dist/index.js:915:20 {}

[90mstdout[2m | src/services/__tests__/budgetDatabaseService.test.ts[2m > [22m[2mBudgetDatabaseService[2m > [22m[2msaveTransactions[2m > [22m[2mshould save valid transactions
[22m[39m🔍 [DEV-SITE] Saved 1 transactions {}

[90mstderr[2m | src/services/__tests__/budgetDatabaseService.test.ts[2m > [22m[2mBudgetDatabaseService[2m > [22m[2msaveTransactions[2m > [22m[2mshould throw error for invalid transaction data
[22m[39m❌ Failed to validate transaction for save ZodError: [
  {
    "code": "invalid_union",
    "errors": [
      [
        {
          "expected": "date",
          "code": "invalid_type",
          "path": [],
          "message": "Invalid input: expected date, received undefined"
        }
      ],
      [
        {
          "expected": "string",
          "code": "invalid_type",
          "path": [],
          "message": "Invalid input: expected string, received undefined"
        }
      ]
    ],
    "path": [
      0,
      "date"
    ],
    "message": "Invalid input"
  },
  {
    "expected": "number",
    "code": "invalid_type",
    "path": [
      0,
      "amount"
    ],
    "message": "Invalid input: expected number, received string"
  },
  {
    "expected": "string",
    "code": "invalid_type",
    "path": [
      0,
      "envelopeId"
    ],
    "message": "Invalid input: expected string, received undefined"
  },
  {
    "expected": "string",
    "code": "invalid_type",
    "path": [
      0,
      "category"
    ],
    "message": "Invalid input: expected string, received undefined"
  },
  {
    "expected": "number",
    "code": "invalid_type",
    "path": [
      0,
      "lastModified"
    ],
    "message": "Invalid input: expected number, received undefined"
  }
]
    at new ZodError [90m(file:///Users/f4tdaddy/Git/violet-vault/[39mnode_modules/[4mzod[24m/v4/core/core.js:39:39[90m)[39m
    at Module.<anonymous> [90m(file:///Users/f4tdaddy/Git/violet-vault/[39mnode_modules/[4mzod[24m/v4/core/parse.js:40:20[90m)[39m
    at _.inst.safeParse [90m(file:///Users/f4tdaddy/Git/violet-vault/[39mnode_modules/[4mzod[24m/v4/classic/schemas.js:40:46[90m)[39m
    at BudgetDatabaseService._validateInput [90m(/Users/f4tdaddy/Git/violet-vault/[39msrc/services/budget/budgetDatabaseService.ts:122:27[90m)[39m
    at BudgetDatabaseService.saveTransactions [90m(/Users/f4tdaddy/Git/violet-vault/[39msrc/services/budget/budgetDatabaseService.ts:239:30[90m)[39m
    at [90m/Users/f4tdaddy/Git/violet-vault/[39msrc/services/__tests__/budgetDatabaseService.test.ts:371:31
    at [90mfile:///Users/f4tdaddy/Git/violet-vault/[39mnode_modules/[4m@vitest/runner[24m/dist/index.js:145:11
    at [90mfile:///Users/f4tdaddy/Git/violet-vault/[39mnode_modules/[4m@vitest/runner[24m/dist/index.js:915:26
    at [90mfile:///Users/f4tdaddy/Git/violet-vault/[39mnode_modules/[4m@vitest/runner[24m/dist/index.js:1243:20
    at new Promise (<anonymous>) {}
❌ Failed to save transactions Error: Invalid transaction data: [
  {
    "code": "invalid_union",
    "errors": [
      [
        {
          "expected": "date",
          "code": "invalid_type",
          "path": [],
          "message": "Invalid input: expected date, received undefined"
        }
      ],
      [
        {
          "expected": "string",
          "code": "invalid_type",
          "path": [],
          "message": "Invalid input: expected string, received undefined"
        }
      ]
    ],
    "path": [
      0,
      "date"
    ],
    "message": "Invalid input"
  },
  {
    "expected": "number",
    "code": "invalid_type",
    "path": [
      0,
      "amount"
    ],
    "message": "Invalid input: expected number, received string"
  },
  {
    "expected": "string",
    "code": "invalid_type",
    "path": [
      0,
      "envelopeId"
    ],
    "message": "Invalid input: expected string, received undefined"
  },
  {
    "expected": "string",
    "code": "invalid_type",
    "path": [
      0,
      "category"
    ],
    "message": "Invalid input: expected string, received undefined"
  },
  {
    "expected": "number",
    "code": "invalid_type",
    "path": [
      0,
      "lastModified"
    ],
    "message": "Invalid input: expected number, received undefined"
  }
]
    at BudgetDatabaseService._validateInput [90m(/Users/f4tdaddy/Git/violet-vault/[39msrc/services/budget/budgetDatabaseService.ts:125:13[90m)[39m
    at BudgetDatabaseService.saveTransactions [90m(/Users/f4tdaddy/Git/violet-vault/[39msrc/services/budget/budgetDatabaseService.ts:239:30[90m)[39m
    at [90m/Users/f4tdaddy/Git/violet-vault/[39msrc/services/__tests__/budgetDatabaseService.test.ts:371:31
    at [90mfile:///Users/f4tdaddy/Git/violet-vault/[39mnode_modules/[4m@vitest/runner[24m/dist/index.js:145:11
    at [90mfile:///Users/f4tdaddy/Git/violet-vault/[39mnode_modules/[4m@vitest/runner[24m/dist/index.js:915:26
    at [90mfile:///Users/f4tdaddy/Git/violet-vault/[39mnode_modules/[4m@vitest/runner[24m/dist/index.js:1243:20
    at new Promise (<anonymous>)
    at runWithTimeout [90m(file:///Users/f4tdaddy/Git/violet-vault/[39mnode_modules/[4m@vitest/runner[24m/dist/index.js:1209:10[90m)[39m
    at [90mfile:///Users/f4tdaddy/Git/violet-vault/[39mnode_modules/[4m@vitest/runner[24m/dist/index.js:1653:37
    at Traces.$ [90m(file:///Users/f4tdaddy/Git/violet-vault/[39mnode_modules/[4mvitest[24m/dist/chunks/traces.U4xDYhzZ.js:115:27[90m)[39m {}

[90mstdout[2m | src/services/__tests__/budgetDatabaseService.test.ts[2m > [22m[2mBudgetDatabaseService[2m > [22m[2mclearData[2m > [22m[2mshould clear all budget data
[22m[39mℹ️ All budget data cleared {}

 [32m✓[39m src/services/__tests__/budgetDatabaseService.test.ts [2m([22m[2m23 tests[22m[2m)[22m[32m 63[2mms[22m[39m
[90mstdout[2m | src/utils/query/__tests__/optimisticHelpers.test.ts[2m > [22m[2moptimisticHelpers[2m > [22m[2mupdateEnvelope[2m > [22m[2mshould update envelope optimistically
[22m[39m🔍 [DEV-SITE] Optimistic envelope update completed { envelopeId: [32m'env1'[39m, updates: { name: [32m'Updated Food'[39m, balance: [33m500[39m } }

[90mstderr[2m | src/utils/query/__tests__/optimisticHelpers.test.ts[2m > [22m[2moptimisticHelpers[2m > [22m[2mupdateEnvelope[2m > [22m[2mshould handle database update failures gracefully
[22m[39m⚠️ Failed to persist optimistic envelope update {
  error: [32m'Database update failed'[39m,
  envelopeId: [32m'env1'[39m,
  source: [32m'optimisticHelpers'[39m
}

[90mstdout[2m | src/utils/query/__tests__/optimisticHelpers.test.ts[2m > [22m[2moptimisticHelpers[2m > [22m[2mupdateEnvelope[2m > [22m[2mshould update envelope list correctly
[22m[39m🔍 [DEV-SITE] Optimistic envelope update completed { envelopeId: [32m'env1'[39m, updates: { name: [32m'Updated Food'[39m } }

[90mstderr[2m | src/utils/query/__tests__/optimisticHelpers.test.ts[2m > [22m[2moptimisticHelpers[2m > [22m[2mupdateEnvelope[2m > [22m[2mshould update envelope list correctly
[22m[39m⚠️ Envelope env1 not found for optimistic update {}

[90mstdout[2m | src/utils/query/__tests__/optimisticHelpers.test.ts[2m > [22m[2moptimisticHelpers[2m > [22m[2maddEnvelope[2m > [22m[2mshould add envelope optimistically
[22m[39m🔍 [DEV-SITE] Optimistic envelope addition completed { envelopeId: [32m'env3'[39m }

[90mstdout[2m | src/utils/query/__tests__/optimisticHelpers.test.ts[2m > [22m[2moptimisticHelpers[2m > [22m[2maddEnvelope[2m > [22m[2mshould handle adding to empty list
[22m[39m🔍 [DEV-SITE] Optimistic envelope addition completed { envelopeId: [32m'env1'[39m }

[90mstdout[2m | src/utils/query/__tests__/optimisticHelpers.test.ts[2m > [22m[2moptimisticHelpers[2m > [22m[2mremoveEnvelope[2m > [22m[2mshould remove envelope optimistically
[22m[39m🔍 [DEV-SITE] Optimistic envelope removal completed { envelopeId: [32m'env2'[39m }

[90mstdout[2m | src/utils/query/__tests__/optimisticHelpers.test.ts[2m > [22m[2moptimisticHelpers[2m > [22m[2mupdateTransaction[2m > [22m[2mshould update transaction optimistically
[22m[39m🔍 [DEV-SITE] Optimistic transaction update completed {
  transactionId: [32m'tx1'[39m,
  updates: { amount: [33m150[39m, description: [32m'Updated transaction'[39m }
}

[90mstdout[2m | src/utils/query/__tests__/optimisticHelpers.test.ts[2m > [22m[2moptimisticHelpers[2m > [22m[2maddTransaction[2m > [22m[2mshould add transaction optimistically
[22m[39m🔍 [DEV-SITE] Optimistic transaction addition completed { transactionId: [32m'tx3'[39m }

[90mstdout[2m | src/utils/query/__tests__/optimisticHelpers.test.ts[2m > [22m[2moptimisticHelpers[2m > [22m[2mupdateBill[2m > [22m[2mshould update bill optimistically
[22m[39m🔍 [DEV-SITE] Optimistic bill update completed {
  billId: [32m'bill1'[39m,
  updates: { isPaid: [33mtrue[39m, paidDate: [35m2026-01-07T23:01:11.043Z[39m }
}

[90mstdout[2m | src/utils/query/__tests__/optimisticHelpers.test.ts[2m > [22m[2moptimisticHelpers[2m > [22m[2mupdateBudgetMetadata[2m > [22m[2mshould update budget metadata optimistically
[22m[39m🔍 [DEV-SITE] Optimistic budget metadata update completed { updates: { unassignedCash: [33m1500[39m, actualBalance: [33m6000[39m } }

[90mstdout[2m | src/utils/query/__tests__/optimisticHelpers.test.ts[2m > [22m[2moptimisticHelpers[2m > [22m[2mupdateBudgetMetadata[2m > [22m[2mshould handle partial metadata updates
[22m[39m🔍 [DEV-SITE] Optimistic budget metadata update completed { updates: { unassignedCash: [33m1500[39m } }

[90mstdout[2m | src/utils/query/__tests__/optimisticHelpers.test.ts[2m > [22m[2moptimisticHelpers[2m > [22m[2mbatchUpdate[2m > [22m[2mshould perform batch updates
[22m[39mℹ️ Batch optimistic update completed { envelopeCount: [33m1[39m, transactionCount: [33m1[39m, billCount: [33m1[39m }

[90mstdout[2m | src/utils/query/__tests__/optimisticHelpers.test.ts[2m > [22m[2moptimisticHelpers[2m > [22m[2mbatchUpdate[2m > [22m[2mshould skip items without IDs
[22m[39mℹ️ Batch optimistic update completed { envelopeCount: [33m1[39m, transactionCount: [33m0[39m, billCount: [33m0[39m }

[90mstdout[2m | src/utils/query/__tests__/optimisticHelpers.test.ts[2m > [22m[2moptimisticHelpers[2m > [22m[2mrollbackUpdate[2m > [22m[2mshould rollback with previous data
[22m[39m🔍 [DEV-SITE] Rolled back optimistic update { queryKey: [ [32m'envelopes'[39m, [32m'list'[39m ] }

[90mstdout[2m | src/utils/query/__tests__/optimisticHelpers.test.ts[2m > [22m[2moptimisticHelpers[2m > [22m[2mrollbackUpdate[2m > [22m[2mshould invalidate when no previous data
[22m[39m🔍 [DEV-SITE] Invalidated query due to rollback { queryKey: [ [32m'envelopes'[39m, [32m'list'[39m ] }

[90mstderr[2m | src/utils/query/__tests__/optimisticHelpers.test.ts[2m > [22m[2moptimisticHelpers[2m > [22m[2mcreateOptimisticMutation[2m > [22m[2mshould handle onError correctly
[22m[39m❌ Mutation failed, rolled back optimistic update { mutationKey: [ [32m'test'[39m ], error: [32m'Mutation failed'[39m } {}

 [32m✓[39m src/utils/query/__tests__/optimisticHelpers.test.ts [2m([22m[2m19 tests[22m[2m)[22m[32m 35[2mms[22m[39m
 [32m✓[39m src/hooks/platform/analytics/__tests__/useAnalyticsExport.test.ts [2m([22m[2m3 tests[22m[2m)[22m[32m 51[2mms[22m[39m
[90mstdout[2m | src/utils/query/__tests__/config/queryClientConfig.test.ts[2m > [22m[2mQueryClient Configuration[2m > [22m[2mCache Policies[2m > [22m[2mshould respect staleTime for queries
[22m[39m🔍 [DEV-SITE] Query success { queryKey: [ [32m'test'[39m ], source: [32m'queryClient'[39m }

[90mstdout[2m | src/utils/query/__tests__/config/queryClientConfig.test.ts[2m > [22m[2mQueryClient Configuration[2m > [22m[2mCache Policies[2m > [22m[2mshould cache query data after fetch
[22m[39m🔍 [DEV-SITE] Query success { queryKey: [ [32m'test'[39m ], source: [32m'queryClient'[39m }

[90mstdout[2m | src/utils/query/__tests__/config/queryClientConfig.test.ts[2m > [22m[2mQueryClient Configuration[2m > [22m[2mCache Policies[2m > [22m[2mshould allow manual cache invalidation
[22m[39m🔍 [DEV-SITE] Query success { queryKey: [ [32m'test'[39m ], source: [32m'queryClient'[39m }

[90mstdout[2m | src/utils/query/__tests__/config/queryClientConfig.test.ts[2m > [22m[2mQueryClient Configuration[2m > [22m[2mQuery Statistics[2m > [22m[2mshould track active queries
[22m[39m🔍 [DEV-SITE] Query success { queryKey: [ [32m'test1'[39m ], source: [32m'queryClient'[39m }

[90mstdout[2m | src/utils/query/__tests__/config/queryClientConfig.test.ts[2m > [22m[2mQueryClient Configuration[2m > [22m[2mQuery Statistics[2m > [22m[2mshould track active queries
[22m[39m🔍 [DEV-SITE] Query success { queryKey: [ [32m'test2'[39m ], source: [32m'queryClient'[39m }

[90mstderr[2m | src/utils/query/__tests__/config/queryClientConfig.test.ts[2m > [22m[2mQueryClient Configuration[2m > [22m[2mError Handling in Callbacks[2m > [22m[2mshould handle query errors through onError callback
[22m[39m❌ Query error Error: Query error
    at [90m/Users/f4tdaddy/Git/violet-vault/[39msrc/utils/query/__tests__/config/queryClientConfig.test.ts:222:15
    at Mock [90m(file:///Users/f4tdaddy/Git/violet-vault/[39mnode_modules/[4m@vitest/spy[24m/dist/index.js:285:34[90m)[39m
    at Object.fetchFn [as fn] [90m(file:///Users/f4tdaddy/Git/violet-vault/[39mnode_modules/[4m@tanstack/query-core[24m/build/modern/query.js:224:14[90m)[39m
    at run [90m(file:///Users/f4tdaddy/Git/violet-vault/[39mnode_modules/[4m@tanstack/query-core[24m/build/modern/retryer.js:77:49[90m)[39m
    at Object.start [90m(file:///Users/f4tdaddy/Git/violet-vault/[39mnode_modules/[4m@tanstack/query-core[24m/build/modern/retryer.js:119:9[90m)[39m
    at Query.fetch [90m(file:///Users/f4tdaddy/Git/violet-vault/[39mnode_modules/[4m@tanstack/query-core[24m/build/modern/query.js:271:40[90m)[39m
    at QueryClient.fetchQuery [90m(file:///Users/f4tdaddy/Git/violet-vault/[39mnode_modules/[4m@tanstack/query-core[24m/build/modern/queryClient.js:190:15[90m)[39m
    at [90m/Users/f4tdaddy/Git/violet-vault/[39msrc/utils/query/__tests__/config/queryClientConfig.test.ts:227:27
    at [90mfile:///Users/f4tdaddy/Git/violet-vault/[39mnode_modules/[4m@vitest/runner[24m/dist/index.js:145:11
    at [90mfile:///Users/f4tdaddy/Git/violet-vault/[39mnode_modules/[4m@vitest/runner[24m/dist/index.js:915:26 { queryKey: [ [32m'test'[39m ], source: [32m'queryClient'[39m }

[90mstderr[2m | src/utils/query/__tests__/config/queryClientConfig.test.ts[2m > [22m[2mQueryClient Configuration[2m > [22m[2mError Handling in Callbacks[2m > [22m[2mshould not retry on auth errors
[22m[39m❌ Query error Error: Unauthorized
    at [90m/Users/f4tdaddy/Git/violet-vault/[39msrc/utils/query/__tests__/config/queryClientConfig.test.ts:247:23
    at Mock [90m(file:///Users/f4tdaddy/Git/violet-vault/[39mnode_modules/[4m@vitest/spy[24m/dist/index.js:285:34[90m)[39m
    at Object.fetchFn [as fn] [90m(file:///Users/f4tdaddy/Git/violet-vault/[39mnode_modules/[4m@tanstack/query-core[24m/build/modern/query.js:224:14[90m)[39m
    at run [90m(file:///Users/f4tdaddy/Git/violet-vault/[39mnode_modules/[4m@tanstack/query-core[24m/build/modern/retryer.js:77:49[90m)[39m
    at Object.start [90m(file:///Users/f4tdaddy/Git/violet-vault/[39mnode_modules/[4m@tanstack/query-core[24m/build/modern/retryer.js:119:9[90m)[39m
    at Query.fetch [90m(file:///Users/f4tdaddy/Git/violet-vault/[39mnode_modules/[4m@tanstack/query-core[24m/build/modern/query.js:271:40[90m)[39m
    at QueryClient.fetchQuery [90m(file:///Users/f4tdaddy/Git/violet-vault/[39mnode_modules/[4m@tanstack/query-core[24m/build/modern/queryClient.js:190:15[90m)[39m
    at [90m/Users/f4tdaddy/Git/violet-vault/[39msrc/utils/query/__tests__/config/queryClientConfig.test.ts:254:27
    at [90mfile:///Users/f4tdaddy/Git/violet-vault/[39mnode_modules/[4m@vitest/runner[24m/dist/index.js:145:11
    at [90mfile:///Users/f4tdaddy/Git/violet-vault/[39mnode_modules/[4m@vitest/runner[24m/dist/index.js:915:26 {
  status: [33m401[39m
} { queryKey: [ [32m'test'[39m ], source: [32m'queryClient'[39m }

[90mstderr[2m | src/utils/query/__tests__/config/queryClientConfig.test.ts[2m > [22m[2mQueryClient Configuration[2m > [22m[2mError Handling in Callbacks[2m > [22m[2mshould retry on non-auth errors
[22m[39m❌ Query error Error: Server error
    at [90m/Users/f4tdaddy/Git/violet-vault/[39msrc/utils/query/__tests__/config/queryClientConfig.test.ts:272:23
    at Mock [90m(file:///Users/f4tdaddy/Git/violet-vault/[39mnode_modules/[4m@vitest/spy[24m/dist/index.js:285:34[90m)[39m
    at Object.fetchFn [as fn] [90m(file:///Users/f4tdaddy/Git/violet-vault/[39mnode_modules/[4m@tanstack/query-core[24m/build/modern/query.js:224:14[90m)[39m
    at run [90m(file:///Users/f4tdaddy/Git/violet-vault/[39mnode_modules/[4m@tanstack/query-core[24m/build/modern/retryer.js:77:49[90m)[39m
    at [90mfile:///Users/f4tdaddy/Git/violet-vault/[39mnode_modules/[4m@tanstack/query-core[24m/build/modern/retryer.js:101:11 {
  status: [33m500[39m
} { queryKey: [ [32m'test'[39m ], source: [32m'queryClient'[39m }

 [32m✓[39m src/utils/query/__tests__/config/queryClientConfig.test.ts [2m([22m[2m18 tests[22m[2m)[22m[32m 78[2mms[22m[39m
 [32m✓[39m src/utils/bills/__tests__/billCalculations.test.ts [2m([22m[2m52 tests[22m[2m)[22m[32m 12[2mms[22m[39m
 [32m✓[39m src/utils/budgeting/__tests__/filtering.test.ts [2m([22m[2m11 tests[22m[2m)[22m[32m 29[2mms[22m[39m
 [32m✓[39m src/hooks/budgeting/useBudgetData/__tests__/mutations.test.ts [2m([22m[2m7 tests[22m[2m)[22m[32m 45[2mms[22m[39m
 [32m✓[39m src/utils/sync/validation/__tests__/encryptedDataValidator.test.ts [2m([22m[2m14 tests[22m[2m)[22m[32m 14[2mms[22m[39m
 [32m✓[39m src/domain/schemas/__tests__/backup.test.ts [2m([22m[2m27 tests[22m[2m)[22m[32m 37[2mms[22m[39m
[90mstderr[2m | src/services/__tests__/firebaseMessaging.test.ts[2m > [22m[2mFirebaseMessagingService[2m > [22m[2mdisplayNotification[2m > [22m[2mshould display notification with correct options
[22m[39m[vitest] The vi.fn() mock did not use 'function' or 'class' in its implementation, see https://vitest.dev/api/vi#vi-spyon for examples.

[90mstderr[2m | src/services/__tests__/firebaseMessaging.test.ts[2m > [22m[2mFirebaseMessagingService[2m > [22m[2mdisplayNotification[2m > [22m[2mshould not auto-close when requireInteraction is true
[22m[39m[vitest] The vi.fn() mock did not use 'function' or 'class' in its implementation, see https://vitest.dev/api/vi#vi-spyon for examples.

 [32m✓[39m src/services/__tests__/firebaseMessaging.test.ts [2m([22m[2m33 tests[22m[2m | [22m[33m2 skipped[39m[2m)[22m[32m 26[2mms[22m[39m
 [32m✓[39m src/utils/accounts/__tests__/accountHelpers.test.ts [2m([22m[2m42 tests[22m[2m)[22m[32m 66[2mms[22m[39m
 [32m✓[39m src/utils/testing/factories/__tests__/fixtures.test.ts [2m([22m[2m28 tests[22m[2m)[22m[32m 32[2mms[22m[39m
[90mstdout[2m | src/utils/dataManagement/__tests__/fileUtils.test.ts[2m > [22m[2mfileUtils[2m > [22m[2mreadFileContent[2m > [22m[2mshould read file content successfully
[22m[39mℹ️ Reading file content {}

[90mstdout[2m | src/utils/dataManagement/__tests__/fileUtils.test.ts[2m > [22m[2mfileUtils[2m > [22m[2mreadFileContent[2m > [22m[2mshould handle FileReader errors
[22m[39mℹ️ Reading file content {}

[90mstderr[2m | src/utils/dataManagement/__tests__/fileUtils.test.ts[2m > [22m[2mfileUtils[2m > [22m[2mreadFileContent[2m > [22m[2mshould handle FileReader errors
[22m[39m❌ Failed to read file Error: Test error
    at [90m/Users/f4tdaddy/Git/violet-vault/[39msrc/utils/dataManagement/__tests__/fileUtils.test.ts:18:21
    at [90mfile:///Users/f4tdaddy/Git/violet-vault/[39mnode_modules/[4m@vitest/runner[24m/dist/index.js:145:11
    at [90mfile:///Users/f4tdaddy/Git/violet-vault/[39mnode_modules/[4m@vitest/runner[24m/dist/index.js:915:26
    at [90mfile:///Users/f4tdaddy/Git/violet-vault/[39mnode_modules/[4m@vitest/runner[24m/dist/index.js:1243:20
    at new Promise (<anonymous>)
    at runWithTimeout [90m(file:///Users/f4tdaddy/Git/violet-vault/[39mnode_modules/[4m@vitest/runner[24m/dist/index.js:1209:10[90m)[39m
    at [90mfile:///Users/f4tdaddy/Git/violet-vault/[39mnode_modules/[4m@vitest/runner[24m/dist/index.js:1653:37
    at Traces.$ [90m(file:///Users/f4tdaddy/Git/violet-vault/[39mnode_modules/[4mvitest[24m/dist/chunks/traces.U4xDYhzZ.js:115:27[90m)[39m
    at trace [90m(file:///Users/f4tdaddy/Git/violet-vault/[39mnode_modules/[4mvitest[24m/dist/chunks/test.B8ej_ZHS.js:239:21[90m)[39m
    at runTest [90m(file:///Users/f4tdaddy/Git/violet-vault/[39mnode_modules/[4m@vitest/runner[24m/dist/index.js:1653:12[90m)[39m {}

 [32m✓[39m src/utils/dataManagement/__tests__/fileUtils.test.ts [2m([22m[2m3 tests[22m[2m)[22m[32m 45[2mms[22m[39m
 [32m✓[39m src/utils/testing/factories/__tests__/factoryUtils.test.ts [2m([22m[2m23 tests[22m[2m)[22m[32m 11[2mms[22m[39m
 [32m✓[39m src/hooks/budgeting/transactions/__tests__/useTransactionSplitterUI.test.ts [2m([22m[2m2 tests[22m[2m)[22m[32m 20[2mms[22m[39m
 [32m✓[39m src/utils/budgeting/__tests__/suggestionUtils.test.ts [2m([22m[2m23 tests[22m[2m)[22m[32m 9[2mms[22m[39m
 [32m✓[39m src/domain/schemas/__tests__/envelope-model.test.ts [2m([22m[2m23 tests[22m[2m)[22m[32m 67[2mms[22m[39m
 [32m✓[39m src/hooks/platform/analytics/__tests__/useSmartSuggestions.test.ts [2m([22m[2m2 tests[22m[2m)[22m[32m 48[2mms[22m[39m
 [32m✓[39m src/utils/testing/factories/__tests__/apiResponseFactories.test.ts [2m([22m[2m30 tests[22m[2m)[22m[32m 68[2mms[22m[39m
[90mstdout[2m | src/services/transactions/__tests__/paycheckTransactionService.test.ts[2m > [22m[2mpaycheckTransactionService[2m > [22m[2mcreatePaycheckTransactions[2m > [22m[2mshould create income transaction to unassigned
[22m[39mℹ️ Creating income transaction for paycheck {
  paycheckId: [32m'paycheck_123'[39m,
  amount: [33m1000[39m,
  transactionId: [32m'income_paycheck_123_3fcb8c27-a4de-4231-852d-eedc4ecba0ab'[39m
}

[90mstdout[2m | src/services/transactions/__tests__/paycheckTransactionService.test.ts[2m > [22m[2mpaycheckTransactionService[2m > [22m[2mcreatePaycheckTransactions[2m > [22m[2mshould create income transaction to unassigned
[22m[39mℹ️ Paycheck transactions created successfully {
  paycheckId: [32m'paycheck_123'[39m,
  incomeTransactionId: [32m'income_paycheck_123_3fcb8c27-a4de-4231-852d-eedc4ecba0ab'[39m,
  transferCount: [33m0[39m,
  transferTransactionIds: []
}

[90mstdout[2m | src/services/transactions/__tests__/paycheckTransactionService.test.ts[2m > [22m[2mpaycheckTransactionService[2m > [22m[2mcreatePaycheckTransactions[2m > [22m[2mshould create transfer transactions for allocations
[22m[39mℹ️ Creating income transaction for paycheck {
  paycheckId: [32m'paycheck_456'[39m,
  amount: [33m1000[39m,
  transactionId: [32m'income_paycheck_456_14a2a898-01f4-4ce7-963c-ab4b6908d02d'[39m
}

[90mstdout[2m | src/services/transactions/__tests__/paycheckTransactionService.test.ts[2m > [22m[2mpaycheckTransactionService[2m > [22m[2mcreatePaycheckTransactions[2m > [22m[2mshould create transfer transactions for allocations
[22m[39mℹ️ Creating transfer transaction for paycheck allocation {
  paycheckId: [32m'paycheck_456'[39m,
  envelopeId: [32m'env_1'[39m,
  amount: [33m300[39m,
  transactionId: [32m'transfer_paycheck_456_env_1_bdb2ae34-1bb1-4dfc-bf5c-23fd60be6df4'[39m
}

[90mstdout[2m | src/services/transactions/__tests__/paycheckTransactionService.test.ts[2m > [22m[2mpaycheckTransactionService[2m > [22m[2mcreatePaycheckTransactions[2m > [22m[2mshould create transfer transactions for allocations
[22m[39mℹ️ Creating transfer transaction for paycheck allocation {
  paycheckId: [32m'paycheck_456'[39m,
  envelopeId: [32m'env_2'[39m,
  amount: [33m500[39m,
  transactionId: [32m'transfer_paycheck_456_env_2_1d498abc-f394-4af4-8c77-dc1492cc8aa5'[39m
}

[90mstdout[2m | src/services/transactions/__tests__/paycheckTransactionService.test.ts[2m > [22m[2mpaycheckTransactionService[2m > [22m[2mcreatePaycheckTransactions[2m > [22m[2mshould create transfer transactions for allocations
[22m[39mℹ️ Paycheck transactions created successfully {
  paycheckId: [32m'paycheck_456'[39m,
  incomeTransactionId: [32m'income_paycheck_456_14a2a898-01f4-4ce7-963c-ab4b6908d02d'[39m,
  transferCount: [33m2[39m,
  transferTransactionIds: [
    [32m'transfer_paycheck_456_env_1_bdb2ae34-1bb1-4dfc-bf5c-23fd60be6df4'[39m,
    [32m'transfer_paycheck_456_env_2_1d498abc-f394-4af4-8c77-dc1492cc8aa5'[39m
  ]
}

[90mstdout[2m | src/services/transactions/__tests__/paycheckTransactionService.test.ts[2m > [22m[2mpaycheckTransactionService[2m > [22m[2mcreatePaycheckTransactions[2m > [22m[2mshould skip allocations with zero or negative amounts
[22m[39mℹ️ Creating income transaction for paycheck {
  paycheckId: [32m'paycheck_789'[39m,
  amount: [33m1000[39m,
  transactionId: [32m'income_paycheck_789_0bce5b2a-7dd0-4fd0-ab20-7568fabcf878'[39m
}

[90mstdout[2m | src/services/transactions/__tests__/paycheckTransactionService.test.ts[2m > [22m[2mpaycheckTransactionService[2m > [22m[2mcreatePaycheckTransactions[2m > [22m[2mshould skip allocations with zero or negative amounts
[22m[39mℹ️ Creating transfer transaction for paycheck allocation {
  paycheckId: [32m'paycheck_789'[39m,
  envelopeId: [32m'env_1'[39m,
  amount: [33m300[39m,
  transactionId: [32m'transfer_paycheck_789_env_1_fcff5b90-c432-4d22-8c43-6f5b11e77f75'[39m
}

[90mstdout[2m | src/services/transactions/__tests__/paycheckTransactionService.test.ts[2m > [22m[2mpaycheckTransactionService[2m > [22m[2mcreatePaycheckTransactions[2m > [22m[2mshould skip allocations with zero or negative amounts
[22m[39mℹ️ Paycheck transactions created successfully {
  paycheckId: [32m'paycheck_789'[39m,
  incomeTransactionId: [32m'income_paycheck_789_0bce5b2a-7dd0-4fd0-ab20-7568fabcf878'[39m,
  transferCount: [33m1[39m,
  transferTransactionIds: [
    [32m'transfer_paycheck_789_env_1_fcff5b90-c432-4d22-8c43-6f5b11e77f75'[39m
  ]
}

[90mstdout[2m | src/services/transactions/__tests__/paycheckTransactionService.test.ts[2m > [22m[2mpaycheckTransactionService[2m > [22m[2mcreatePaycheckTransactions[2m > [22m[2mshould handle empty allocations (simple paycheck)
[22m[39mℹ️ Creating income transaction for paycheck {
  paycheckId: [32m'paycheck_simple'[39m,
  amount: [33m500[39m,
  transactionId: [32m'income_paycheck_simple_b49b17a9-d1d6-4ad7-a1e2-735363ba040f'[39m
}

[90mstdout[2m | src/services/transactions/__tests__/paycheckTransactionService.test.ts[2m > [22m[2mpaycheckTransactionService[2m > [22m[2mcreatePaycheckTransactions[2m > [22m[2mshould handle empty allocations (simple paycheck)
[22m[39mℹ️ Paycheck transactions created successfully {
  paycheckId: [32m'paycheck_simple'[39m,
  incomeTransactionId: [32m'income_paycheck_simple_b49b17a9-d1d6-4ad7-a1e2-735363ba040f'[39m,
  transferCount: [33m0[39m,
  transferTransactionIds: []
}

[90mstdout[2m | src/services/transactions/__tests__/paycheckTransactionService.test.ts[2m > [22m[2mpaycheckTransactionService[2m > [22m[2mcreatePaycheckTransactions[2m > [22m[2mshould validate transactions with Zod schema
[22m[39mℹ️ Creating income transaction for paycheck {
  paycheckId: [32m'paycheck_valid'[39m,
  amount: [33m1000[39m,
  transactionId: [32m'income_paycheck_valid_5f3c41c2-b909-4f41-bcce-6a5bed307a95'[39m
}

[90mstdout[2m | src/services/transactions/__tests__/paycheckTransactionService.test.ts[2m > [22m[2mpaycheckTransactionService[2m > [22m[2mcreatePaycheckTransactions[2m > [22m[2mshould validate transactions with Zod schema
[22m[39mℹ️ Creating transfer transaction for paycheck allocation {
  paycheckId: [32m'paycheck_valid'[39m,
  envelopeId: [32m'env_1'[39m,
  amount: [33m300[39m,
  transactionId: [32m'transfer_paycheck_valid_env_1_c1f8a3d7-320f-4d3f-b165-a636f07c7a45'[39m
}

[90mstdout[2m | src/services/transactions/__tests__/paycheckTransactionService.test.ts[2m > [22m[2mpaycheckTransactionService[2m > [22m[2mcreatePaycheckTransactions[2m > [22m[2mshould validate transactions with Zod schema
[22m[39mℹ️ Paycheck transactions created successfully {
  paycheckId: [32m'paycheck_valid'[39m,
  incomeTransactionId: [32m'income_paycheck_valid_5f3c41c2-b909-4f41-bcce-6a5bed307a95'[39m,
  transferCount: [33m1[39m,
  transferTransactionIds: [
    [32m'transfer_paycheck_valid_env_1_c1f8a3d7-320f-4d3f-b165-a636f07c7a45'[39m
  ]
}

[90mstdout[2m | src/services/transactions/__tests__/paycheckTransactionService.test.ts[2m > [22m[2mpaycheckTransactionService[2m > [22m[2mcreatePaycheckTransactions[2m > [22m[2mshould include description with payer name
[22m[39mℹ️ Creating income transaction for paycheck {
  paycheckId: [32m'paycheck_desc'[39m,
  amount: [33m2000[39m,
  transactionId: [32m'income_paycheck_desc_837eafd2-cfad-462c-97f4-ce46631ef35d'[39m
}

[90mstdout[2m | src/services/transactions/__tests__/paycheckTransactionService.test.ts[2m > [22m[2mpaycheckTransactionService[2m > [22m[2mcreatePaycheckTransactions[2m > [22m[2mshould include description with payer name
[22m[39mℹ️ Creating transfer transaction for paycheck allocation {
  paycheckId: [32m'paycheck_desc'[39m,
  envelopeId: [32m'env_rent'[39m,
  amount: [33m1500[39m,
  transactionId: [32m'transfer_paycheck_desc_env_rent_0f4b78b5-dbe5-4ab5-948a-8033d3a50440'[39m
}

[90mstdout[2m | src/services/transactions/__tests__/paycheckTransactionService.test.ts[2m > [22m[2mpaycheckTransactionService[2m > [22m[2mcreatePaycheckTransactions[2m > [22m[2mshould include description with payer name
[22m[39mℹ️ Paycheck transactions created successfully {
  paycheckId: [32m'paycheck_desc'[39m,
  incomeTransactionId: [32m'income_paycheck_desc_837eafd2-cfad-462c-97f4-ce46631ef35d'[39m,
  transferCount: [33m1[39m,
  transferTransactionIds: [
    [32m'transfer_paycheck_desc_env_rent_0f4b78b5-dbe5-4ab5-948a-8033d3a50440'[39m
  ]
}

[90mstdout[2m | src/services/transactions/__tests__/paycheckTransactionService.test.ts[2m > [22m[2mpaycheckTransactionService[2m > [22m[2mcreatePaycheckTransactions[2m > [22m[2mshould use custom date if provided
[22m[39mℹ️ Creating income transaction for paycheck {
  paycheckId: [32m'paycheck_date'[39m,
  amount: [33m1000[39m,
  transactionId: [32m'income_paycheck_date_8043716e-7768-415f-a439-3a77a504d9f1'[39m
}

[90mstdout[2m | src/services/transactions/__tests__/paycheckTransactionService.test.ts[2m > [22m[2mpaycheckTransactionService[2m > [22m[2mcreatePaycheckTransactions[2m > [22m[2mshould use custom date if provided
[22m[39mℹ️ Paycheck transactions created successfully {
  paycheckId: [32m'paycheck_date'[39m,
  incomeTransactionId: [32m'income_paycheck_date_8043716e-7768-415f-a439-3a77a504d9f1'[39m,
  transferCount: [33m0[39m,
  transferTransactionIds: []
}

 [32m✓[39m src/services/transactions/__tests__/paycheckTransactionService.test.ts [2m([22m[2m7 tests[22m[2m)[22m[32m 43[2mms[22m[39m
[90mstderr[2m | src/utils/query/__tests__/prefetchHelpers.test.ts[2m > [22m[2mprefetchHelpers[2m > [22m[2mprefetchEnvelopes[2m > [22m[2mshould handle prefetch errors gracefully
[22m[39m⚠️ Failed to prefetch envelopes { error: [32m'Prefetch failed'[39m, filters: {}, source: [32m'prefetchHelpers'[39m }

[90mstderr[2m | src/utils/query/__tests__/prefetchHelpers.test.ts[2m > [22m[2mprefetchHelpers[2m > [22m[2mprefetchEnvelopes[2m > [22m[2mshould throw error when no data available
[22m[39m⚠️ Failed to prefetch envelopes {
  error: [32m"expected [Function] to throw error including 'No cached envelope data available' but got '__vite_ssr_import_0__.budgetDb.getAct…'"[39m,
  filters: {},
  source: [32m'prefetchHelpers'[39m
}

[90mstdout[2m | src/utils/query/__tests__/prefetchHelpers.test.ts[2m > [22m[2mprefetchHelpers[2m > [22m[2mprefetchDashboardBundle[2m > [22m[2mshould prefetch multiple dashboard-related queries
[22m[39mℹ️ Dashboard bundle prefetch completed: 4/4 successful {}

[90mstdout[2m | src/utils/query/__tests__/prefetchHelpers.test.ts[2m > [22m[2mprefetchHelpers[2m > [22m[2msmartPrefetch[2m > [22m[2mshould prefetch based on current route
[22m[39m🔍 [DEV-SITE] Smart prefetch completed for route: / { entities: [ [32m'dashboard'[39m, [32m'envelopes'[39m, [32m'bills'[39m ] }

[90mstdout[2m | src/utils/query/__tests__/prefetchHelpers.test.ts[2m > [22m[2mprefetchHelpers[2m > [22m[2msmartPrefetch[2m > [22m[2mshould handle unknown routes gracefully
[22m[39m🔍 [DEV-SITE] Smart prefetch completed for route: /unknown-route { entities: [] }

[90mstdout[2m | src/utils/query/__tests__/prefetchHelpers.test.ts[2m > [22m[2mprefetchHelpers[2m > [22m[2msmartPrefetch[2m > [22m[2mshould prefetch transactions for transaction route
[22m[39m🔍 [DEV-SITE] Smart prefetch completed for route: /transactions { entities: [ [32m'transactions'[39m, [32m'analytics'[39m ] }

 [32m✓[39m src/utils/query/__tests__/prefetchHelpers.test.ts [2m([22m[2m17 tests[22m[2m)[22m[32m 72[2mms[22m[39m
 [32m✓[39m src/utils/accounts/__tests__/accountValidation.test.ts [2m([22m[2m41 tests[22m[2m)[22m[32m 17[2mms[22m[39m
 [32m✓[39m src/services/api/__tests__/importService.test.ts [2m([22m[2m15 tests[22m[2m)[22m[32m 23[2mms[22m[39m
 [32m✓[39m src/utils/transactions/__tests__/splitting.test.ts [2m([22m[2m33 tests[22m[2m)[22m[32m 47[2mms[22m[39m
 [32m✓[39m src/domain/schemas/__tests__/import-export.test.ts [2m([22m[2m33 tests[22m[2m)[22m[32m 37[2mms[22m[39m
 [32m✓[39m src/hooks/budgeting/transactions/scheduled/expenses/__tests__/useBillBulkMutations.test.tsx [2m([22m[2m2 tests[22m[2m)[22m[32m 31[2mms[22m[39m
 [32m✓[39m src/utils/budgeting/__tests__/envelopeFormUtils.test.ts [2m([22m[2m28 tests[22m[2m)[22m[32m 18[2mms[22m[39m
 [32m✓[39m src/domain/schemas/__tests__/sync.test.ts [2m([22m[2m39 tests[22m[2m)[22m[32m 17[2mms[22m[39m
[90mstdout[2m | src/utils/dataManagement/__tests__/dexieUtils.test.ts[2m > [22m[2mdexieUtils[2m > [22m[2mclearAllDexieData[2m > [22m[2mshould clear all tables
[22m[39mℹ️ Clearing all data from Dexie {}

[90mstdout[2m | src/utils/dataManagement/__tests__/dexieUtils.test.ts[2m > [22m[2mdexieUtils[2m > [22m[2mclearAllDexieData[2m > [22m[2mshould clear all tables
[22m[39mℹ️ All Dexie data cleared successfully {}

[90mstdout[2m | src/utils/dataManagement/__tests__/dexieUtils.test.ts[2m > [22m[2mdexieUtils[2m > [22m[2mimportDataToDexie[2m > [22m[2mshould import data to all tables
[22m[39mℹ️ Importing data to Dexie {}
ℹ️ Envelope conversion complete {
  existingEnvelopes: [33m1[39m,
  convertedSavingsGoals: [33m0[39m,
  convertedSupplementalAccounts: [33m0[39m,
  totalEnvelopes: [33m1[39m
}

[90mstdout[2m | src/utils/dataManagement/__tests__/dexieUtils.test.ts[2m > [22m[2mdexieUtils[2m > [22m[2mimportDataToDexie[2m > [22m[2mshould import data to all tables
[22m[39mℹ️ Data imported to Dexie successfully {}

[90mstdout[2m | src/utils/dataManagement/__tests__/dexieUtils.test.ts[2m > [22m[2mdexieUtils[2m > [22m[2mimportDataToDexie[2m > [22m[2mshould convert legacy savingsGoals to envelopes
[22m[39mℹ️ Importing data to Dexie {}
ℹ️ Envelope conversion complete {
  existingEnvelopes: [33m0[39m,
  convertedSavingsGoals: [33m1[39m,
  convertedSupplementalAccounts: [33m0[39m,
  totalEnvelopes: [33m1[39m
}

[90mstdout[2m | src/utils/dataManagement/__tests__/dexieUtils.test.ts[2m > [22m[2mdexieUtils[2m > [22m[2mimportDataToDexie[2m > [22m[2mshould convert legacy savingsGoals to envelopes
[22m[39mℹ️ Data imported to Dexie successfully {}

[90mstdout[2m | src/utils/dataManagement/__tests__/dexieUtils.test.ts[2m > [22m[2mdexieUtils[2m > [22m[2mimportDataToDexie[2m > [22m[2mshould convert legacy supplementalAccounts to envelopes
[22m[39mℹ️ Importing data to Dexie {}
ℹ️ Envelope conversion complete {
  existingEnvelopes: [33m0[39m,
  convertedSavingsGoals: [33m0[39m,
  convertedSupplementalAccounts: [33m1[39m,
  totalEnvelopes: [33m1[39m
}

[90mstdout[2m | src/utils/dataManagement/__tests__/dexieUtils.test.ts[2m > [22m[2mdexieUtils[2m > [22m[2mimportDataToDexie[2m > [22m[2mshould convert legacy supplementalAccounts to envelopes
[22m[39mℹ️ Data imported to Dexie successfully {}

[90mstdout[2m | src/utils/dataManagement/__tests__/dexieUtils.test.ts[2m > [22m[2mdexieUtils[2m > [22m[2mimportDataToDexie[2m > [22m[2mshould not create duplicate envelopes when savings/supplemental already exist
[22m[39mℹ️ Importing data to Dexie {}
ℹ️ Envelope conversion complete {
  existingEnvelopes: [33m1[39m,
  convertedSavingsGoals: [33m0[39m,
  convertedSupplementalAccounts: [33m0[39m,
  totalEnvelopes: [33m1[39m
}

[90mstdout[2m | src/utils/dataManagement/__tests__/dexieUtils.test.ts[2m > [22m[2mdexieUtils[2m > [22m[2mimportDataToDexie[2m > [22m[2mshould not create duplicate envelopes when savings/supplemental already exist
[22m[39mℹ️ Data imported to Dexie successfully {}

[90mstdout[2m | src/utils/dataManagement/__tests__/dexieUtils.test.ts[2m > [22m[2mdexieUtils[2m > [22m[2mimportDataToDexie[2m > [22m[2mshould not store supplementalAccounts in budget metadata
[22m[39mℹ️ Importing data to Dexie {}
ℹ️ Envelope conversion complete {
  existingEnvelopes: [33m0[39m,
  convertedSavingsGoals: [33m0[39m,
  convertedSupplementalAccounts: [33m1[39m,
  totalEnvelopes: [33m1[39m
}

[90mstdout[2m | src/utils/dataManagement/__tests__/dexieUtils.test.ts[2m > [22m[2mdexieUtils[2m > [22m[2mimportDataToDexie[2m > [22m[2mshould not store supplementalAccounts in budget metadata
[22m[39mℹ️ Data imported to Dexie successfully {}

 [32m✓[39m src/utils/dataManagement/__tests__/dexieUtils.test.ts [2m([22m[2m6 tests[22m[2m)[22m[32m 22[2mms[22m[39m
 [32m✓[39m src/utils/validation/__tests__/propValidator.test.ts [2m([22m[2m12 tests[22m[2m)[22m[32m 22[2mms[22m[39m
 [32m✓[39m src/utils/debts/__tests__/debtFormValidation.test.ts [2m([22m[2m23 tests[22m[2m)[22m[32m 20[2mms[22m[39m
 [32m✓[39m src/services/keys/__tests__/keyManagementService.test.ts [2m([22m[2m17 tests[22m[2m)[22m[32m 13[2mms[22m[39m
 [32m✓[39m src/services/budget/__tests__/budgetCalculationService.test.ts [2m([22m[2m6 tests[22m[2m)[22m[32m 11[2mms[22m[39m
 [32m✓[39m src/utils/query/__tests__/queryKeys.test.ts [2m([22m[2m35 tests[22m[2m)[22m[32m 17[2mms[22m[39m
 [32m✓[39m src/services/transactions/__tests__/transactionSplitterService.test.ts [2m([22m[2m46 tests[22m[2m)[22m[32m 14[2mms[22m[39m
 [32m✓[39m src/hooks/common/__tests__/useResetEncryption.test.ts [2m([22m[2m1 test[22m[2m)[22m[32m 20[2mms[22m[39m
 [32m✓[39m src/utils/transactions/__tests__/ledgerHelpers.test.ts [2m([22m[2m18 tests[22m[2m)[22m[32m 11[2mms[22m[39m
 [32m✓[39m src/stores/ui/__tests__/fabStore.test.ts [2m([22m[2m23 tests[22m[2m)[22m[32m 9[2mms[22m[39m
 [32m✓[39m src/utils/budgeting/__tests__/paycheckUtils.test.ts [2m([22m[2m29 tests[22m[2m)[22m[32m 21[2mms[22m[39m
[90mstdout[2m | src/utils/sync/validation/__tests__/index.test.ts[2m > [22m[2mvalidation index exports[2m > [22m[2mfunctional tests[2m > [22m[2mshould work with exported checksum functions
[22m[39m🔍 [DEV-SITE] 🔍 Generated checksum { dataSize: [33m28[39m, checksum: [32m'47d9ae25...'[39m }

[90mstdout[2m | src/utils/sync/validation/__tests__/index.test.ts[2m > [22m[2mvalidation index exports[2m > [22m[2mfunctional tests[2m > [22m[2mshould work with exported checksum functions
[22m[39m🔍 [DEV-SITE] 🔍 Generated checksum { dataSize: [33m28[39m, checksum: [32m'47d9ae25...'[39m }

[90mstdout[2m | src/utils/sync/validation/__tests__/index.test.ts[2m > [22m[2mvalidation index exports[2m > [22m[2mfunctional tests[2m > [22m[2mshould work with exported checksum functions
[22m[39m🔍 [DEV-SITE] ✅ Checksum validation passed {}

[90mstdout[2m | src/utils/sync/validation/__tests__/index.test.ts[2m > [22m[2mvalidation index exports[2m > [22m[2mfunctional tests[2m > [22m[2mshould work with exported validation functions
[22m[39m🔍 [DEV-SITE] ✅ Data validation passed for test { dataLength: [33m16[39m, ivLength: [33m12[39m }
🔍 [DEV-SITE] ✅ Manifest validation passed for test { chunkCount: [33m0[39m, manifestSize: [33m55[39m }

[90mstdout[2m | src/utils/sync/validation/__tests__/index.test.ts[2m > [22m[2mvalidation index exports[2m > [22m[2mfunctional tests[2m > [22m[2mshould work with namespace exports
[22m[39m🔍 [DEV-SITE] 🔍 Generated checksum { dataSize: [33m20[39m, checksum: [32m'e73370a2...'[39m }

[90mstdout[2m | src/utils/sync/validation/__tests__/index.test.ts[2m > [22m[2mvalidation index exports[2m > [22m[2mfunctional tests[2m > [22m[2mshould work with namespace exports
[22m[39m🔍 [DEV-SITE] 🔍 Generated checksum { dataSize: [33m20[39m, checksum: [32m'e73370a2...'[39m }

[90mstdout[2m | src/utils/sync/validation/__tests__/index.test.ts[2m > [22m[2mvalidation index exports[2m > [22m[2mfunctional tests[2m > [22m[2mshould work with namespace exports
[22m[39m🔍 [DEV-SITE] ✅ Checksum validation passed {}

[90mstdout[2m | src/utils/sync/validation/__tests__/index.test.ts[2m > [22m[2mvalidation index exports[2m > [22m[2mfunctional tests[2m > [22m[2mshould work with namespace exports
[22m[39m🔍 [DEV-SITE] ✅ Data validation passed for namespace-test { dataLength: [33m16[39m, ivLength: [33m12[39m }
🔍 [DEV-SITE] ✅ Manifest validation passed for namespace-test { chunkCount: [33m0[39m, manifestSize: [33m55[39m }

 [32m✓[39m src/utils/sync/validation/__tests__/index.test.ts [2m([22m[2m11 tests[22m[2m)[22m[32m 11[2mms[22m[39m
 [32m✓[39m src/services/security/__tests__/securityService.test.ts [2m([22m[2m24 tests[22m[2m)[22m[32m 17[2mms[22m[39m
[90mstdout[2m | src/stores/ui/__tests__/onboardingStore.test.ts[2m > [22m[2museOnboardingStore[2m > [22m[2mactions[2m > [22m[2mmarkStepComplete should be callable without error
[22m[39mℹ️ ✅ Onboarding step completed: accountSetup (TEMP DISABLED) {}

[90mstdout[2m | src/stores/ui/__tests__/onboardingStore.test.ts[2m > [22m[2museOnboardingStore[2m > [22m[2mactions[2m > [22m[2mstartTutorialStep should be callable without error
[22m[39mℹ️ 🎯 Starting tutorial step: firstBankBalance (TEMP DISABLED) {}

 [32m✓[39m src/utils/savings/__tests__/savingsFormUtils.test.ts [2m([22m[2m18 tests[22m[2m)[22m[32m 12[2mms[22m[39m
[90mstdout[2m | src/stores/ui/__tests__/onboardingStore.test.ts[2m > [22m[2museOnboardingStore[2m > [22m[2mactions[2m > [22m[2mcompleteOnboarding should be callable without error
[22m[39mℹ️ 🎉 Onboarding completed! (TEMP DISABLED) {}

[90mstdout[2m | src/stores/ui/__tests__/onboardingStore.test.ts[2m > [22m[2museOnboardingStore[2m > [22m[2mactions[2m > [22m[2mresetOnboarding should be callable without error
[22m[39mℹ️ 🔄 Resetting onboarding progress (TEMP DISABLED) {}

[90mstdout[2m | src/stores/ui/__tests__/onboardingStore.test.ts[2m > [22m[2museOnboardingStore[2m > [22m[2mactions[2m > [22m[2msetPreference should be callable without error
[22m[39mℹ️ Setting preference showHints = true (TEMP DISABLED) {}

 [32m✓[39m src/stores/ui/__tests__/onboardingStore.test.ts [2m([22m[2m33 tests[22m[2m)[22m[32m 30[2mms[22m[39m
 [32m✓[39m src/services/api/__tests__/budgetEngineService.test.ts [2m([22m[2m8 tests[22m[2m)[22m[32m 23[2mms[22m[39m
 [32m✓[39m src/utils/transactions/__tests__/filtering.test.ts [2m([22m[2m55 tests[22m[2m)[22m[32m 14[2mms[22m[39m
 [32m✓[39m src/stores/ui/__tests__/toastStore.test.ts [2m([22m[2m27 tests[22m[2m)[22m[32m 30[2mms[22m[39m
 [32m✓[39m src/utils/budgeting/autofunding/__tests__/simulation.test.ts [2m([22m[2m30 tests[22m[2m)[22m[32m 12[2mms[22m[39m
 [32m✓[39m src/utils/budgeting/autofunding/__tests__/rules.test.ts [2m([22m[2m43 tests[22m[2m)[22m[32m 18[2mms[22m[39m
 [32m✓[39m src/utils/sync/validation/__tests__/manifestValidator.test.ts [2m([22m[2m22 tests[22m[2m)[22m[32m 14[2mms[22m[39m
 [32m✓[39m src/utils/sync/__tests__/dataIntegrity.test.ts [2m([22m[2m27 tests[22m[2m)[22m[32m 8[2mms[22m[39m
 [32m✓[39m src/hooks/common/validation/__tests__/validationHookHelpers.test.ts [2m([22m[2m15 tests[22m[2m)[22m[32m 6[2mms[22m[39m

[31m⎯⎯⎯⎯⎯⎯[39m[1m[41m Failed Suites 14 [49m[22m[31m⎯⎯⎯⎯⎯⎯[39m

[41m[1m FAIL [22m[49m src/components/transactions/__tests__/TransactionLedger.test.tsx[2m [ src/components/transactions/__tests__/TransactionLedger.test.tsx ][22m
[31m[1mError[22m: Failed to resolve import "@/hooks/transactions/useTransactionLedger" from "src/components/transactions/__tests__/TransactionLedger.test.tsx". Does the file exist?[39m
  Plugin: [35mvite:import-analysis[39m
  File: [36m/Users/f4tdaddy/Git/violet-vault/src/components/transactions/__tests__/TransactionLedger.test.tsx[39m:191:0
[33m  223 |  const __vi_import_3__ = await import("@testing-library/user-event");
  224 |  const __vi_import_4__ = await import("@tanstack/react-query");
  225 |  const __vi_import_5__ = await import("@/hooks/transactions/useTransactionLedger");
      |                                       ^
  226 |  
  227 |  [39m
[90m [2m❯[22m TransformPluginContext._formatLog node_modules/vite/dist/node/chunks/config.js:[2m28998:43[22m[39m
[90m [2m❯[22m TransformPluginContext.error node_modules/vite/dist/node/chunks/config.js:[2m28995:14[22m[39m
[90m [2m❯[22m normalizeUrl node_modules/vite/dist/node/chunks/config.js:[2m27118:18[22m[39m
[90m [2m❯[22m node_modules/vite/dist/node/chunks/config.js:[2m27176:32[22m[39m
[90m [2m❯[22m TransformPluginContext.transform node_modules/vite/dist/node/chunks/config.js:[2m27144:4[22m[39m
[90m [2m❯[22m EnvironmentPluginContainer.transform node_modules/vite/dist/node/chunks/config.js:[2m28796:14[22m[39m
[90m [2m❯[22m loadAndTransform node_modules/vite/dist/node/chunks/config.js:[2m22669:26[22m[39m

[31m[2m⎯⎯⎯⎯⎯⎯⎯⎯⎯⎯⎯⎯⎯⎯⎯⎯⎯⎯⎯⎯⎯⎯⎯[1/59]⎯[22m[39m

[41m[1m FAIL [22m[49m src/components/transactions/__tests__/TransactionTable.test.tsx[2m [ src/components/transactions/__tests__/TransactionTable.test.tsx ][22m
[31m[1mError[22m: Failed to resolve import "@/hooks/transactions/useTransactionTable" from "src/components/transactions/__tests__/TransactionTable.test.tsx". Does the file exist?[39m
  Plugin: [35mvite:import-analysis[39m
  File: [36m/Users/f4tdaddy/Git/violet-vault/src/components/transactions/__tests__/TransactionTable.test.tsx[39m:5:0
[33m  158 |  const __vi_import_2__ = await import("../TransactionTable");
  159 |  const __vi_import_3__ = await import("@testing-library/user-event");
  160 |  const __vi_import_4__ = await import("@/hooks/transactions/useTransactionTable");
      |                                       ^
  161 |  const __vi_import_5__ = await import("@tanstack/react-query");
  162 |  [39m
[90m [2m❯[22m TransformPluginContext._formatLog node_modules/vite/dist/node/chunks/config.js:[2m28998:43[22m[39m
[90m [2m❯[22m TransformPluginContext.error node_modules/vite/dist/node/chunks/config.js:[2m28995:14[22m[39m
[90m [2m❯[22m normalizeUrl node_modules/vite/dist/node/chunks/config.js:[2m27118:18[22m[39m
[90m [2m❯[22m node_modules/vite/dist/node/chunks/config.js:[2m27176:32[22m[39m
[90m [2m❯[22m TransformPluginContext.transform node_modules/vite/dist/node/chunks/config.js:[2m27144:4[22m[39m
[90m [2m❯[22m EnvironmentPluginContainer.transform node_modules/vite/dist/node/chunks/config.js:[2m28796:14[22m[39m
[90m [2m❯[22m loadAndTransform node_modules/vite/dist/node/chunks/config.js:[2m22669:26[22m[39m

[31m[2m⎯⎯⎯⎯⎯⎯⎯⎯⎯⎯⎯⎯⎯⎯⎯⎯⎯⎯⎯⎯⎯⎯⎯[2/59]⎯[22m[39m

[41m[1m FAIL [22m[49m src/components/sharing/__tests__/JoinBudgetModal.test.tsx[2m [ src/components/sharing/__tests__/JoinBudgetModal.test.tsx ][22m
[31m[1mError[22m: Failed to resolve import "@/hooks/sharing/useShareCodeValidation" from "src/components/sharing/__tests__/JoinBudgetModal.test.tsx". Does the file exist?[39m
  Plugin: [35mvite:import-analysis[39m
  File: [36m/Users/f4tdaddy/Git/violet-vault/src/components/sharing/__tests__/JoinBudgetModal.test.tsx[39m:144:54
[33m  207 |      });
  208 |      it("should render UserSetupStep on step 2", async () => {
  209 |        const { useShareCodeValidation } = await import("@/hooks/sharing/useShareCodeValidation");
      |                                                        ^
  210 |        const mockValidateShareCode = vi.fn().mockResolvedValue(true);
  211 |        vi.mocked(useShareCodeValidation).mockReturnValue({[39m
[90m [2m❯[22m TransformPluginContext._formatLog node_modules/vite/dist/node/chunks/config.js:[2m28998:43[22m[39m
[90m [2m❯[22m TransformPluginContext.error node_modules/vite/dist/node/chunks/config.js:[2m28995:14[22m[39m
[90m [2m❯[22m normalizeUrl node_modules/vite/dist/node/chunks/config.js:[2m27118:18[22m[39m
[90m [2m❯[22m node_modules/vite/dist/node/chunks/config.js:[2m27176:32[22m[39m
[90m [2m❯[22m TransformPluginContext.transform node_modules/vite/dist/node/chunks/config.js:[2m27144:4[22m[39m
[90m [2m❯[22m EnvironmentPluginContainer.transform node_modules/vite/dist/node/chunks/config.js:[2m28796:14[22m[39m
[90m [2m❯[22m loadAndTransform node_modules/vite/dist/node/chunks/config.js:[2m22669:26[22m[39m

[31m[2m⎯⎯⎯⎯⎯⎯⎯⎯⎯⎯⎯⎯⎯⎯⎯⎯⎯⎯⎯⎯⎯⎯⎯[3/59]⎯[22m[39m

[41m[1m FAIL [22m[49m src/hooks/auth/__tests__/useAuth.test.tsx[2m [ src/hooks/auth/__tests__/useAuth.test.tsx ][22m
[31m[1mError[22m: Failed to resolve import "@/hooks/authHelpers" from "src/hooks/auth/__tests__/useAuth.test.tsx". Does the file exist?[39m
  Plugin: [35mvite:import-analysis[39m
  File: [36m/Users/f4tdaddy/Git/violet-vault/src/hooks/auth/__tests__/useAuth.test.tsx[39m:5:0
[33m  32 |  const __vi_import_2__ = await import("@tanstack/react-query");
  33 |  const __vi_import_3__ = await import("../useAuth");
  34 |  const __vi_import_4__ = await import("@/hooks/authHelpers");
     |                                       ^
  35 |  const __vi_import_5__ = await import("@/contexts/AuthContext");
  36 |  const __vi_import_6__ = await import("../useSecurityManager");[39m
[90m [2m❯[22m TransformPluginContext._formatLog node_modules/vite/dist/node/chunks/config.js:[2m28998:43[22m[39m
[90m [2m❯[22m TransformPluginContext.error node_modules/vite/dist/node/chunks/config.js:[2m28995:14[22m[39m
[90m [2m❯[22m normalizeUrl node_modules/vite/dist/node/chunks/config.js:[2m27118:18[22m[39m
[90m [2m❯[22m node_modules/vite/dist/node/chunks/config.js:[2m27176:32[22m[39m
[90m [2m❯[22m TransformPluginContext.transform node_modules/vite/dist/node/chunks/config.js:[2m27144:4[22m[39m
[90m [2m❯[22m EnvironmentPluginContainer.transform node_modules/vite/dist/node/chunks/config.js:[2m28796:14[22m[39m
[90m [2m❯[22m loadAndTransform node_modules/vite/dist/node/chunks/config.js:[2m22669:26[22m[39m

[31m[2m⎯⎯⎯⎯⎯⎯⎯⎯⎯⎯⎯⎯⎯⎯⎯⎯⎯⎯⎯⎯⎯⎯⎯[4/59]⎯[22m[39m

[41m[1m FAIL [22m[49m src/hooks/budgeting/__tests__/useEnvelopeOperations.test.ts[2m [ src/hooks/budgeting/__tests__/useEnvelopeOperations.test.ts ][22m
[31m[1mError[22m: Failed to resolve import "../useEnvelopes" from "src/hooks/budgeting/__tests__/useEnvelopeOperations.test.ts". Does the file exist?[39m
  Plugin: [35mvite:import-analysis[39m
  File: [36m/Users/f4tdaddy/Git/violet-vault/src/hooks/budgeting/__tests__/useEnvelopeOperations.test.ts[39m:4:0
[33m  69 |  const __vi_import_0__ = await import("@testing-library/react");
  70 |  const __vi_import_1__ = await import("@tanstack/react-query");
  71 |  const __vi_import_2__ = await import("../useEnvelopes");
     |                                       ^
  72 |  const __vi_import_3__ = await import("@/db/budgetDb");
  73 |  import { describe, it, expect, vi, beforeEach } from "vitest";[39m
[90m [2m❯[22m TransformPluginContext._formatLog node_modules/vite/dist/node/chunks/config.js:[2m28998:43[22m[39m
[90m [2m❯[22m TransformPluginContext.error node_modules/vite/dist/node/chunks/config.js:[2m28995:14[22m[39m
[90m [2m❯[22m normalizeUrl node_modules/vite/dist/node/chunks/config.js:[2m27118:18[22m[39m
[90m [2m❯[22m node_modules/vite/dist/node/chunks/config.js:[2m27176:32[22m[39m
[90m [2m❯[22m TransformPluginContext.transform node_modules/vite/dist/node/chunks/config.js:[2m27144:4[22m[39m
[90m [2m❯[22m EnvironmentPluginContainer.transform node_modules/vite/dist/node/chunks/config.js:[2m28796:14[22m[39m
[90m [2m❯[22m loadAndTransform node_modules/vite/dist/node/chunks/config.js:[2m22669:26[22m[39m

[31m[2m⎯⎯⎯⎯⎯⎯⎯⎯⎯⎯⎯⎯⎯⎯⎯⎯⎯⎯⎯⎯⎯⎯⎯[5/59]⎯[22m[39m

[41m[1m FAIL [22m[49m src/hooks/budgeting/__tests__/useEnvelopes.test.tsx[2m [ src/hooks/budgeting/__tests__/useEnvelopes.test.tsx ][22m
[31m[1mError[22m: Failed to resolve import "../useEnvelopes" from "src/hooks/budgeting/__tests__/useEnvelopes.test.tsx". Does the file exist?[39m
  Plugin: [35mvite:import-analysis[39m
  File: [36m/Users/f4tdaddy/Git/violet-vault/src/hooks/budgeting/__tests__/useEnvelopes.test.tsx[39m:4:0
[33m  18 |  const __vi_import_1__ = await import("@testing-library/react");
  19 |  const __vi_import_2__ = await import("@tanstack/react-query");
  20 |  const __vi_import_3__ = await import("../useEnvelopes");
     |                                       ^
  21 |  const __vi_import_4__ = await import("@/db/budgetDb");
  22 |  [39m
[90m [2m❯[22m TransformPluginContext._formatLog node_modules/vite/dist/node/chunks/config.js:[2m28998:43[22m[39m
[90m [2m❯[22m TransformPluginContext.error node_modules/vite/dist/node/chunks/config.js:[2m28995:14[22m[39m
[90m [2m❯[22m normalizeUrl node_modules/vite/dist/node/chunks/config.js:[2m27118:18[22m[39m
[90m [2m❯[22m node_modules/vite/dist/node/chunks/config.js:[2m27176:32[22m[39m
[90m [2m❯[22m TransformPluginContext.transform node_modules/vite/dist/node/chunks/config.js:[2m27144:4[22m[39m
[90m [2m❯[22m EnvironmentPluginContainer.transform node_modules/vite/dist/node/chunks/config.js:[2m28796:14[22m[39m
[90m [2m❯[22m loadAndTransform node_modules/vite/dist/node/chunks/config.js:[2m22669:26[22m[39m

[31m[2m⎯⎯⎯⎯⎯⎯⎯⎯⎯⎯⎯⎯⎯⎯⎯⎯⎯⎯⎯⎯⎯⎯⎯[6/59]⎯[22m[39m

[41m[1m FAIL [22m[49m src/hooks/layout/__tests__/useLayoutData.test.ts[2m [ src/hooks/layout/__tests__/useLayoutData.test.ts ][22m
[31m[1mError[22m: Failed to resolve import "@/hooks/budgeting/bills/useBills" from "src/hooks/layout/__tests__/useLayoutData.test.ts". Does the file exist?[39m
  Plugin: [35mvite:import-analysis[39m
  File: [36m/Users/f4tdaddy/Git/violet-vault/src/hooks/layout/__tests__/useLayoutData.test.ts[39m:103:37
[33m  89 |      const budgetDataModule = await import("@/hooks/budgeting/useBudgetData");
  90 |      const budgetMetadataModule = await import("@/hooks/budgeting/useBudgetMetadata");
  91 |      const billsModule = await import("@/hooks/budgeting/bills/useBills");
     |                                       ^
  92 |      const envelopeCalcs = await import("@/utils/budgeting/envelopeCalculations");
  93 |      mockUseBudgetData = budgetDataModule.default;[39m
[90m [2m❯[22m TransformPluginContext._formatLog node_modules/vite/dist/node/chunks/config.js:[2m28998:43[22m[39m
[90m [2m❯[22m TransformPluginContext.error node_modules/vite/dist/node/chunks/config.js:[2m28995:14[22m[39m
[90m [2m❯[22m normalizeUrl node_modules/vite/dist/node/chunks/config.js:[2m27118:18[22m[39m
[90m [2m❯[22m node_modules/vite/dist/node/chunks/config.js:[2m27176:32[22m[39m
[90m [2m❯[22m TransformPluginContext.transform node_modules/vite/dist/node/chunks/config.js:[2m27144:4[22m[39m
[90m [2m❯[22m EnvironmentPluginContainer.transform node_modules/vite/dist/node/chunks/config.js:[2m28796:14[22m[39m
[90m [2m❯[22m loadAndTransform node_modules/vite/dist/node/chunks/config.js:[2m22669:26[22m[39m

[31m[2m⎯⎯⎯⎯⎯⎯⎯⎯⎯⎯⎯⎯⎯⎯⎯⎯⎯⎯⎯⎯⎯⎯⎯[7/59]⎯[22m[39m

[41m[1m FAIL [22m[49m src/hooks/layout/__tests__/usePaycheckOperations.test.ts[2m [ src/hooks/layout/__tests__/usePaycheckOperations.test.ts ][22m
[31m[1mError[22m: Failed to resolve import "../usePaycheckOperations" from "src/hooks/layout/__tests__/usePaycheckOperations.test.ts". Does the file exist?[39m
  Plugin: [35mvite:import-analysis[39m
  File: [36m/Users/f4tdaddy/Git/violet-vault/src/hooks/layout/__tests__/usePaycheckOperations.test.ts[39m:3:0
[33m  31 |  }));
  32 |  const __vi_import_0__ = await import("@testing-library/react");
  33 |  const __vi_import_1__ = await import("../usePaycheckOperations");
     |                                       ^
  34 |  
  35 |  import { describe, it, expect, vi, beforeEach } from "vitest";[39m
[90m [2m❯[22m TransformPluginContext._formatLog node_modules/vite/dist/node/chunks/config.js:[2m28998:43[22m[39m
[90m [2m❯[22m TransformPluginContext.error node_modules/vite/dist/node/chunks/config.js:[2m28995:14[22m[39m
[90m [2m❯[22m normalizeUrl node_modules/vite/dist/node/chunks/config.js:[2m27118:18[22m[39m
[90m [2m❯[22m node_modules/vite/dist/node/chunks/config.js:[2m27176:32[22m[39m
[90m [2m❯[22m TransformPluginContext.transform node_modules/vite/dist/node/chunks/config.js:[2m27144:4[22m[39m
[90m [2m❯[22m EnvironmentPluginContainer.transform node_modules/vite/dist/node/chunks/config.js:[2m28796:14[22m[39m
[90m [2m❯[22m loadAndTransform node_modules/vite/dist/node/chunks/config.js:[2m22669:26[22m[39m

[31m[2m⎯⎯⎯⎯⎯⎯⎯⎯⎯⎯⎯⎯⎯⎯⎯⎯⎯⎯⎯⎯⎯⎯⎯[8/59]⎯[22m[39m

[41m[1m FAIL [22m[49m src/hooks/platform/history/__tests__/useBudgetHistoryViewer.test.ts[2m [ src/hooks/platform/history/__tests__/useBudgetHistoryViewer.test.ts ][22m
[31m[1mError[22m: Failed to resolve import "../../../utils/common/logger" from "src/hooks/platform/history/__tests__/useBudgetHistoryViewer.test.ts". Does the file exist?[39m
  Plugin: [35mvite:import-analysis[39m
  File: [36m/Users/f4tdaddy/Git/violet-vault/src/hooks/platform/history/__tests__/useBudgetHistoryViewer.test.ts[39m:203:32
[33m  147 |    });
  148 |    it("should handle restore errors", async () => {
  149 |      const logger = await import("../../../utils/common/logger");
      |                                  ^
  150 |      mockConfirm.mockResolvedValue(true);
  151 |      mockPrompt.mockResolvedValue("validpassword");[39m
[90m [2m❯[22m TransformPluginContext._formatLog node_modules/vite/dist/node/chunks/config.js:[2m28998:43[22m[39m
[90m [2m❯[22m TransformPluginContext.error node_modules/vite/dist/node/chunks/config.js:[2m28995:14[22m[39m
[90m [2m❯[22m normalizeUrl node_modules/vite/dist/node/chunks/config.js:[2m27118:18[22m[39m
[90m [2m❯[22m node_modules/vite/dist/node/chunks/config.js:[2m27176:32[22m[39m
[90m [2m❯[22m TransformPluginContext.transform node_modules/vite/dist/node/chunks/config.js:[2m27144:4[22m[39m
[90m [2m❯[22m EnvironmentPluginContainer.transform node_modules/vite/dist/node/chunks/config.js:[2m28796:14[22m[39m
[90m [2m❯[22m loadAndTransform node_modules/vite/dist/node/chunks/config.js:[2m22669:26[22m[39m

[31m[2m⎯⎯⎯⎯⎯⎯⎯⎯⎯⎯⎯⎯⎯⎯⎯⎯⎯⎯⎯⎯⎯⎯⎯[9/59]⎯[22m[39m

[41m[1m FAIL [22m[49m src/hooks/platform/notifications/__tests__/useFirebaseMessaging.test.ts[2m [ src/hooks/platform/notifications/__tests__/useFirebaseMessaging.test.ts ][22m
[31m[1mError[22m: Failed to resolve import "../../../services/sync/firebaseMessaging" from "src/hooks/platform/notifications/__tests__/useFirebaseMessaging.test.ts". Does the file exist?[39m
  Plugin: [35mvite:import-analysis[39m
  File: [36m/Users/f4tdaddy/Git/violet-vault/src/hooks/platform/notifications/__tests__/useFirebaseMessaging.test.ts[39m:45:51
[33m  39 |    });
  40 |    it("should initialize on mount", async () => {
  41 |      const firebaseMessagingService = (await import("../../../services/sync/firebaseMessaging")).default;
     |                                                     ^
  42 |      const { result } = __vi_import_0__.renderHook(() => __vi_import_1__.useFirebaseMessaging());
  43 |      await __vi_import_0__.waitFor(() => {[39m
[90m [2m❯[22m TransformPluginContext._formatLog node_modules/vite/dist/node/chunks/config.js:[2m28998:43[22m[39m
[90m [2m❯[22m TransformPluginContext.error node_modules/vite/dist/node/chunks/config.js:[2m28995:14[22m[39m
[90m [2m❯[22m normalizeUrl node_modules/vite/dist/node/chunks/config.js:[2m27118:18[22m[39m
[90m [2m❯[22m node_modules/vite/dist/node/chunks/config.js:[2m27176:32[22m[39m
[90m [2m❯[22m TransformPluginContext.transform node_modules/vite/dist/node/chunks/config.js:[2m27144:4[22m[39m
[90m [2m❯[22m EnvironmentPluginContainer.transform node_modules/vite/dist/node/chunks/config.js:[2m28796:14[22m[39m
[90m [2m❯[22m loadAndTransform node_modules/vite/dist/node/chunks/config.js:[2m22669:26[22m[39m

[31m[2m⎯⎯⎯⎯⎯⎯⎯⎯⎯⎯⎯⎯⎯⎯⎯⎯⎯⎯⎯⎯⎯⎯[10/59]⎯[22m[39m

[41m[1m FAIL [22m[49m src/hooks/platform/sharing/__tests__/useBudgetJoining.test.ts[2m [ src/hooks/platform/sharing/__tests__/useBudgetJoining.test.ts ][22m
[31m[1mError[22m: Failed to resolve import "../../../utils/security/shareCodeUtils" from "src/hooks/platform/sharing/__tests__/useBudgetJoining.test.ts". Does the file exist?[39m
  Plugin: [35mvite:import-analysis[39m
  File: [36m/Users/f4tdaddy/Git/violet-vault/src/hooks/platform/sharing/__tests__/useBudgetJoining.test.ts[39m:173:44
[33m  138 |    });
  139 |    it("should generate budget ID with normalized share code", async () => {
  140 |      const { shareCodeUtils } = await import("../../../utils/security/shareCodeUtils");
      |                                              ^
  141 |      const { result } = __vi_import_0__.renderHook(() => __vi_import_1__.useBudgetJoining());
  142 |      const onJoinSuccess = vi.fn();[39m
[90m [2m❯[22m TransformPluginContext._formatLog node_modules/vite/dist/node/chunks/config.js:[2m28998:43[22m[39m
[90m [2m❯[22m TransformPluginContext.error node_modules/vite/dist/node/chunks/config.js:[2m28995:14[22m[39m
[90m [2m❯[22m normalizeUrl node_modules/vite/dist/node/chunks/config.js:[2m27118:18[22m[39m
[90m [2m❯[22m node_modules/vite/dist/node/chunks/config.js:[2m27176:32[22m[39m
[90m [2m❯[22m TransformPluginContext.transform node_modules/vite/dist/node/chunks/config.js:[2m27144:4[22m[39m
[90m [2m❯[22m EnvironmentPluginContainer.transform node_modules/vite/dist/node/chunks/config.js:[2m28796:14[22m[39m
[90m [2m❯[22m loadAndTransform node_modules/vite/dist/node/chunks/config.js:[2m22669:26[22m[39m

[31m[2m⎯⎯⎯⎯⎯⎯⎯⎯⎯⎯⎯⎯⎯⎯⎯⎯⎯⎯⎯⎯⎯⎯[11/59]⎯[22m[39m

[41m[1m FAIL [22m[49m src/hooks/platform/sharing/__tests__/useShareCodeValidation.test.ts[2m [ src/hooks/platform/sharing/__tests__/useShareCodeValidation.test.ts ][22m
[31m[1mError[22m: Failed to resolve import "../../../utils/security/shareCodeUtils" from "src/hooks/platform/sharing/__tests__/useShareCodeValidation.test.ts". Does the file exist?[39m
  Plugin: [35mvite:import-analysis[39m
  File: [36m/Users/f4tdaddy/Git/violet-vault/src/hooks/platform/sharing/__tests__/useShareCodeValidation.test.ts[39m:119:44
[33m  86 |    });
  87 |    it("should handle validation errors gracefully", async () => {
  88 |      const { shareCodeUtils } = await import("../../../utils/security/shareCodeUtils");
     |                                              ^
  89 |      vi.mocked(shareCodeUtils.validateShareCode).mockImplementationOnce(() => {
  90 |        throw new Error("Validation error");[39m
[90m [2m❯[22m TransformPluginContext._formatLog node_modules/vite/dist/node/chunks/config.js:[2m28998:43[22m[39m
[90m [2m❯[22m TransformPluginContext.error node_modules/vite/dist/node/chunks/config.js:[2m28995:14[22m[39m
[90m [2m❯[22m normalizeUrl node_modules/vite/dist/node/chunks/config.js:[2m27118:18[22m[39m
[90m [2m❯[22m node_modules/vite/dist/node/chunks/config.js:[2m27176:32[22m[39m
[90m [2m❯[22m TransformPluginContext.transform node_modules/vite/dist/node/chunks/config.js:[2m27144:4[22m[39m
[90m [2m❯[22m EnvironmentPluginContainer.transform node_modules/vite/dist/node/chunks/config.js:[2m28796:14[22m[39m
[90m [2m❯[22m loadAndTransform node_modules/vite/dist/node/chunks/config.js:[2m22669:26[22m[39m

[31m[2m⎯⎯⎯⎯⎯⎯⎯⎯⎯⎯⎯⎯⎯⎯⎯⎯⎯⎯⎯⎯⎯⎯[12/59]⎯[22m[39m

[41m[1m FAIL [22m[49m src/hooks/platform/security/__tests__/useSecuritySettingsLogic.test.ts[2m [ src/hooks/platform/security/__tests__/useSecuritySettingsLogic.test.ts ][22m
[31m[1mError[22m: Failed to resolve import "../../auth/useSecurityManager" from "src/hooks/platform/security/__tests__/useSecuritySettingsLogic.test.ts". Does the file exist?[39m
  Plugin: [35mvite:import-analysis[39m
  File: [36m/Users/f4tdaddy/Git/violet-vault/src/hooks/platform/security/__tests__/useSecuritySettingsLogic.test.ts[39m:4:0
[33m  23 |  const __vi_import_0__ = await import("@testing-library/react");
  24 |  const __vi_import_1__ = await import("../useSecuritySettingsLogic");
  25 |  const __vi_import_2__ = await import("../../auth/useSecurityManager");
     |                                       ^
  26 |  
  27 |  [39m
[90m [2m❯[22m TransformPluginContext._formatLog node_modules/vite/dist/node/chunks/config.js:[2m28998:43[22m[39m
[90m [2m❯[22m TransformPluginContext.error node_modules/vite/dist/node/chunks/config.js:[2m28995:14[22m[39m
[90m [2m❯[22m normalizeUrl node_modules/vite/dist/node/chunks/config.js:[2m27118:18[22m[39m
[90m [2m❯[22m node_modules/vite/dist/node/chunks/config.js:[2m27176:32[22m[39m
[90m [2m❯[22m TransformPluginContext.transform node_modules/vite/dist/node/chunks/config.js:[2m27144:4[22m[39m
[90m [2m❯[22m EnvironmentPluginContainer.transform node_modules/vite/dist/node/chunks/config.js:[2m28796:14[22m[39m
[90m [2m❯[22m loadAndTransform node_modules/vite/dist/node/chunks/config.js:[2m22669:26[22m[39m

[31m[2m⎯⎯⎯⎯⎯⎯⎯⎯⎯⎯⎯⎯⎯⎯⎯⎯⎯⎯⎯⎯⎯⎯[13/59]⎯[22m[39m

[41m[1m FAIL [22m[49m src/hooks/budgeting/envelopes/goals/useSavingsGoals/__tests__/savingsQueries.test.ts[2m [ src/hooks/budgeting/envelopes/goals/useSavingsGoals/__tests__/savingsQueries.test.ts ][22m
[31m[1mError[22m: Failed to resolve import "@/hooks/budgeting/envelopes/goalsQueries" from "src/hooks/budgeting/envelopes/goals/useSavingsGoals/__tests__/savingsQueries.test.ts". Does the file exist?[39m
  Plugin: [35mvite:import-analysis[39m
  File: [36m/Users/f4tdaddy/Git/violet-vault/src/hooks/budgeting/envelopes/goals/useSavingsGoals/__tests__/savingsQueries.test.ts[39m:7:0
[33m  31 |  }));
  32 |  const __vi_import_0__ = await import("@testing-library/react");
  33 |  const __vi_import_1__ = await import("@/hooks/budgeting/envelopes/goalsQueries");
     |                                       ^
  34 |  const __vi_import_2__ = await import("@/test/queryTestUtils");
  35 |  const __vi_import_3__ = await import("@/test/queryMocks");[39m
[90m [2m❯[22m TransformPluginContext._formatLog node_modules/vite/dist/node/chunks/config.js:[2m28998:43[22m[39m
[90m [2m❯[22m TransformPluginContext.error node_modules/vite/dist/node/chunks/config.js:[2m28995:14[22m[39m
[90m [2m❯[22m normalizeUrl node_modules/vite/dist/node/chunks/config.js:[2m27118:18[22m[39m
[90m [2m❯[22m node_modules/vite/dist/node/chunks/config.js:[2m27176:32[22m[39m
[90m [2m❯[22m TransformPluginContext.transform node_modules/vite/dist/node/chunks/config.js:[2m27144:4[22m[39m
[90m [2m❯[22m EnvironmentPluginContainer.transform node_modules/vite/dist/node/chunks/config.js:[2m28796:14[22m[39m
[90m [2m❯[22m loadAndTransform node_modules/vite/dist/node/chunks/config.js:[2m22669:26[22m[39m

[31m[2m⎯⎯⎯⎯⎯⎯⎯⎯⎯⎯⎯⎯⎯⎯⎯⎯⎯⎯⎯⎯⎯⎯[14/59]⎯[22m[39m


[31m⎯⎯⎯⎯⎯⎯[39m[1m[41m Failed Tests 45 [49m[22m[31m⎯⎯⎯⎯⎯⎯⎯[39m

[41m[1m FAIL [22m[49m src/components/analytics/__tests__/AnalyticsDashboard.test.tsx[2m > [22mAnalyticsDashboard[2m > [22mrenders header and summary content
[41m[1m FAIL [22m[49m src/components/analytics/__tests__/AnalyticsDashboard.test.tsx[2m > [22mAnalyticsDashboard[2m > [22mrenders analytics tabs
[41m[1m FAIL [22m[49m src/components/analytics/__tests__/AnalyticsDashboard.test.tsx[2m > [22mAnalyticsDashboard[2m > [22mshows loading state while analytics query resolves
[41m[1m FAIL [22m[49m src/components/analytics/__tests__/AnalyticsDashboard.test.tsx[2m > [22mAnalyticsDashboard[2m > [22mshows error feedback when analytics query fails
[31m[1mError[22m: No QueryClient set, use QueryClientProvider to set one[39m
[90m [2m❯[22m useQueryClient node_modules/@tanstack/react-query/build/modern/QueryClientProvider.js:[2m15:11[22m[39m
[36m [2m❯[22m useAnalytics src/hooks/platform/analytics/useAnalytics.ts:[2m21:23[22m[39m
    [90m 19| [39m */[39m
    [90m 20| [39m[35mconst[39m useAnalytics [33m=[39m (options[33m:[39m [33mAnalyticsOptions[39m [33m=[39m {}) [33m=>[39m {
    [90m 21| [39m  [35mconst[39m queryClient [33m=[39m [34museQueryClient[39m()[33m;[39m
    [90m   | [39m                      [31m^[39m
    [90m 22| [39m
    [90m 23| [39m  [90m// Extract individual analytics queries[39m
[90m [2m❯[22m AnalyticsDashboard src/components/analytics/AnalyticsDashboard.tsx:[2m111:26[22m[39m
[90m [2m❯[22m Object.react_stack_bottom_frame node_modules/react-dom/cjs/react-dom-client.development.js:[2m25904:20[22m[39m
[90m [2m❯[22m renderWithHooks node_modules/react-dom/cjs/react-dom-client.development.js:[2m7662:22[22m[39m
[90m [2m❯[22m updateFunctionComponent node_modules/react-dom/cjs/react-dom-client.development.js:[2m10166:19[22m[39m
[90m [2m❯[22m beginWork node_modules/react-dom/cjs/react-dom-client.development.js:[2m11778:18[22m[39m
[90m [2m❯[22m runWithFiberInDEV node_modules/react-dom/cjs/react-dom-client.development.js:[2m874:13[22m[39m
[90m [2m❯[22m performUnitOfWork node_modules/react-dom/cjs/react-dom-client.development.js:[2m17641:22[22m[39m
[90m [2m❯[22m workLoopSync node_modules/react-dom/cjs/react-dom-client.development.js:[2m17469:41[22m[39m

[31m[2m⎯⎯⎯⎯⎯⎯⎯⎯⎯⎯⎯⎯⎯⎯⎯⎯⎯⎯⎯⎯⎯⎯[15/59]⎯[22m[39m

[41m[1m FAIL [22m[49m src/components/layout/__tests__/MainLayout.test.tsx[2m > [22mMainLayout (Full Alias Standardization)[2m > [22mshould render main shell components successfully via aliased mocks
[41m[1m FAIL [22m[49m src/components/layout/__tests__/MainLayout.test.tsx[2m > [22mMainLayout (Full Alias Standardization)[2m > [22mshould show LockScreen when isUnlocked is false
[31m[1mError[22m: [vitest] No "default" export is defined on the "@/stores/ui/uiStore" mock. Did you forget to return it from "vi.mock"?
If you need to partially mock a module, you can use "importOriginal" helper inside:
[39m
vi.mock(import("@/stores/ui/uiStore"), async (importOriginal) => {
  const actual = await importOriginal()
  return {
    ...actual,
    // your mocked methods
  }
})

[36m [2m❯[22m useFirebaseSync src/hooks/platform/sync/useFirebaseSync.ts:[2m62:18[22m[39m
    [90m 60| [39m  currentUser[33m,[39m
    [90m 61| [39m}[33m:[39m [33mUseFirebaseSyncProps[39m)[33m:[39m [33mUseFirebaseSyncReturn[39m [33m=>[39m {
    [90m 62| [39m  const budget = useUiStore((state: UiStore & { budget?: BudgetOperati…
    [90m   | [39m                 [31m^[39m
    [90m 63| [39m  [35mconst[39m { showSuccessToast[33m,[39m showErrorToast } [33m=[39m [34museToastHelpers[39m()[33m;[39m
    [90m 64| [39m  [35mconst[39m [activeUsers[33m,[39m setActiveUsers] [33m=[39m useState[33m<[39m[33mUser[39m[][33m>[39m([])[33m;[39m
[90m [2m❯[22m MainContent src/components/layout/MainLayout.tsx:[2m286:32[22m[39m
[90m [2m❯[22m Object.react_stack_bottom_frame node_modules/react-dom/cjs/react-dom-client.development.js:[2m25904:20[22m[39m
[90m [2m❯[22m renderWithHooks node_modules/react-dom/cjs/react-dom-client.development.js:[2m7662:22[22m[39m
[90m [2m❯[22m updateFunctionComponent node_modules/react-dom/cjs/react-dom-client.development.js:[2m10166:19[22m[39m
[90m [2m❯[22m beginWork node_modules/react-dom/cjs/react-dom-client.development.js:[2m11778:18[22m[39m
[90m [2m❯[22m runWithFiberInDEV node_modules/react-dom/cjs/react-dom-client.development.js:[2m874:13[22m[39m
[90m [2m❯[22m performUnitOfWork node_modules/react-dom/cjs/react-dom-client.development.js:[2m17641:22[22m[39m

[31m[2m⎯⎯⎯⎯⎯⎯⎯⎯⎯⎯⎯⎯⎯⎯⎯⎯⎯⎯⎯⎯⎯⎯[16/59]⎯[22m[39m

[41m[1m FAIL [22m[49m src/components/settings/__tests__/SettingsDashboard.test.tsx[2m > [22mSettingsDashboard[2m > [22mRendering[2m > [22mshould render settings layout
[41m[1m FAIL [22m[49m src/components/settings/__tests__/SettingsDashboard.test.tsx[2m > [22mSettingsDashboard[2m > [22mRendering[2m > [22mshould render section tabs
[41m[1m FAIL [22m[49m src/components/settings/__tests__/SettingsDashboard.test.tsx[2m > [22mSettingsDashboard[2m > [22mRendering[2m > [22mshould render section content
[41m[1m FAIL [22m[49m src/components/settings/__tests__/SettingsDashboard.test.tsx[2m > [22mSettingsDashboard[2m > [22mSection Navigation[2m > [22mshould display all section tabs
[41m[1m FAIL [22m[49m src/components/settings/__tests__/SettingsDashboard.test.tsx[2m > [22mSettingsDashboard[2m > [22mSection Navigation[2m > [22mshould highlight active section
[41m[1m FAIL [22m[49m src/components/settings/__tests__/SettingsDashboard.test.tsx[2m > [22mSettingsDashboard[2m > [22mSection Navigation[2m > [22mshould switch sections on tab click
[41m[1m FAIL [22m[49m src/components/settings/__tests__/SettingsDashboard.test.tsx[2m > [22mSettingsDashboard[2m > [22mSettings Actions[2m > [22mshould handle export action
[41m[1m FAIL [22m[49m src/components/settings/__tests__/SettingsDashboard.test.tsx[2m > [22mSettingsDashboard[2m > [22mSettings Actions[2m > [22mshould handle import action
[41m[1m FAIL [22m[49m src/components/settings/__tests__/SettingsDashboard.test.tsx[2m > [22mSettingsDashboard[2m > [22mSettings Actions[2m > [22mshould handle logout action
[41m[1m FAIL [22m[49m src/components/settings/__tests__/SettingsDashboard.test.tsx[2m > [22mSettingsDashboard[2m > [22mModal Interactions[2m > [22mshould not show reset confirm modal by default
[41m[1m FAIL [22m[49m src/components/settings/__tests__/SettingsDashboard.test.tsx[2m > [22mSettingsDashboard[2m > [22mModal Interactions[2m > [22mshould not show security warning by default
[41m[1m FAIL [22m[49m src/components/settings/__tests__/SettingsDashboard.test.tsx[2m > [22mSettingsDashboard[2m > [22mUser Profile[2m > [22mshould handle user with name and color
[41m[1m FAIL [22m[49m src/components/settings/__tests__/SettingsDashboard.test.tsx[2m > [22mSettingsDashboard[2m > [22mUser Profile[2m > [22mshould handle missing user
[41m[1m FAIL [22m[49m src/components/settings/__tests__/SettingsDashboard.test.tsx[2m > [22mSettingsDashboard[2m > [22mLocal Only Mode[2m > [22mshould handle local only mode enabled
[41m[1m FAIL [22m[49m src/components/settings/__tests__/SettingsDashboard.test.tsx[2m > [22mSettingsDashboard[2m > [22mLocal Only Mode[2m > [22mshould handle local only mode disabled
[41m[1m FAIL [22m[49m src/components/settings/__tests__/SettingsDashboard.test.tsx[2m > [22mSettingsDashboard[2m > [22mSecurity Manager[2m > [22mshould accept security manager
[41m[1m FAIL [22m[49m src/components/settings/__tests__/SettingsDashboard.test.tsx[2m > [22mSettingsDashboard[2m > [22mSecurity Manager[2m > [22mshould handle missing security manager
[41m[1m FAIL [22m[49m src/components/settings/__tests__/SettingsDashboard.test.tsx[2m > [22mSettingsDashboard[2m > [22mInitial Section[2m > [22mshould open to general section by default
[41m[1m FAIL [22m[49m src/components/settings/__tests__/SettingsDashboard.test.tsx[2m > [22mSettingsDashboard[2m > [22mSync Integration[2m > [22mshould handle sync action
[41m[1m FAIL [22m[49m src/components/settings/__tests__/SettingsDashboard.test.tsx[2m > [22mSettingsDashboard[2m > [22mPassword Management[2m > [22mshould handle change password action
[41m[1m FAIL [22m[49m src/components/settings/__tests__/SettingsDashboard.test.tsx[2m > [22mSettingsDashboard[2m > [22mReset Encryption[2m > [22mshould handle reset encryption action
[41m[1m FAIL [22m[49m src/components/settings/__tests__/SettingsDashboard.test.tsx[2m > [22mSettingsDashboard[2m > [22mClose Behavior[2m > [22mshould handle close action
[31m[1mTypeError[22m: window.matchMedia is not a function[39m
[36m [2m❯[22m PWAManager.getInstallationStatus src/utils/pwa/pwaManager.ts:[2m226:33[22m[39m
    [90m224| [39m   */[39m
    [90m225| [39m  [34mgetInstallationStatus[39m() {
    [90m226| [39m    const isStandalone = window.matchMedia("(display-mode: standalone)…
    [90m   | [39m                                [31m^[39m
    [90m227| [39m    const isInstallable = !!this.uiStore?.getState().installPromptEven…
    [90m228| [39m    [35mconst[39m isIOS [33m=[39m [36m/iPad|iPhone|iPod/[39m[33m.[39m[34mtest[39m(navigator[33m.[39muserAgent)[33m;[39m
[90m [2m❯[22m updatePwaStatus src/components/settings/sections/GeneralSettingsSection.tsx:[2m26:33[22m[39m
[90m [2m❯[22m src/components/settings/sections/GeneralSettingsSection.tsx:[2m30:5[22m[39m
[90m [2m❯[22m Object.react_stack_bottom_frame node_modules/react-dom/cjs/react-dom-client.development.js:[2m25989:20[22m[39m
[90m [2m❯[22m runWithFiberInDEV node_modules/react-dom/cjs/react-dom-client.development.js:[2m874:13[22m[39m
[90m [2m❯[22m commitHookEffectListMount node_modules/react-dom/cjs/react-dom-client.development.js:[2m13249:29[22m[39m
[90m [2m❯[22m commitHookPassiveMountEffects node_modules/react-dom/cjs/react-dom-client.development.js:[2m13336:11[22m[39m
[90m [2m❯[22m commitPassiveMountOnFiber node_modules/react-dom/cjs/react-dom-client.development.js:[2m15484:13[22m[39m
[90m [2m❯[22m recursivelyTraversePassiveMountEffects node_modules/react-dom/cjs/react-dom-client.development.js:[2m15439:11[22m[39m
[90m [2m❯[22m commitPassiveMountOnFiber node_modules/react-dom/cjs/react-dom-client.development.js:[2m15718:11[22m[39m

[31m[2m⎯⎯⎯⎯⎯⎯⎯⎯⎯⎯⎯⎯⎯⎯⎯⎯⎯⎯⎯⎯⎯⎯[17/59]⎯[22m[39m

[41m[1m FAIL [22m[49m src/components/savings/__tests__/SavingsGoals.test.tsx[2m > [22mSavingsGoals[2m > [22mUser Interactions[2m > [22mshould call openAddForm when Add Goal button is clicked
[31m[1mTypeError[22m: useSavingsGoalsActions.mockReturnValue is not a function[39m
[36m [2m❯[22m src/components/savings/__tests__/SavingsGoals.test.tsx:[2m164:30[22m[39m
    [90m162| [39m      [35mconst[39m mockOpenAddForm [33m=[39m vi[33m.[39m[34mfn[39m()[33m;[39m
    [90m163| [39m
    [90m164| [39m      useSavingsGoalsActions[33m.[39m[34mmockReturnValue[39m({
    [90m   | [39m                             [31m^[39m
    [90m165| [39m        showDistributeModal[33m:[39m [35mfalse[39m[33m,[39m
    [90m166| [39m        editingGoal[33m:[39m [35mnull[39m[33m,[39m

[31m[2m⎯⎯⎯⎯⎯⎯⎯⎯⎯⎯⎯⎯⎯⎯⎯⎯⎯⎯⎯⎯⎯⎯[18/59]⎯[22m[39m

[41m[1m FAIL [22m[49m src/components/savings/__tests__/SavingsGoals.test.tsx[2m > [22mSavingsGoals[2m > [22mUser Interactions[2m > [22mshould call openDistributeModal when Distribute Cash button is clicked
[31m[1mTypeError[22m: useSavingsGoalsActions.mockReturnValue is not a function[39m
[36m [2m❯[22m src/components/savings/__tests__/SavingsGoals.test.tsx:[2m188:30[22m[39m
    [90m186| [39m      [35mconst[39m mockOpenDistributeModal [33m=[39m vi[33m.[39m[34mfn[39m()[33m;[39m
    [90m187| [39m
    [90m188| [39m      useSavingsGoalsActions[33m.[39m[34mmockReturnValue[39m({
    [90m   | [39m                             [31m^[39m
    [90m189| [39m        showDistributeModal[33m:[39m [35mfalse[39m[33m,[39m
    [90m190| [39m        editingGoal[33m:[39m [35mnull[39m[33m,[39m

[31m[2m⎯⎯⎯⎯⎯⎯⎯⎯⎯⎯⎯⎯⎯⎯⎯⎯⎯⎯⎯⎯⎯⎯[19/59]⎯[22m[39m

[41m[1m FAIL [22m[49m src/components/savings/__tests__/SavingsGoals.test.tsx[2m > [22mSavingsGoals[2m > [22mModal States[2m > [22mshould show AddEditModal when isAddEditModalOpen is true
[31m[1mTypeError[22m: useSavingsGoalsActions.mockReturnValue is not a function[39m
[36m [2m❯[22m src/components/savings/__tests__/SavingsGoals.test.tsx:[2m214:30[22m[39m
    [90m212| [39m  [34mdescribe[39m([32m"Modal States"[39m[33m,[39m () [33m=>[39m {
    [90m213| [39m    it("should show AddEditModal when isAddEditModalOpen is true", asy…
    [90m214| [39m      useSavingsGoalsActions[33m.[39m[34mmockReturnValue[39m({
    [90m   | [39m                             [31m^[39m
    [90m215| [39m        showDistributeModal[33m:[39m [35mfalse[39m[33m,[39m
    [90m216| [39m        editingGoal[33m:[39m [35mnull[39m[33m,[39m

[31m[2m⎯⎯⎯⎯⎯⎯⎯⎯⎯⎯⎯⎯⎯⎯⎯⎯⎯⎯⎯⎯⎯⎯[20/59]⎯[22m[39m

[41m[1m FAIL [22m[49m src/components/savings/__tests__/SavingsGoals.test.tsx[2m > [22mSavingsGoals[2m > [22mModal States[2m > [22mshould show DistributeModal when showDistributeModal is true
[31m[1mTypeError[22m: useSavingsGoalsActions.mockReturnValue is not a function[39m
[36m [2m❯[22m src/components/savings/__tests__/SavingsGoals.test.tsx:[2m233:30[22m[39m
    [90m231| [39m
    [90m232| [39m    it("should show DistributeModal when showDistributeModal is true",…
    [90m233| [39m      useSavingsGoalsActions[33m.[39m[34mmockReturnValue[39m({
    [90m   | [39m                             [31m^[39m
    [90m234| [39m        showDistributeModal[33m:[39m [35mtrue[39m[33m,[39m
    [90m235| [39m        editingGoal[33m:[39m [35mnull[39m[33m,[39m

[31m[2m⎯⎯⎯⎯⎯⎯⎯⎯⎯⎯⎯⎯⎯⎯⎯⎯⎯⎯⎯⎯⎯⎯[21/59]⎯[22m[39m

[41m[1m FAIL [22m[49m src/components/savings/__tests__/SavingsGoals.test.tsx[2m > [22mSavingsGoals[2m > [22mProps Passing[2m > [22mshould pass correct props to useSavingsGoalsActions hook
[31m[1mTypeError[22m: [Function useSavingsGoalsActions] is not a spy or a call to a spy![39m
[36m [2m❯[22m src/components/savings/__tests__/SavingsGoals.test.tsx:[2m270:38[22m[39m
    [90m268| [39m      [34mrender[39m([33m<[39m[33mSavingsGoals[39m [33m{[39m[33m...[39mdefaultProps[33m}[39m [33m/[39m[33m>[39m)[33m;[39m
    [90m269| [39m
    [90m270| [39m      [34mexpect[39m(useSavingsGoalsActions)[33m.[39m[34mtoHaveBeenCalledWith[39m({
    [90m   | [39m                                     [31m^[39m
    [90m271| [39m        onAddGoal[33m:[39m mockOnAddGoal[33m,[39m
    [90m272| [39m        onUpdateGoal[33m:[39m mockOnUpdateGoal[33m,[39m

[31m[2m⎯⎯⎯⎯⎯⎯⎯⎯⎯⎯⎯⎯⎯⎯⎯⎯⎯⎯⎯⎯⎯⎯[22/59]⎯[22m[39m

[41m[1m FAIL [22m[49m src/hooks/budgeting/transactions/__tests__/useTransactionBalanceUpdater.test.ts[2m > [22museTransactionBalanceUpdater[2m > [22mshould initialize with correct function
[31m[1mTypeError[22m: __vite_ssr_import_0__.vi.mocked(...).mockResolvedValue is not a function[39m
[36m [2m❯[22m src/hooks/budgeting/transactions/__tests__/useTransactionBalanceUpdater.test.ts:[2m28:43[22m[39m
    [90m 26| [39m  [34mbeforeEach[39m(() [33m=>[39m {
    [90m 27| [39m    vi[33m.[39m[34mclearAllMocks[39m()[33m;[39m
    [90m 28| [39m    vi[33m.[39m[34mmocked[39m(budgetDb[33m.[39mgetBudgetMetadata)[33m.[39m[34mmockResolvedValue[39m({
    [90m   | [39m                                          [31m^[39m
    [90m 29| [39m      id[33m:[39m [32m"test-budget"[39m[33m,[39m
    [90m 30| [39m      lastModified[33m:[39m [33mDate[39m[33m.[39m[34mnow[39m()[33m,[39m

[31m[2m⎯⎯⎯⎯⎯⎯⎯⎯⎯⎯⎯⎯⎯⎯⎯⎯⎯⎯⎯⎯⎯⎯[23/59]⎯[22m[39m

[41m[1m FAIL [22m[49m src/hooks/budgeting/transactions/__tests__/useTransactionBalanceUpdater.test.ts[2m > [22museTransactionBalanceUpdater[2m > [22mupdateBalancesForTransaction[2m > [22mshould successfully update balance for income transaction to unassigned
[41m[1m FAIL [22m[49m src/hooks/budgeting/transactions/__tests__/useTransactionBalanceUpdater.test.ts[2m > [22museTransactionBalanceUpdater[2m > [22mupdateBalancesForTransaction[2m > [22mshould successfully update balance for expense transaction to unassigned
[41m[1m FAIL [22m[49m src/hooks/budgeting/transactions/__tests__/useTransactionBalanceUpdater.test.ts[2m > [22museTransactionBalanceUpdater[2m > [22mupdateBalancesForTransaction[2m > [22mshould successfully update balance for transaction to envelope
[41m[1m FAIL [22m[49m src/hooks/budgeting/transactions/__tests__/useTransactionBalanceUpdater.test.ts[2m > [22museTransactionBalanceUpdater[2m > [22mupdateBalancesForTransaction[2m > [22mshould handle removing transaction with isRemoving=true
[41m[1m FAIL [22m[49m src/hooks/budgeting/transactions/__tests__/useTransactionBalanceUpdater.test.ts[2m > [22museTransactionBalanceUpdater[2m > [22mupdateBalancesForTransaction[2m > [22mshould handle transaction without envelopeId
[31m[1mTypeError[22m: __vite_ssr_import_0__.vi.mocked(...).mockResolvedValue is not a function[39m
[36m [2m❯[22m src/hooks/budgeting/transactions/__tests__/useTransactionBalanceUpdater.test.ts:[2m28:43[22m[39m
    [90m 26| [39m  [34mbeforeEach[39m(() [33m=>[39m {
    [90m 27| [39m    vi[33m.[39m[34mclearAllMocks[39m()[33m;[39m
    [90m 28| [39m    vi[33m.[39m[34mmocked[39m(budgetDb[33m.[39mgetBudgetMetadata)[33m.[39m[34mmockResolvedValue[39m({
    [90m   | [39m                                          [31m^[39m
    [90m 29| [39m      id[33m:[39m [32m"test-budget"[39m[33m,[39m
    [90m 30| [39m      lastModified[33m:[39m [33mDate[39m[33m.[39m[34mnow[39m()[33m,[39m

[31m[2m⎯⎯⎯⎯⎯⎯⎯⎯⎯⎯⎯⎯⎯⎯⎯⎯⎯⎯⎯⎯⎯⎯[24/59]⎯[22m[39m

[41m[1m FAIL [22m[49m src/hooks/platform/sharing/__tests__/useQRCodeProcessing.test.ts[2m > [22museQRCodeProcessing[2m > [22mshould process valid QR data with share code
[31m[1mAssertionError[22m: expected false to be true // Object.is equality[39m

[32m- Expected[39m
[31m+ Received[39m

[32m- true[39m
[31m+ false[39m

[36m [2m❯[22m src/hooks/platform/sharing/__tests__/useQRCodeProcessing.test.ts:[2m61:21[22m[39m
    [90m 59| [39m    )[33m;[39m
    [90m 60| [39m
    [90m 61| [39m    [34mexpect[39m(success)[33m.[39m[34mtoBe[39m([35mtrue[39m)[33m;[39m
    [90m   | [39m                    [31m^[39m
    [90m 62| [39m    [34mexpect[39m(setShareCode)[33m.[39m[34mtoHaveBeenCalledWith[39m([32m"test-code-123"[39m)[33m;[39m
    [90m 63| [39m    [34mexpect[39m(validateShareCode)[33m.[39m[34mtoHaveBeenCalledWith[39m([32m"test-code-123"[39m)[33m;[39m

[31m[2m⎯⎯⎯⎯⎯⎯⎯⎯⎯⎯⎯⎯⎯⎯⎯⎯⎯⎯⎯⎯⎯⎯[25/59]⎯[22m[39m

[41m[1m FAIL [22m[49m src/hooks/platform/sharing/__tests__/useQRCodeProcessing.test.ts[2m > [22museQRCodeProcessing[2m > [22mshould set creator info when available in QR data
[31m[1mAssertionError[22m: expected "vi.fn()" to be called with arguments: [ ObjectContaining{…} ][90m

Number of calls: [1m0[22m
[31m[39m
[36m [2m❯[22m src/hooks/platform/sharing/__tests__/useQRCodeProcessing.test.ts:[2m82:28[22m[39m
    [90m 80| [39m    result.current.processQRData(qrData, setShareCode, setCreatorInfo,…
    [90m 81| [39m
    [90m 82| [39m    [34mexpect[39m(setCreatorInfo)[33m.[39m[34mtoHaveBeenCalledWith[39m(
    [90m   | [39m                           [31m^[39m
    [90m 83| [39m      expect[33m.[39m[34mobjectContaining[39m({
    [90m 84| [39m        userName[33m:[39m [32m"John Doe"[39m[33m,[39m

[31m[2m⎯⎯⎯⎯⎯⎯⎯⎯⎯⎯⎯⎯⎯⎯⎯⎯⎯⎯⎯⎯⎯⎯[26/59]⎯[22m[39m

[41m[1m FAIL [22m[49m src/hooks/platform/sharing/__tests__/useQRCodeProcessing.test.ts[2m > [22museQRCodeProcessing[2m > [22mshould use default color when creator color not provided
[31m[1mAssertionError[22m: expected "vi.fn()" to be called with arguments: [ ObjectContaining{…} ][90m

Number of calls: [1m0[22m
[31m[39m
[36m [2m❯[22m src/hooks/platform/sharing/__tests__/useQRCodeProcessing.test.ts:[2m104:28[22m[39m
    [90m102| [39m    result.current.processQRData(qrData, setShareCode, setCreatorInfo,…
    [90m103| [39m
    [90m104| [39m    [34mexpect[39m(setCreatorInfo)[33m.[39m[34mtoHaveBeenCalledWith[39m(
    [90m   | [39m                           [31m^[39m
    [90m105| [39m      expect[33m.[39m[34mobjectContaining[39m({
    [90m106| [39m        userColor[33m:[39m [32m"#a855f7"[39m[33m,[39m

[31m[2m⎯⎯⎯⎯⎯⎯⎯⎯⎯⎯⎯⎯⎯⎯⎯⎯⎯⎯⎯⎯⎯⎯[27/59]⎯[22m[39m

[41m[1m FAIL [22m[49m src/hooks/platform/sync/__tests__/useSyncHealthMonitor.test.ts[2m > [22museSyncHealthMonitor[2m > [22mshould restart interval when autoRefresh changes
[31m[1mAssertionError[22m: expected "vi.fn()" to be called 2 times, but got 1 times[39m
[36m [2m❯[22m src/hooks/platform/sync/__tests__/useSyncHealthMonitor.test.ts:[2m165:33[22m[39m
    [90m163| [39m    [34mrerender[39m({ autoRefresh[33m:[39m [35mtrue[39m[33m,[39m interval[33m:[39m [34m5000[39m })[33m;[39m
    [90m164| [39m
    [90m165| [39m    expect(mockGetHealthStatus).toHaveBeenCalledTimes(2); // Re-initia…
    [90m   | [39m                                [31m^[39m
    [90m166| [39m
    [90m167| [39m    [34mact[39m(() [33m=>[39m {

[31m[2m⎯⎯⎯⎯⎯⎯⎯⎯⎯⎯⎯⎯⎯⎯⎯⎯⎯⎯⎯⎯⎯⎯[28/59]⎯[22m[39m

[41m[1m FAIL [22m[49m src/hooks/platform/sync/__tests__/useSyncHealthMonitor.test.ts[2m > [22museSyncHealthMonitor[2m > [22mshould restart interval when interval changes
[31m[1mAssertionError[22m: expected "vi.fn()" to be called 3 times, but got 2 times[39m
[36m [2m❯[22m src/hooks/platform/sync/__tests__/useSyncHealthMonitor.test.ts:[2m190:33[22m[39m
    [90m188| [39m    [34mrerender[39m({ interval[33m:[39m [34m2000[39m })[33m;[39m
    [90m189| [39m
    [90m190| [39m    expect(mockGetHealthStatus).toHaveBeenCalledTimes(3); // Re-initia…
    [90m   | [39m                                [31m^[39m
    [90m191| [39m
    [90m192| [39m    [34mact[39m(() [33m=>[39m {

[31m[2m⎯⎯⎯⎯⎯⎯⎯⎯⎯⎯⎯⎯⎯⎯⎯⎯⎯⎯⎯⎯⎯⎯[29/59]⎯[22m[39m

[41m[1m FAIL [22m[49m src/hooks/platform/settings/__tests__/useTransactionArchiving.test.ts[2m > [22museTransactionArchivingUI[2m > [22mshould handle preview generation
[31m[1mAssertionError[22m: expected +0 to be 2 // Object.is equality[39m

[32m- Expected[39m
[31m+ Received[39m

[32m- 2[39m
[31m+ 0[39m

[36m [2m❯[22m src/hooks/platform/settings/__tests__/useTransactionArchiving.test.ts:[2m124:51[22m[39m
    [90m122| [39m    [34mexpect[39m(result[33m.[39mcurrent[33m.[39mshowPreview)[33m.[39m[34mtoBe[39m([35mtrue[39m)[33m;[39m
    [90m123| [39m    [34mexpect[39m(result[33m.[39mcurrent[33m.[39mpreviewData)[33m.[39m[34mtoBeDefined[39m()[33m;[39m
    [90m124| [39m    [34mexpect[39m(result[33m.[39mcurrent[33m.[39mpreviewData[33m.[39mtotalCount)[33m.[39m[34mtoBe[39m([34m2[39m)[33m;[39m
    [90m   | [39m                                                  [31m^[39m
    [90m125| [39m    expect(result.current.previewData.categories).toHaveProperty("Food…
    [90m126| [39m    expect(result.current.previewData.categories).toHaveProperty("Ente…

[31m[2m⎯⎯⎯⎯⎯⎯⎯⎯⎯⎯⎯⎯⎯⎯⎯⎯⎯⎯⎯⎯⎯⎯[30/59]⎯[22m[39m


[2m Test Files [22m [1m[31m22 failed[39m[22m[2m | [22m[1m[32m163 passed[39m[22m[90m (185)[39m
[2m      Tests [22m [1m[31m45 failed[39m[22m[2m | [22m[1m[32m3186 passed[39m[22m[2m | [22m[33m11 skipped[39m[90m (3242)[39m
[2m   Start at [22m 17:00:00
[2m   Duration [22m 80.75s[2m (transform 40.83s, setup 44.90s, import 123.33s, tests 65.33s, environment 229.66s)[22m

